[   0.0000] nitializin croup subsys cpuset
[   0.000000] Initializing cgroup subsy cu
[   000000]Intiaizngcgroup subsys cpuacct
[    0.000000] Linux version 4.4.0-112-generic (buildd@lgw01-amd64-010) (gcc version 5.4.0 20160609 (Ubuntu .40-6ubuntu1~16.04.5) ) #135-Ubuntu SMP Fri Jan 19 11:48:36 UTC 2018 (Ubuntu 4.4.0-112.135-generic 4.4.98)
[    0.000000] Command in: OOT_IMGE/bot/vmlinuz-4.4.0-112-generic root=LABEL=cloudimg-rootfs ro console=tty1 console=ttyS0
[    0.000000] KERNEL supported cpus:
[    0.000000]   Intel GenuineIntel
[    0.000000]   AMD AuthenticAMD
[   .00000]  Ctaur CntrHaus[    00000] x8/fu:Legacy x87 FPU detected.
[    0.000000] x86/fpu: Using 'lazy' FPU context switches.
[    0.000000] e820: BIOS-provided phyic RAM map:
[   0.000000] BIOS-e820: [mem 0x000000000000000-x000000009fbff uabe
[   .000000 BOS-e820: me 0000000000009fc00-0x0000000009ffff] reserved
[    0.000000] BIOS-e820: [mem 0x00000000000f0000-0x00000000000fffff] reserved
[    0.000000] BIOS-e820: [mem 0x0000000000100000-0x000000003ffeffff] usable
[    0.00000] IO-e820: [mem 0x000000003fff0000-0x000000003fffffff] ACPI data
[    0.000000] BIOS-e820: [mem 0x00000000fec00000-0x00000000fec00fff] reserved
[    0.000000] BIOS-e820: [mem 0x00000000fee00000-0x00000000fee00fff] reserved
[    0.000000] BIOS-e820: [mem 0x00000000fffc0000-0x00000000ffffffff] reserved
[    0.000000] NX (Execute Disable) protection: active
[    0.000000] SMBIOS 2.5 present.
[    0.000000] Hypervisor detected: KVM
[    0.000000] e820: last_pfn = 0x3f0 max_arc_pn = 0x000000
   0000000] MTR:isable
   0.00000]86/PT:MTRs disabled, skipping PAT initialization too.
[    0.000000] CPU MTRRs all blank - vitulized sstm.
[    00000] x86/PAT: Configuraio [-7]: WB  WT U- C  WB  WT  UC- UC  
[    0.000000] found SMP MP-table at [mem 0x0009fff0-0x0009ffff] mapped at [ffff88000009fff0]
[    0.000000] Scanning 1 areas for low memory corruption
[    0.000000] RAMDISK: [mem 0x36adc000-0x37565fff]
[    0.000000] ACPI: Early table checksum verification disabled
[    0.000000] ACPI: RSDP 0x00000000000E0000 000024 (v02 VBOX  )
[    0.000000] ACPI: XSDT 0x000000003FFF0030 00003C (v01 VBOX   VBOXXSDT 00000001 ASL  00000061)
[    0.000000] ACPI: FACP 0x000000003FFF00F0 0000F4 (v04 VBOX   VBOXFACP 000001 SL0000061
    0.0000] CPI: DSDT 0x000000003FFF0470 0021FF (v02 VBOX   VBOXBIOS 00000002 INTL 20100528)
[    0.000000] ACPI: FACS 0x000000003FF020 000040
[   .000000] ACPI: FACS 0x000000003FFF0200 000040
[    0.000000] ACPI: APIC 0x000000003FFF0240 00005C (v02 VBOX   VBOXAPIC 00000001 ASL  00000061)
[    0.000000] ACPI: SSDT 0x000000003FFF02A0 0001CC (v01 VOX   VBOXCPUT 00000002 INTL 20100528)
[    0.000000] No NUMA configuration found
[    0.000000] Faking a node at [mem 0x0000000000000000-0x000000003ffeffff]
[    0.000000] NODE_DATA(0) allocated [mem 0x3ffeb0000x3ffeffff]
[    0.000000] kvm-clock: Using msrs 4b564d01 and 4b564d00
[    0.000000] kvm-clock: cpu 0, msr 0:3ffe3001, primary cpu clock
[    0.000000] kvm-clock: using sched offset of 4456496064 cycles
[    0.000000] clocksource: kvm-clock: mask: 0xffffffffffffffff max_cycles: 0x1cd42e4dffb, max_idle_ns: 881590591483 ns
[    0.000000] Zone ranges:
[    0.000000]   DMA      [mem 0x0000000000001000-0x0000000000ffffff]
[    0.000000]   DMA32    [mem 0x0000000001000000-0x000000003ffeffff]
[    0.000000]   Normal   empty
[    0.000000]   Device   empty
[    0.000000] Movable zone start for each node
[    0.000000] Early memory node ranges
[    0.000000]   node   0: [mem 0x0000000000001000-0x000000000009efff]
[    0.000000]   node  0:[mem 000000000000000-0x000000003ffeffff]
[    0.000000] Initmem setu nde 0[m 0x0000000000001000-0x000000003ffeffff]
[    0.000000] ACPI: PM-Timer IO Port: 0x4008
[    0.000000] IOAPIC[0]: apic_id 2, version 32, address 0xfec00000, GSI 0-23
[    0.000000] ACPI: INT_SRC_OVR (bus 0 bus_irq 0 global_irq 2 dfl dfl)
[    0.000000] ACPI: INT_SRC_OVR (bus 0 bus_irq 9 global_irq 9 low level)
[    0.000000] Using ACPI (MADT) for SMP configuration information
[    000000 spbot: Alowg 2 CPUs, 0 hotplug CPUs
[    0.0000000] PM: Registered nosave memory: [mem 0x00000000-0x00000fff]
[    0.000000] PM: Registered nosave memory: [mem 0x0009f000-0x0009ffff]
[    0.000000] PM: Registered nosave memory: [mem 0x00a00-0x00efff]
[    0.000000] PM: Registered nosave memory: [mem 0x000f0000-0x000fffff]
[    0.000000] e820: [mem 0x40000000-0xfebfffff] available for PCI devices
[    0.000000] Booting paravirtualized kernel on KVM
[    0.000000] clocksource: refined-jiffies: mask: 0xffffffff max_cycles: 0xffffffff, max_idle_ns: 7645519600211568 ns
[    0.000000] setup_percpu: NR_CPUS:512 nr_cpumask_bits:512 nr_cpu_ids:2 nr_node_ids:1
[    0.000000] PERCPU: Embedded 34 pages/cpu @ffff88003fc00000 s99544 r8192 d31528 u1048576
[    0.000000] PV qspinlock hash table entries: 256 (order: 0, 4096 bytes)
[    0.000000] Built 1 zonelists in Node order, mobility grouping on.  Total pages: 257913
[    0.000000] Policy zone: DMA32
[    0.000000] Kernel command line: BOOT_IMAGE=/boot/vmlinuz-4.4.0-112-generic root=LABEL=cloudimg-rootfs ro console=tty1 console=ttyS0
[    0.000000] PID hash table entries: 4096 (order: 3, 32768 bytes)
[    0.0000] Memory: 1001740K/1048120K available (8499K kene cde, 1309K rwdata, 3988K rodata, 1508K ini, 31K bs, 630K resered 0 cma-reserved)
[    0.000000] SLUB: HWalign=64, Order=0-3, MinObjects=0, CPUs=2, Nodes=1
[    0.000000] Kernel/User page tables isolation: enabled
[    0.000000] Hierarchical RCU implementation
   0.000000] 	Build-time adjustment of leaf fanout to 64.
[    0.000000] 	RCU restricting CPUs from NR_CPUS=512 to nr_cpu_ids=2.
[    0.000000] RCU: Adjusting geometry for rcu_fanout_leaf=64, nr_cpu_ids=2
[    0.000000] NR_IRQS:33024 nr_irqs:440 16
[    0.000000] Console: colour VGA+ 80x25
[    0.000000] console [tty1] enabled
[    0.000000] console [ttyS0] enabled
[   .000000] tsc: Detected 2526.998 MHz processor
[    3.456717] Calibrating delay loop (skipped) preset value.. 5053.99 BogoMIPS (lpj=10107992)
[    3.461327] pid_max: default: 32768 minimum: 301
[    3.462625] ACPI: Core revision 20150930
[    3.465147] ACPI: 2 ACPI AML tables successfully acquired and loaded
[    3.467043] Security Framework initialized
[    3.468219] Yama: becoming mindful.
[    3.469359] AppArmor: AppArmor initialized
[    3.471912] Dentry cache hash table entries: 131072 (order: 8, 1048576 bytes)
[    3.484839] Inode-cache hash table entries: 65536 (order: 7, 524288 bytes)
[    3.494508] Mount-cache hash table entries: 2048 (order: 2, 16384 bytes)
[    3.498854] Mountpoint-cache hash table entries: 2048 (order: 2, 16384 bytes)
[    3.502994] Initializing cgroup subsys io
[    3.504803] Initializing cgroup subsys memory
[    3.510698] Initializing cgroup subsys devices
[    3.512282] Initializing cgroup subsys freezer
[    3.514343] Initializing cgroup subsys net_cls
[    3.516322] Initializing cgroup subsys perf_event
[    3.521829] Initializing cgroup subsys net_prio
[    3.527859] Initializing cgroup subsys hugetlb
[    3.534678] Initializing cgroup subsys pids
[    3.544123] CPU: Physical Processor ID: 0
[    3.545937] CPU: Processor Core ID: 0
[    3.550716] FEATURE SPEC_CTRL Not Present
[    3.552497] mce: CPU supports 0 MCE banks
[    3.554556] Last level iTLB entries: 4KB 512, 2MB 7, 4MB 7
[    3.562697] Last level dTLB entries: 4KB 512, 2MB 32, 4MB 32, 1GB 0
[    3.568175] Freeing SMP alternatives memory: 32K
[    3.584787] ftrace: allocating 32180 entries in 126 pages
[    3.654445] smpboot: APIC(0) Converting physical 0 to logical package 0
[    3.671379] smpboot: Max logical packages: 1
[    3.672962] x2apic enabled
[    3.674216] Switched APIC routing to physical x2apic.
[    3.677545] ..TIMER: vector=0x30 apic1=0 pin1=2 apic2=-1 pin2=-1
[    3.857281] smpboot: CPU0: Intel(R) Core(TM) i3 CPU       M 380  @ 2.53GHz (family: 0x6, model: 0x25, stepping: 0x5)
[    3.899211] Performance Events: unsupported p6 CPU model 37 no PMU driver, software events only.
[    3.901843] KVM setup paravirtual spinlock
[    3.904004] x86: Booting SMP configuration:
[    3.915738] .... node  #0, CPUs:      #1
[    3.926670] kvm-clock: cpu 1, msr 0:3ffe3041, secondary cpu clock
[    3.928445] mce: CPU supports 0 MCE banks
[    3.931546] x86: Booted up 1 node, 2 CPUs
[    3.957974] smpboot: Total of 2 processors activated (10107.99 BogoMIPS)
[    3.961027] devtmpfs: initialized
[    3.969936] evm: security.selinux
[    3.997309] evm: security.SMACK64
[    4.009006] evm: security.SMACK64EXEC
[    4.010108] evm: security.SMACK64TRANSMUTE
[    4.011277] evm: security.SMACK64MMAP
[    4.012407] evm: security.ima
[    4.013339] evm: security.capability
[    4.014749] clocksource: jiffies: mask: 0xffffffff max_cycles: 0xffffffff, max_idle_ns: 7645041785100000 ns
[    4.027410] futex hash table entries: 512 (order: 3, 32768 bytes)
[    4.031095] pinctrl core: initialized pinctrl subsystem
[    4.036231] RTC time:  3:48:08, date: 02/21/18
[    4.037692] NET: Registered protocol family 16
[    4.050422] cpuidle: using governor ladder
[    4.069960] cpuidle: using governor menu
[    4.071148] PCCT header not found.
[    4.078361] ACPI: bus type PCI registered
[    4.097538] acpiphp: ACPI Hot Plug PCI Controller Driver version: 0.5
[    4.105869] PCI: Using configuration type 1 for base access
[    4.119867] ACPI: Added _OSI(Module Device)
[    4.127625] ACPI: Added _OSI(Processor Device)
[    4.128887] ACPI: Added _OSI(3.0 _SCP Extensions)
[    4.132866] ACPI: Added _OSI(Processor Aggregator Device)
[    4.140000] ACPI: Executed 1 blocks of module-level executable AML code
[    4.145461] ACPI: Interpreter enabled
[    4.148996] ACPI: (supports S0 S5)
[    4.150045] ACPI: Using IOAPIC for interrupt routing
[    4.151598] PCI: Using host bridge windows from ACPI; if necessary, use "pci=nocrs" and report a bug
[    4.159590] ACPI: PCI Root Bridge [PCI0] (domain 0000 [bus 00-ff])
[    4.184777] acpi PNP0A03:00: _OSC: OS supports [ASPM ClockPM Segments MSI]
[    4.186564] acpi PNP0A03:00: _OSC: not requesting OS control; OS requires [ExtendedConfig ASPM ClockPM MSI]
[    4.199580] acpi PNP0A03:00: fail to add MMCONFIG information, can't access extended PCI configuration space under this bridge.
[    4.204082] PCI host bridge to bus 0000:00
[    4.214454] pci_bus 0000:00: root bus resource [io  0x0000-0x0cf7 window]
[    4.223113] pci_bus 0000:00: root bus resource [io  0x0d00-0xffff window]
[    4.225161] pci_bus 0000:00: root bus resource [mem 0x000a0000-0x000bffff window]
[    4.227266] pci_bus 0000:00: root bus resource [mem 0x40000000-0xfdffffff window]
[    4.230556] pci_bus 0000:00: root bus resource [bus 00-ff]
[    4.234801] pci 0000:00:01.1: legacy IDE quirk: reg 0x10: [io  0x01f0-0x01f7]
[    4.241743] pci 0000:00:01.1: legacy IDE quirk: reg 0x14: [io  0x03f6]
[    4.243387] pci 0000:00:01.1: legacy IDE quirk: reg 0x18: [io  0x0170-0x0177]
[    4.260511] pci 0000:00:01.1: legacy IDE quirk: reg 0x1c: [io  0x0376]
[    4.294412] pci 0000:00:07.0: quirk: [io  0x4000-0x403f] claimed by PIIX4 ACPI
[    4.323287] pci 0000:00:07.0: quirk: [io  0x4100-0x410f] claimed by PIIX4 SMB
[    4.336336] ACPI: PCI Interrupt Link [LNKA] (IRQs 5 9 10 *11)
[    4.353602] ACPI: PCI Interrupt Link [LNKB] (IRQs 5 9 *10 11)
[    4.365507] ACPI: PCI Interrupt Link [LNKC] (IRQs 5 *9 10 11)
[    4.376350] ACPI: PCI Interrupt Link [LNKD] (IRQs 5 9 10 *11)
[    4.378628] ACPI: Enabled 2 GPEs in block 00 to 07
[    4.392486] vgaarb: setting as boot device: PCI:0000:00:02.0
[    4.398189] vgaarb: device added: PCI:0000:00:02.0,decodes=io+mem,owns=io+mem,locks=none
[    4.406657] vgaarb: loaded
[    4.407565] vgaarb: bridge control possible 0000:00:02.0
[    4.420371] SCSI subsystem initialized
[    4.431032] ACPI: bus type USB registered
[    4.434083] usbcore: registered new interface driver usbfs
[    4.435556] usbcore: registered new interface driver hub
[    4.437017] usbcore: registered new device driver usb
[    4.446294] PCI: Using ACPI for IRQ routing
[    4.447966] NetLabel: Initializing
[    4.448989] NetLabel:  domain hash size = 128
[    4.457069] NetLabel:  protocols = UNLABELED CIPSOv4
[    4.460052] NetLabel:  unlabeled traffic allowed by default
[    4.468822] amd_nb: Cannot enumerate AMD northbridges
[    4.478093] clocksource: Switched to clocksource kvm-clock
[   4.491126 ApAmo ApAmo Flesystem Enabled
[   7756] npPn AI ni
   51293] p:nPACI:ound 3 evice
[    5.570579] clocksource: acpi_pm: mask: 0xffffff max_cycles: 0xffffff, max_idle_ns: 2085701024 ns
[    5.606260] NET: Registered protocol family 2
[    5.629523] TCP established hash table entries: 8192 (order: 4, 65536 bytes)
[    5.650697] TCP bind hash table entries: 8192 (order: 5, 131072 bytes)
[    5.652398] TCP: Hash tables configured (established 8192 bind 8192)
[    5.654120] UDP hash table entries: 512 (order: 2, 16384 bytes)
[    5.657153] UDP-Lite hash table entries: 512 (order: 2, 16384 bytes)
[    5.658879] NET: Registered protocol family 1
[    5.660130] pci 0000:00:00.0: Limiting direct PCI/PCI transfers
[    5.686521] pci 0000:00:01.0: Activating ISA DMA hang workarounds
[    5.701530] Unpacking initramfs...
[    8.052373] Freeing initrd memory: 10792K
[    8.065367] platform rtc_cmos: registered platform RTC device (no PNP device found)
[    8.073211] Scanning for low memory corruption every 60 seconds
[    8.088120] audit: initializing netlink subsys (disabled)
[    8.091016] audit: type=2000 audit(1519184894.758:1): initialized
[    8.095401] Initialise system trusted keyring
[    8.096969] HugeTLB registered 2 MB page size, pre-allocated 0 pages
[    8.101657] zbud: loaded
[    8.102884] VFS: Disk quotas dquot_6.6.0
[    8.106222] VFS: Dquot-cache hash table entries: 512 (order 0, 4096 bytes)
[    8.112147] squashfs: version 4.0 (2009/01/31) Phillip Lougher
[    8.118628] fuse init (API version 7.23)
[    8.131351] Key type big_key registered
[    8.147987] Allocating IMA MOK and blacklist keyrings.
[    8.151854] Key type asymmetric registered
[    8.157974] Asymmetric key parser 'x509' registered
[    8.164996] Block layer SCSI generic (bsg) driver version 0.4 loaded (major 249)
[    8.170255] io scheduler noop registered
[    8.172543] io scheduler deadline registered (default)
[    8.173961] io scheduler cfq registered
[    8.176521] pci_hotplug: PCI Hot Plug PCI Core version: 0.5
[    8.181635] pciehp: PCI Express Hot Plug Controller Driver version: 0.4
[    8.183599] ACPI: AC Adapter [AC] (on-line)
[    8.184863] input: Power Button as /devices/LNXSYSTM:00/LNXPWRBN:00/input/input0
[    8.187039] ACPI: Power Button [PWRF]
[    8.188234] input: Sleep Button as /devices/LNXSYSTM:00/LNXSLPBN:00/input/input1
[    8.190335] ACPI: Sleep Button [SLPF]
[    8.193227] GHES: HEST is not enabled!
[    8.194207] ACPI: Battery Slot [BAT0] (battery present)
[    8.199021] Serial: 8250/16550 driver, 32 ports, IRQ sharing enabled
[    8.224477] 00:02: ttyS0 at I/O 0x3f8 (irq = 4, base_baud = 115200) is a 16550A
[    8.242496] Linux agpgart interface v0.103
[    8.247976] loop: module loaded
[    8.264187] scsi host0: ata_piix
[    8.279919] scsi host1: ata_piix
[    8.307719] ata1: PATA max UDMA/33 cmd 0x1f0 ctl 0x3f6 bmdma 0xd000 irq 14
[    8.319857] ata2: PATA max UDMA/33 cmd 0x170 ctl 0x376 bmdma 0xd008 irq 15
[    8.347967] libphy: Fixed MDIO Bus: probed
[    8.362365] tun: Universal TUN/TAP device driver, 1.6
[    8.382663] tun: (C) 1999-2004 Max Krasnyansky <maxk@qualcomm.com>
[    8.402674] PPP generic driver version 2.4.2
[    8.406074] ehci_hcd: USB 2.0 'Enhanced' Host Controller (EHCI) Driver
[    8.407809] ehci-pci: EHCI PCI platform driver
[    8.410853] ehci-platform: EHCI generic platform driver
[    8.412403] ohci_hcd: USB 1.1 'Open' Host Controller (OHCI) Driver
[    8.417259] ohci-pci: OHCI PCI platform driver
[    8.420548] ohci-platform: OHCI generic platform driver
[    8.422023] uhci_hcd: USB Universal Host Controller Interface driver
[    8.423847] i8042: PNP: PS/2 Controller [PNP0303:PS2K,PNP0f03:PS2M] at 0x60,0x64 irq 1,12
[    8.428147] serio: i8042 KBD port at 0x60,0x64 irq 1
[    8.436655] serio: i8042 AUX port at 0x60,0x64 irq 12
[    8.445783] mousedev: PS/2 mouse device common for all mice
[    8.454709] input: AT Translated Set 2 keyboard as /devices/platform/i8042/serio0/input/input2
[    8.458968] rtc_cmos rtc_cmos: rtc core: registered rtc_cmos as rtc0
[    8.461991] rtc_cmos rtc_cmos: alarms up to one day, 114 bytes nvram
[    8.463714] i2c /dev entries driver
[    8.466312] device-mapper: uevent: version 1.0.3
[    8.467720] device-mapper: ioctl: 4.34.0-ioctl (2015-10-28) initialised: dm-devel@redhat.com
[    8.473741] ledtrig-cpu: registered to indicate activity on CPUs
[    8.497944] NET: Registered protocol family 10
[    8.515272] NET: Registered protocol family 17
[    8.543833] Key type dns_resolver registered
[    8.571530] microcode: CPU0 sig=0x20655, pf=0x4, revision=0x616
[    8.573637] microcode: CPU1 sig=0x20655, pf=0x4, revision=0x616
[    8.580364] microcode: Microcode Update Driver: v2.01 <tigran@aivazian.fsnet.co.uk>, Peter Oruba
[    8.583027] registered taskstats version 1
[    8.586124] Loading compiled-in X.509 certificates
[    8.609403] Loaded X.509 cert 'Build time autogenerated kernel key: 4c603087bab8f0a02cb3b4e1fb4c40f507e71ef1'
[    8.629512] zswap: loaded using pool lzo/zbud
[    8.649991] Key type trusted registered
[    8.685034] Key type encrypted registered
[    8.687912] AppArmor: AppArmor sha1 policy hashing enabled
[    8.692335] ima: No TPM chip found, activating TPM-bypass!
[    8.693859] evm: HMAC attrs: 0x1
[    8.695561]   Magic number: 6:655:816
[    8.704785] rtc_cmos rtc_cmos: setting system clock to 2018-02-21 03:48:13 UTC (1519184893)
[    8.725196] BIOS EDD facility v0.16 2004-Jun-25, 0 devices found
[    8.728366] EDD information not available.
[    8.734437] Freeing unused kernel memory: 1508K
[    8.737752] Write protecting the kernel read-only data: 14336k
[    8.740159] Freeing unused kernel memory: 1728K
[    8.742928] Freeing unused kernel memory: 108K
Loading, please wait...
starting version 229
[    8.768604] random: systemd-udevd: uninitialized urandom read (16 bytes read, 2 bits of entropy available)
[    8.769968] random: udevadm: uninitialized urandom read (16 bytes read, 2 bits of entropy available)
[    8.770012] random: udevadm: uninitialized urandom read (16 bytes read, 2 bits of entropy available)
[    8.787039] random: systemd-udevd: uninitialized urandom read (16 bytes read, 2 bits of entropy available)
[    8.791507] random: systemd-udevd: uninitialized urandom read (16 bytes read, 2 bits of entropy available)
[    8.794894] random: systemd-udevd: uninitialized urandom read (16 bytes read, 2 bits of entropy available)
[    8.795880] random: udevadm: uninitialized urandom read (16 bytes read, 2 bits of entropy available)
[    8.795966] random: udevadm: uninitialized urandom read (16 bytes read, 2 bits of entropy available)
[    8.796425] random: udevadm: uninitialized urandom read (16 bytes read, 2 bits of entropy available)
[    8.796606] random: udevadm: uninitialized urandom read (16 bytes read, 2 bits of entropy available)
[    8.897589] e1000: Intel(R) PRO/1000 Network Driver - version 7.3.21-k8-NAPI
[    8.913248] e1000: Copyright (c) 1999-2006 Intel Corporation.
[    8.921715] Fusion MPT base driver 3.04.20
[    8.932462] Copyright (c) 1999-2008 LSI Corporation
[    8.945561] Fusion MPT SPI Host driver 3.04.20
[    9.062197] tsc: Refined TSC clocksource calibration: 2527.625 MHz
[    9.065625] clocksource: tsc: mask: 0xffffffffffffffff max_cycles: 0x246f2a04fc4, max_idle_ns: 440795285482 ns
[    9.140326] input: ImExPS/2 Generic Explorer Mouse as /devices/platform/i8042/serio1/input/input4
[    9.356649] e1000 0000:00:03.0 eth0: (PCI:33MHz:32-bit) 02:1f:2a:60:99:e3
[    9.366655] e1000 0000:00:03.0 eth0: Intel(R) PRO/1000 Network Connection
[    9.370655] mptbase: ioc0: Initiating bringup
[    9.371542] e1000 0000:00:03.0 enp0s3: renamed from eth0
[    9.561902] ioc0: LSI53C1030 A0: Capabilities={Initiator}
[   10.746600] scsi host2: ioc0: LSI53C1030 A0, FwRev=00000000h, Ports=1, MaxQ=256, IRQ=20
[   11.542973] scsi 2:0:0:0: Direct-Access     VBOX     HARDDISK         1.0  PQ: 0 ANSI: 5
[   11.553481] scsi target2:0:0: Beginning Domain Validation
[   11.558354] scsi target2:0:0: Domain Validation skipping write tests
[   11.564187] scsi target2:0:0: Ending Domain Validation
[   11.566484] scsi target2:0:0: asynchronous
[   12.045412] floppy0: no floppy controllers found
[   12.048209] scsi 2:0:1:0: Direct-Access     VBOX     HARDDISK         1.0  PQ: 0 ANSI: 5
[   12.050467] scsi target2:0:1: Beginning Domain Validation
[   12.060803] scsi target2:0:1: Domain Validation skipping write tests
[   12.062496] scsi target2:0:1: Ending Domain Validation
[   12.080157] scsi target2:0:1: asynchronous
[   12.130314] sd 2:0:0:0: [sda] 20971520 512-byte logical blocks: (10.7 GB/10.0 GiB)
[   12.196701] sd 2:0:0:0: Attached scsi generic sg0 type 0
[   12.196791] sd 2:0:0:0: [sda] Write Protect is off
[   12.196948] sd 2:0:0:0: [sda] Incomplete mode parameter data
[   12.196950] sd 2:0:0:0: [sda] Assuming drive cache: write through
[   12.198442]  sda: sda1
[   12.199126] sd 2:0:0:0: [sda] Attached SCSI disk
[   12.237241] sd 2:0:1:0: [sdb] 20480 512-byte logical blocks: (10.5 MB/10.0 MiB)
[   12.262545] sd 2:0:1:0: Attached scsi generic sg1 type 0
[   12.268513] sd 2:0:1:0: [sdb] Write Protect is off
[   12.270243] sd 2:0:1:0: [sdb] Incomplete mode parameter data
[   12.296724] sd 2:0:1:0: [sdb] Assuming drive cache: write through
[   12.321392] sd 2:0:1:0: [sdb] Attached SCSI disk
Begin: Loading essential drivers ... [   13.900432] md: linear personality registered for level -1
[   13.912279] md: multipath personality registered for level -4
[   13.954364] md: raid0 personality registered for level 0
[   13.975006] md: raid1 personality registered for level 1
[   14.062916] raid6: sse2x1   gen()  5494 MB/s
[   14.154305] raid6: sse2x1   xor()  4537 MB/s
[   14.238625] raid6: sse2x2   gen()  6767 MB/s
[   14.314693] raid6: sse2x2   xor()  5377 MB/s
[   14.406412] raid6: sse2x4   gen()  7958 MB/s
[   14.494273] raid6: sse2x4   xor()  5283 MB/s
[   14.498534] raid6: using algorithm sse2x4 gen() 7958 MB/s
[   14.501769] raid6: .... xor() 5283 MB/s, rmw enabled
[   14.511803] raid6: using ssse3x2 recovery algorithm
[   14.517926] xor: measuring software checksum speed
[   14.570378]    prefetch64-sse: 11829.000 MB/sec
[   14.667928]    generic_sse: 10369.000 MB/sec
[   14.684838] xor: using function: prefetch64-sse (11829.000 MB/sec)
[   14.688762] async_tx: api initialized (async)
[   14.714453] md: raid6 personality registered for level 6
[   14.751585] md: raid5 personality registered for level 5
[   14.753194] md: raid4 personality registered for level 4
[   14.765129] md: raid10 personality registered for level 10
done.
Begin: Running /scripts/init-premount ... done.
Begin: Mounting root file system ... Begin: Running /scripts/local-top ... done.
Begin: Running /scripts/local-premount ... [   14.843711] Btrfs loaded
Scanning for Btrfs filesystems
done.
Warning: fsck not present, so skipping root file system
[   14.911484] EXT4-fs (sda1): mounted filesystem with ordered data mode. Opts: (null)
done.
Begin: Running /scripts/local-bottom ... done.
Begin: Running /scripts/init-bottom ... done.
[   15.127966] systemd[1]: systemd 229 running in system mode. (+PAM +AUDIT +SELINUX +IMA +APPARMOR +SMACK +SYSVINIT +UTMP +LIBCRYPTSETUP +GCRYPT +GNUTLS +ACL +XZ -LZ4 +SECCOMP +BLKID +ELFUTILS +KMOD -IDN)
[   15.200900] systemd[1]: Detected virtualization oracle.
[   15.204277] systemd[1]: Detected architecture x86-64.

Welcome to [1mUbuntu 16.04.3 LTS[0m!

[   15.213224] systemd[1]: Set hostname to <ubuntu>.
[   15.222041] systemd[1]: Initializing machine ID from random generator.
[   15.233796] systemd[1]: Installed transient /etc/machine-id file.
[   15.487909] systemd[1]: Listening on udev Kernel Socket.
[[0;32m  OK  [0m] Listening on udev Kernel Socket.
[   15.555156] systemd[1]: Created slice System Slice.
[[0;32m  OK  [0m] Created slice System Slice.
[   15.608482] systemd[1]: Reached target Encrypted Volumes.
[[0;32m  OK  [0m] Reached target Encrypted Volumes.
[   15.663370] systemd[1]: Listening on Journal Socket.
[[0;32m  OK  [0m] Listening on Journal Socket.
[   15.710616] systemd[1]: Starting Nameserver information manager...
         Starting Nameserver information manager...
[   15.799649] systemd[1]: Listening on Journal Audit Socket.
[[0;32m  OK  [0m] Listening on Journal Audit Socket.
[   15.870713] systemd[1]: Mounting POSIX Message Queue File System...
         Mounting POSIX Message Queue File System...
[   15.928203] systemd[1]: Listening on Syslog Socket.
[[0;32m  OK  [0m] Listening on Syslog Socket.
[   15.943084] systemd[1]: Listening on LVM2 poll daemon socket.
[[0;32m  OK  [0m] Listening on LVM2 poll daemon socket.
[   15.971383] systemd[1]: Reached target User and Group Name Lookups.
[[0;32m  OK  [0m] Reached target User and Group Name Lookups.
[   15.988977] systemd[1]: Listening on Journal Socket (/dev/log).
[[0;32m  OK  [0m] Listening on Journal Socket (/dev/log).
[   16.012463] systemd[1]: Set up automount Arbitrary Executable File Formats File System Automount Point.
[[0;32m  OK  [0m] Set up automount Arbitrary Executab...ats File System Automount Point.
[   16.052707] systemd[1]: Listening on /dev/initctl Compatibility Named Pipe.
[[0;32m  OK  [0m] Listening on /dev/initctl Compatibility Named Pipe.
[   16.099130] systemd[1]: Listening on udev Control Socket.
[[0;32m  OK  [0m] Listening on udev Control Socket.
[   16.158425] systemd[1]: Mounting Debug File System...
         Mounting Debug File System...
[   16.231434] systemd[1]: Created slice User and Session Slice.
[[0;32m  OK  [0m] Created slice User and Session Slice.
[   16.300394] systemd[1]: Created slice system-serial\x2dgetty.slice.
[[0;32m  OK  [0m] Created slice system-serial\x2dgetty.slice.
[   16.374983] systemd[1]: Started Forward Password Requests to Wall Directory Watch.
[[0;32m  OK  [0m] Started Forward Password Requests to Wall Directory Watch.
[   16.499346] systemd[1]: Starting Set console keymap...
         Starting Set console keymap...
[   16.554711] systemd[1]: Starting Remount Root and Kernel File Systems...
         Starting Remount Root and Kernel File Systems...
[   16.569509] EXT4-fs (sda1): re-mounted. Opts: (null)
[   16.582825] systemd[1]: Starting Uncomplicated firewall...
         Starting Uncomplicated firewall...
[   16.592177] systemd[1]: Listening on LVM2 metadata daemon socket.
[[0;32m  OK  [0m] Listening on LVM2 metadata daemon socket.
[   16.621868] systemd[1]: Listening on Device-mapper event daemon FIFOs.
[[0;32m  OK  [0m] Listening on Device-mapper event daemon FIFOs.
[   16.638552] systemd[1]: Starting Monitoring of LVM2 mirrors, snapshots etc. using dmeventd or progress polling...
         Starting Monitoring of LVM2 mirrors... dmeventd or progress polling...
[   16.656706] random: nonblocking pool is initialized
[   16.667510] systemd[1]: Reached target Slices.
[[0;32m  OK  [0m] Reached target Slices.
[   16.710829] systemd[1]: Started Trigger resolvconf update for networkd DNS.
[[0;32m  OK  [0m] Started Trigger resolvconf update for networkd DNS.
[   16.763296] systemd[1]: Reached target Swap.
[[0;32m  OK  [0m] Reached target Swap.
[   16.798741] systemd[1]: Starting Create list of required static device nodes for the current kernel...
         Starting Create list of required st... nodes for the current kernel...
[   16.898625] systemd[1]: Starting Journal Service...
         Starting Journal Service...
[   16.947045] systemd[1]: Mounting Huge Pages File System...
         Mounting Huge Pages File System...
[   16.980632] systemd[1]: Starting Load Kernel Modules...
         Starting Load Ke[   17.002556] Loading iSCSI transport class v2.0-870.
rnel Modules...
[   17.042649] iscsi: registered transport (tcp)
[   17.057529] systemd[1]: Mounted Huge Pages File System.
[[0;32m  OK  [0m] Mounted Huge Pages File System.
[   17.075888] systemd[1]: Mounted Debug File System.
[[0;32m  OK  [0m] Mounted Debug File System.
[   17.095422] systemd[1]: Mounted POSIX Message Queue File System.
[   17.104899] iscsi: registered transport (iser)
[[0;32m  OK  [0m] Mounted POSIX Message Queue File System.
[   17.114544] systemd[1]: Started Journal Service.
[[0;32m  OK  [0m] Started Journal Service.
[[0;32m  OK  [0m] Started Set console keymap.
[[0;32m  OK  [0m] Started Remount Root and Kernel File Systems.
[[0;32m  OK  [0m] Started Uncomplicated firewall.
[[0;32m  OK  [0m] Started Create list of required sta...ce nodes for the current kernel.
[[0;32m  OK  [0m] Started Load Kernel Modules.
[[0;32m  OK  [0m] Started Nameserver information manager.
[[0;32m  OK  [0m] Started LVM2 metadata daemon.
         Starting Apply Kernel Variables...
         Mounting FUSE Control File System...
         Starting Create Static Device Nodes in /dev...
         Starting Initial cloud-init job (pre-networking)...
         Starting udev Coldplug all Devices...
         Starting Load/Save Random Seed...
         Starting Flush Journal to Persistent Storage...
[[0;32m  OK  [0m] Mounted FUSE Control File System.
[[0;32m  OK  [0m] Started Apply Kernel Variables.
[[0;32m  OK  [0m] Started Create Static Device Nodes in /dev.
[[0;32m  OK  [0m] Started Load/Save Random Seed.
[[0;32m  OK  [0m] Started udev Coldplug all Devices.
[[0;32m  OK  [0m] Started Flush Journal to Persistent Storage.
         Starting udev Kernel Device Manager...
[[0;32m  OK  [0m] Started udev Kernel Device Manager.
[[0;32m  OK  [0m] Started Dispatch Password Requests to Console Directory Watch.
[[0;32m  OK  [0m] Started Monitoring of LVM2 mirrors,...ng dmeventd or progress polling.
[[0;32m  OK  [0m] Reached target Local File Systems (Pre).
[[0;32m  OK  [0m] Reached target Local File Systems.
         Starting Tell Plymouth To Write Out Runtime Data...
         Starting LSB: AppArmor initialization...
         Starting Set console font and keymap...
         Starting Commit a transient machine-id on disk...
         Starting Create Volatile Files and Directories...
[[0;32m  OK  [0m] Started Tell Plymouth To Write Out Runtime Data.
[[0;32m  OK  [0m] Started Create Volatile Files and Directories.
[[0;32m  OK  [0m] Reached target System Time Synchronized.
         Starting Update UTMP about System Boot/Shutdown...
[[0;32m  OK  [0m] Started Commit a transient machine-id on disk.
[[0;32m  OK  [0m] Started Update UTMP about System Boot/Shutdown.
[[0;32m  OK  [0m] Found device /dev/ttyS0.
[[0;32m  OK  [0m] Listening on Load/Save RF Kill Switch Status /dev/rfkill Watch.
[   15.869005] cloud-init[438]: Cloud-init v. 17.1 running 'init-local' at Wed, 21 Feb 2018 03:48:23 +0000. Up 14.93 seconds.
[[0;32m  OK  [0m] Started Initial cloud-init job (pre-networking).
[[0;32m  OK  [0m] Started LSB: AppArmor initialization.
[[0;32m  OK  [0m] Reached target Network (Pre).
         Starting Raise network interfaces...
[[0;32m  OK  [0m] Started Set console font and keymap.
[[0;32m  OK  [0m] Created slice system-getty.slice.
[[0;32m  OK  [0m] Started Raise network interfaces.
         Starting Initial cloud-init job (metadata service crawler)...
[[0;32m  OK  [0m] Reached target Network.
[   19.018184] cloud-init[922]: Cloud-init v. 17.1 running 'init' at Wed, 21 Feb 2018 03:48:26 +0000. Up 17.95 seconds.
[   19.048683] cloud-init[922]: ci-info: +++++++++++++++++++++++++++++++++++++Net device info++++++++++++++++++++++++++++++++++++++
[   19.124241] cloud-init[922]: ci-info: +--------+------+----------------------------+---------------+-------+-------------------+
[   19.124778] cloud-init[922]: ci-info: | Device |  Up  |          Address           |      Mask     | Scope |     Hw-Address    |
[[0;32m  OK  [0m] Started Initial cloud-init job (metadata service crawler).
[   19.125094] cloud-init[922]: ci-info: +--------+------+----------------------------+---------------+-------+-------------------+
[   19.197327] cloud-init[922]: ci-info: | enp0s3 | True |         10.0.2.15          | 255.255.255.0 |   .   | 02:1f:2a:60:99:e3 |
[   19.197869] cloud-init[922]: ci-info: | enp0s3 | True | fe80::1f:2aff:fe60:99e3/64 |       .       |  link | 02:1f:2a:60:99:e3 |
[[0;32m  OK  [0m] Reached target Network is Online.
[   19.198177] cloud-init[922]: ci-info: |   lo   | True |         127.0.0.1          |   255.0.0.0   |   .   |         .         |
[   19.589553] cloud-init[922]: ci-info: |   lo   | True |          ::1/128           |       .       |  host |         .         |
         Starting iSCSI initiator daemon (iscsid)...
[   19.590293] cloud-init[922]: ci-info: +--------+------+----------------------------+---------------+-------+-------------------+
[   19.867315] cloud-init[922]: ci-info: +++++++++++++++++++++++++++Route IPv4 info++++++++++++++++++++++++++++
[   19.869189] cloud-init[922]: ci-info: +-------+-------------+----------+---------------+-----------+-------+
[[0;32m  OK  [0m] Reached target System Initialization.
[   19.871682] cloud-init[922]: ci-info: | Route | Destination | Gateway  |    Genmask    | Interface | Flags |
[   20.245947] cloud-init[922]: ci-info: +-------+-------------+----------+---------------+-----------+-------+
[   20.247097] cloud-init[922]: ci-info: |   0   |   0.0.0.0   | 10.0.2.2 |    0.0.0.0    |   enp0s3  |   UG  |
[[0;32m  OK  [0m] Started ACPI Events Check.
[   20.248973] cloud-init[922]: ci-info: |   1   |   10.0.2.0  | 0.0.0.0  | 255.255.255.0 |   enp0s3  |   U   |
[   20.402900] cloud-init[922]: ci-info: +-------+-------------+----------+---------------+-----------+-------+
[[0;32m  OK  [0m] Reached target Paths.
[   20.404862] cloud-init[922]: Generating public/private rsa key pair.
[   20.533166] cloud-init[922]: Your identification has been saved in /etc/ssh/ssh_host_rsa_key.
[   20.533618] cloud-init[922]: Your public key has been saved in /etc/ssh/ssh_host_rsa_key.pub.
[[0;32m  OK  [0m] Started Timer to automatically refresh installed snaps.
         [   20.533955] cloud-init[922]: The key fingerprint is:
Starting Socket activation for snappy daemon.
[   20.829173] cloud-init[922]: SHA256:V8pXc0fWHDv0aDm87QHw6uRHyoxybz39R80fVJUBoBY root@ubuntu-xenial
[   20.939484] cloud-init[922]: The key's randomart image is:
[   20.940419] cloud-init[922]: +---[RSA 2048]----+
[   20.941165] cloud-init[922]: |         E o...=X|
[   20.942060] cloud-init[922]: |          o o..**|
[   20.943370] cloud-init[922]: |         o  .oOo=|
[   20.945793] cloud-init[922]: |        .. o.o.Bo|
[   20.946495] cloud-init[922]: |        S +o..ooo|
[[0;32m  OK  [0m] Started Daily Cleanup of Temporary Directories.
[   20.949079] cloud-init[922]: |         .B.o  o=|
[   21.132996] cloud-init[922]: |       . o *....+|
[[0;32m  OK  [0m] Listening on D-Bus System Message Bus Socket.
[   21.133966] cloud-init[922]: |        o ...o .o|
[   21.285069] cloud-init[922]: |          ..  . +|
[   21.285563] cloud-init[922]: +----[SHA256]-----+
         Starting LXD - unix socket.
[   21.285834] cloud-init[922]: Generating public/private dsa key pair.
[   21.399331] cloud-init[922]: Your identification has been saved in /etc/ssh/ssh_host_dsa_key.
[[0;32m  OK  [0m] Listening on ACPID Listen Socket.
[   21.400223] cloud-init[922]: Your public key has been saved in /etc/ssh/ssh_host_dsa_key.pub.
[   21.432324] cloud-init[922]: The key fingerprint is:
[[0;32m  OK  [0m] Listening on UUID daemon activation socket.
[   21.432591] cloud-init[922]: SHA256:QrFA7XQHimZw1mcszr6vG9Q0u2YafMZ6veFwdoWTCas root@ubuntu-xenial
[   21.614951] cloud-init[922]: The key's randomart image is:
[[0;32m  OK  [0m] Started Daily apt download activities.
[   21.615719] cloud-init[922]: +---[DSA 1024]----+
[   21.895465] cloud-init[922]: |  ..=o....       |
[[0;32m  OK  [0m] Started Daily apt upgrade and clean activities.
[   21.895729] cloud-init[922]: |   + o=+= .      |
[   22.085740] cloud-init[922]: |    +=+=o..      |
[   22.087015] cloud-init[922]: |   o .+o o o +   |
[[0;32m  OK  [0m] Reached target Timers.
[   22.089666] cloud-init[922]: |     .o S . = .  |
[   22.182684] cloud-init[922]: |     o.o o   o   |
[   22.183597] cloud-init[922]: |      +.E.+ .    |
[[0;32m  OK  [0m] Reached target Cloud-config availability.
[   22.184649] cloud-init[922]: |      .X.=.o     |
[   22.238522] cloud-init[922]: |      ==. o.     |
[   22.246202] cloud-init[922]: +----[SHA256]-----+
[   22.251418] cloud-init[922]: Generating public/private ecdsa key pair.
[   22.257796] cloud-init[922]: Your identification has been saved in /etc/ssh/ssh_host_ecdsa_key.
[   22.258644] cloud-init[922]: Your public key has been saved in /etc/ssh/ssh_host_ecdsa_key.pub.
[   22.258949] cloud-init[922]: The key fingerprint is:
[[0;32m  OK  [0m] Listening on Socket activation for snappy daemon.
[[0;32m  OK  [0m] Listening on LXD - unix socket.
[[0;32m  OK  [0m] Started iSCSI initiator daemon (iscsid).
[   22.259153] cloud-init[922]: SHA256:eL7NxqP9VXWf/tKj81O3QcYmDSnvC87D8qtEeVsblRU root@ubuntu-xenial
[   22.367361] cloud-init[922]: The key's randomart image is:
[   22.384889] cloud-init[922]: +---[ECDSA 256]---+
[   22.385514] cloud-init[922]: |              .Eo|
         Starting Login to default iSCSI targets...
[   22.385824] cloud-init[922]: |           . o  o|
[   22.556428] cloud-init[922]: |            o +oo|
[   22.557106] cloud-init[922]: |       .  .  o.*=|
[   22.558038] cloud-init[922]: |      . So ..o=.o|
[   22.558715] cloud-init[922]: |       o. ..o.+oo|
[[0;32m  OK  [0m] Reached target Sockets.
[   22.560615] cloud-init[922]: |        .o+...oo=|
[   22.642358] cloud-init[922]: |        .*+= +.+o|
[[0;32m  OK  [0m] Reached target Basic System.
[   22.645501] cloud-init[922]: |        o+B=+.+o+|
[   22.670798] cloud-init[922]: +----[SHA256]-----+
[   22.685843] cloud-init[922]: Generating public/private ed25519 key pair.
[   22.703425]          cloud-initStarting Login Service...[922]: 
Your identification has been saved in /etc/ssh/ssh_host_ed25519_key.
[   22.719738]          cloud-initStarting LSB: Record successful boot for GRUB...[922]: 
Your public key has been saved in /etc/ssh/ssh_host_ed25519_key.pub.
[   22.732329] [cloud-init[0;32m  OK  [0m[922]: ] The key fingerprint is:Started Unattended Upgrades Shutdown.

[   22.746941]          cloud-initStarting Snappy daemon...[922]: 
SHA256:et3IbIoHlbjs/3ptL/KCzvRzxK6bn9SLASS8doqRtpA root@ubuntu-xenial
[[0;32m  OK  [0m] Started ACPI event daemon.
[   22.811223] cloud-init[922]: The key's randomart image is:
[   22.844218] cloud-init[922]: +--[ED25519 256]--+
[   22.847001] cloud-init[922]: |                 |
[   22.850431] cloud-init[922]: |       .         |
[   22.864995] cloud-init[922]: |       .o..      |
[[0;32m  OK  [0m] Started D-Bus System Message Bus.
[   22.865800] cloud-init[922]: |     ...o+       |
[   22.909194] cloud-init[922]: |    E.+oS o.     |
[   22.922213] cloud-init[922]: |     o+* * +o.   |
[   22.927317] cloud-init[922]: |     .+.+.*++ .  |
[   22.931306] cloud-init[922]: |      .=o+=o*+ . |
         Starting Apply the settings specified in cloud-config...
         Starting LXD - container startup/shutdown...
[[0;32m  OK  [0m] Started FUSE filesystem for LXC.
[   22.943951] cloud-init[922]: |      .+*+*@=oo  |
         Starting Accounts Service...
[   22.973891] cloud-init[922]: +----[SHA256]-----+
[[0;32m  OK  [0m] Started Deferred execution scheduler.
[[0;32m  OK  [0m] Started Regular background program processing daemon.
         Starting System Logging Service...
         Starting /etc/rc.local Compatibility...
         Starting Pollinate to seed the pseudo random number generator...
         Starting LSB: MD monitoring daemon...
[[0;32m  OK  [0m] Started Snappy daemon.
[[0;32m  OK  [0m] Started System Logging Service.
[[0;32m  OK  [0m] Started /etc/rc.local Compatibility.
[[0;32m  OK  [0m] Started LXD - container startup/shutdown.
[[0;32m  OK  [0m] Started Login to default iSCSI targets.
[[0;32m  OK  [0m] Started LSB: Record successful boot for GRUB.
[[0;32m  OK  [0m] Started Login Service.
         Starting Authenticate and Authorize Users to Run Privileged Tasks...
[[0;32m  OK  [0m] Reached target Remote File Systems (Pre).
[[0;32m  OK  [0m] Reached target Remote File Systems.
         Starting LSB: VirtualBox Linux Additions...
         Starting Permit User Sessions...
         Starting LSB: daemon to balance interrupts for SMP systems...
         Starting LSB: Set the CPU Frequency Scaling governor to "ondemand"...
         Starting LSB: automatic crash report generation...
[[0;32m  OK  [0m] Started LSB: MD monitoring daemon.
[[0;32m  OK  [0m] Started Permit User Sessions.
[[0;32m  OK  [0m] Started Authenticate and Authorize Users to Run Privileged Tasks.
[[0;32m  OK  [0m] Started Accounts Service.
         Starting Terminate Plymouth Boot Screen...
         Starting Hold until boot process finishes up...
[[0;32m  OK  [0m] Started LSB: Set the CPU Frequency Scaling governor to "ondemand".
[[0;32m  OK  [0m] Started LSB: automatic crash report generation.
[[0;32m  OK  [0m] Started LSB: daemon to balance interrupts for SMP systems.
[[0;32m  OK  [0m] Started Terminate Plymouth Boot Screen.
[[0;32m  OK  [0m] Started Hold until boot process finishes up.
[[0;32m  OK  [0m] Started Serial Getty on ttyS0.
[[0;32m  OK  [0m] Started Getty on tty1.
[[0;32m  OK  [0m] Reached target Login Prompts.
         Starting Set console scheme...
[[0;32m  OK  [0m] Started LSB: VirtualBox Linux Additions.
[[0;32m  OK  [0m] Started Set console scheme.
[[0;32m  OK  [0m] Started Pollinate to seed the pseudo random number generator.
[   24.452504] cloud-init[1044]: Generating locales (this might take a while)...
         Starting OpenBSD Secure Shell server...
[[0;32m  OK  [0m] Started OpenBSD Secure Shell server.
[[0;32m  OK  [0m] Reached target Multi-User System.
[[0;32m  OK  [0m] Reached target Graphical Interface.
         Starting Update UTMP about System Runlevel Changes...
[[0;32m  OK  [0m] Started Update UTMP about System Runlevel Changes.
[   26.065350] cloud-init[1044]:   en_US.UTF-8... done
[   26.076277] cloud-init[1044]: Generation complete.
[   26.686863] cloud-init[1044]: Cloud-init v. 17.1 running 'modules:config' at Wed, 21 Feb 2018 03:48:32 +0000. Up 24.14 seconds.
[[0;32m  OK  [0m] Started Apply the settings specified in cloud-config.
         Starting Execute cloud user/final scripts...
ci-info: no authorized ssh keys fingerprints found for user ubuntu.
<14>Feb 21 03:48:36 ec2: 
<14>Feb 21 03:48:36 ec2: #############################################################
<14>Feb 21 03:48:36 ec2: -----BEGIN SSH HOST KEY FINGERPRINTS-----
<14>Feb 21 03:48:36 ec2: 1024 SHA256:QrFA7XQHimZw1mcszr6vG9Q0u2YafMZ6veFwdoWTCas root@ubuntu-xenial (DSA)
<14>Feb 21 03:48:36 ec2: 256 SHA256:eL7NxqP9VXWf/tKj81O3QcYmDSnvC87D8qtEeVsblRU root@ubuntu-xenial (ECDSA)
<14>Feb 21 03:48:36 ec2: 256 SHA256:et3IbIoHlbjs/3ptL/KCzvRzxK6bn9SLASS8doqRtpA root@ubuntu-xenial (ED25519)
<14>Feb 21 03:48:36 ec2: 2048 SHA256:V8pXc0fWHDv0aDm87QHw6uRHyoxybz39R80fVJUBoBY root@ubuntu-xenial (RSA)
<14>Feb 21 03:48:36 ec2: -----END SSH HOST KEY FINGERPRINTS-----
<14>Feb 21 03:48:36 ec2: #############################################################
-----BEGIN SSH HOST KEY KEYS-----
ecdsa-sha2-nistp256 AAAAE2VjZHNhLXNoYTItbmlzdHAyNTYAAAAIbmlzdHAyNTYAAABBBIoB9Uo/oQ9whLht8eTYspQHcPXSpXR1NCcNk75LuMJy2tmDyR1J8W4+CVvu4T52v7tm6s/BXuZMyKeDosltdYM= root@ubuntu-xenial
ssh-ed25519 AAAAC3NzaC1lZDI1NTE5AAAAIGBUGrE8+kRxtHZRPypRcuDDohAW5z2CSzn46oOQEG2F root@ubuntu-xenial
ssh-rsa AAAAB3NzaC1yc2EAAAADAQABAAABAQDmgz2HCZkg8AMiG8ca8FsavzlWc0rmP1m4rEpG7Suy7D3NH1ueRCsbKUHEewwn+W+4TaSvedGpMU/qWb20sxrkMMzTA9SMcR4X3VsAzMnS1phu0yWFieBi5tgTWjehdkmpQ1fDc/evtSIx8Z2DPyFRy6bswlXKtyAjTm8a42Advc0Yi8e5A544JVnhpl5Z9Sapat86DwfX0KfGupFZCnMMRwipzZBYXvF9y3gB9B0zkeweG6b5rUOx55VDclCe4p4CFg+idoKivMuxGaGI28cJb9pi2Db8+EquURysQAZ0wM7auSSKwCvN+H9C8UdnzuRWnoY5NRj+aq2uNeht1oz3 root@ubuntu-xenial
-----END SSH HOST KEY KEYS-----
[   27.896204] cloud-init[1281]: Cloud-init v. 17.1 running 'modules:final' at Wed, 21 Feb 2018 03:48:36 +0000. Up 27.43 seconds.
[   27.910738] cloud-init[1281]: ci-info: no authorized ssh keys fingerprints found for user ubuntu.
[   27.932508] cloud-init[1281]: Cloud-init v. 17.1 finished at Wed, 21 Feb 2018 03:48:36 +0000. Datasource DataSourceNoCloud [seed=/dev/sdb][dsmode=net].  Up 27.87 seconds
[[0;32m  OK  [0m] Started Execute cloud user/final scripts.
[[0;32m  OK  [0m] Reached target Cloud-init target.

Ubuntu 16.04.3 LTS ubuntu-xenial ttyS0

ubuntu-xenial login: 