[    0.000000] Initializing cgroup subsys cpuset
[    0.000000] Initializing cgroup subsys cpu
[    0.000000] Initializing cgroup subsys cpuacct
[    0.000000] Linux version 4.4.0-98-generic (buildd@lcy01-03) (gcc version 5.4.0 20160609 (Ubuntu 5.4.0-6ubuntu1~16.04.4) ) #121-Ubuntu SMP Tue Oct 10 14:24:03 UTC 2017 (Ubuntu 4.4.0-98.121-generic 4.4.90)
[    0.000000] Command line: BOOT_IMAGE=/boot/vmlinuz-4.4.0-98-generic root=UUID=09a4f378-eab8-4333-a260-2f8d3f09c265 ro console=tty1 console=ttyS0
[    0.000000] KERNEL supported cpus:
[    0.000000]   Intel GenuineIntel
[    0.000000]   AMD AuthenticAMD
[    0.000000]   Centaur CentaurHauls
[    0.000000] x86/fpu: xstate_offset[2]:  576, xstate_sizes[2]:  256
[    0.000000] x86/fpu: Supporting XSAVE feature 0x01: 'x87 floating point registers'
[    0.000000] x86/fpu: Supporting XSAVE feature 0x02: 'SSE registers'
[    0.000000] x86/fpu: Supporting XSAVE feature 0x04: 'AVX registers'
[    0.000000] x86/fpu: Enabled xstate features 0x7, context size is 832 bytes, using 'standard' format.
[    0.000000] x86/fpu: Using 'lazy' FPU context switches.
[    0.000000] e820: BIOS-provided physical RAM map:
[    0.000000] BIOS-e820: [mem 0x0000000000000000-0x000000000009fbff] usable
[    0.000000] BIOS-e820: [mem 0x000000000009fc00-0x000000000009ffff] reserved
[    0.000000] BIOS-e820: [mem 0x00000000000f0000-0x00000000000fffff] reserved
[    0.000000] BIOS-e820: [mem 0x0000000000100000-0x000000007ffeffff] usable
[    0.000000] BIOS-e820: [mem 0x000000007fff0000-0x000000007fffffff] ACPI data
[    0.000000] BIOS-e820: [mem 0x00000000fec00000-0x00000000fec00fff] reserved
[    0.000000] BIOS-e820: [mem 0x00000000fee00000-0x00000000fee00fff] reserved
[    0.000000] BIOS-e820: [mem 0x00000000fffc0000-0x00000000ffffffff] reserved
[    0.000000] NX (Execute Disable) protection: active
[    0.000000] SMBIOS 2.5 present.
[    0.000000] Hypervisor detected: KVM
[    0.000000] e820: last_pfn = 0x7fff0 max_arch_pfn = 0x400000000
[    0.000000] MTRR: Disabled
[    0.000000] x86/PAT: MTRRs disabled, skipping PAT initialization too.
[    0.000000] CPU MTRRs all blank - virtualized system.
[    0.000000] x86/PAT: Configuration [0-7]: WB  WT  UC- UC  WB  WT  UC- UC  
[    0.000000] found SMP MP-table at [mem 0x0009fff0-0x0009ffff] mapped at [ffff88000009fff0]
[    0.000000] Scanning 1 areas for low memory corruption
[    0.000000] RAMDISK: [mem 0x36230000-0x3710ffff]
[    0.000000] ACPI: Early table checksum verification disabled
[    0.000000] ACPI: RSDP 0x00000000000E0000 000024 (v02 VBOX  )
[    0.000000] ACPI: XSDT 0x000000007FFF0030 00003C (v01 VBOX   VBOXXSDT 00000001 ASL  00000061)
[    0.000000] ACPI: FACP 0x000000007FFF00F0 0000F4 (v04 VBOX   VBOXFACP 00000001 ASL  00000061)
[    0.000000] ACPI: DSDT 0x000000007FFF0470 0021C8 (v02 VBOX   VBOXBIOS 00000002 INTL 20100528)
[    0.000000] ACPI: FACS 0x000000007FFF0200 000040
[    0.000000] ACPI: FACS 0x000000007FFF0200 000040
[    0.000000] ACPI: APIC 0x000000007FFF0240 00005C (v02 VBOX   VBOXAPIC 00000001 ASL  00000061)
[    0.000000] ACPI: SSDT 0x000000007FFF02A0 0001CC (v01 VBOX   VBOXCPUT 00000002 INTL 20100528)
[    0.000000] No NUMA configuration found
[    0.000000] Faking a node at [mem 0x0000000000000000-0x000000007ffeffff]
[    0.000000] NODE_DATA(0) allocated [mem 0x7ffeb000-0x7ffeffff]
[    0.000000] kvm-clock: Using msrs 4b564d01 and 4b564d00
[    0.000000] kvm-clock: cpu 0, msr 0:7ffe3001, primary cpu clock
[    0.000000] kvm-clock: using sched offset of 4611238522 cycles
[    0.000000] clocksource: kvm-clock: mask: 0xffffffffffffffff max_cycles: 0x1cd42e4dffb, max_idle_ns: 881590591483 ns
[    0.000000] Zone ranges:
[    0.000000]   DMA      [mem 0x0000000000001000-0x0000000000ffffff]
[    0.000000]   DMA32    [mem 0x0000000001000000-0x000000007ffeffff]
[    0.000000]   Normal   empty
[    0.000000]   Device   empty
[    0.000000] Movable zone start for each node
[    0.000000] Early memory node ranges
[    0.000000]   node   0: [mem 0x0000000000001000-0x000000000009efff]
[    0.000000]   node   0: [mem 0x0000000000100000-0x000000007ffeffff]
[    0.000000] Initmem setup node 0 [mem 0x0000000000001000-0x000000007ffeffff]
[    0.000000] ACPI: PM-Timer IO Port: 0x4008
[    0.000000] IOAPIC[0]: apic_id 2, version 32, address 0xfec00000, GSI 0-23
[    0.000000] ACPI: INT_SRC_OVR (bus 0 bus_irq 0 global_irq 2 dfl dfl)
[    0.000000] ACPI: INT_SRC_OVR (bus 0 bus_irq 9 global_irq 9 high level)
[    0.000000] Using ACPI (MADT) for SMP configuration information
[    0.000000] smpboot: Allowing 2 CPUs, 0 hotplug CPUs
[    0.000000] PM: Registered nosave memory: [mem 0x00000000-0x00000fff]
[    0.000000] PM: Registered nosave memory: [mem 0x0009f000-0x0009ffff]
[    0.000000] PM: Registered nosave memory: [mem 0x000a0000-0x000effff]
[    0.000000] PM: Registered nosave memory: [mem 0x000f0000-0x000fffff]
[    0.000000] e820: [mem 0x80000000-0xfebfffff] available for PCI devices
[    0.000000] Booting paravirtualized kernel on KVM
[    0.000000] clocksource: refined-jiffies: mask: 0xffffffff max_cycles: 0xffffffff, max_idle_ns: 7645519600211568 ns
[    0.000000] setup_percpu: NR_CPUS:512 nr_cpumask_bits:512 nr_cpu_ids:2 nr_node_ids:1
[    0.000000] PERCPU: Embedded 34 pages/cpu @ffff88007fc00000 s98328 r8192 d32744 u1048576
[    0.000000] PV qspinlock hash table entries: 256 (order: 0, 4096 bytes)
[    0.000000] Built 1 zonelists in Node order, mobility grouping on.  Total pages: 515961
[    0.000000] Policy zone: DMA32
[    0.000000] Kernel command line: BOOT_IMAGE=/boot/vmlinuz-4.4.0-98-generic root=UUID=09a4f378-eab8-4333-a260-2f8d3f09c265 ro console=tty1 console=ttyS0
[    0.000000] PID hash table entries: 4096 (order: 3, 32768 bytes)
[    0.000000] Memory: 2029524K/2096696K available (8484K kernel code, 1294K rwdata, 3988K rodata, 1492K init, 1316K bss, 67172K reserved, 0K cma-reserved)
[    0.000000] SLUB: HWalign=64, Order=0-3, MinObjects=0, CPUs=2, Nodes=1
[    0.000000] Hierarchical RCU implementation.
[    0.000000] 	Build-time adjustment of leaf fanout to 64.
[    0.000000] 	RCU restricting CPUs from NR_CPUS=512 to nr_cpu_ids=2.
[    0.000000] RCU: Adjusting geometry for rcu_fanout_leaf=64, nr_cpu_ids=2
[    0.000000] NR_IRQS:33024 nr_irqs:440 16
[    0.000000] Console: colour VGA+ 80x25
[    0.000000] console [tty1] enabled
[    0.000000] console [ttyS0] enabled
[    0.000000] tsc: Detected 2494.226 MHz processor
[    0.986344] Calibrating delay loop (skipped) preset value.. 4988.45 BogoMIPS (lpj=9976904)
[    0.989901] pid_max: default: 32768 minimum: 301
[    0.991518] ACPI: Core revision 20150930
[    0.995550] ACPI: 2 ACPI AML tables successfully acquired and loaded
[    1.000050] Security Framework initialized
[    1.007842] Yama: becoming mindful.
[    1.017551] AppArmor: AppArmor initialized
[    1.033868] Dentry cache hash table entries: 262144 (order: 9, 2097152 bytes)
[    1.051055] Inode-cache hash table entries: 131072 (order: 8, 1048576 bytes)
[    1.060412] Mount-cache hah tabe entries: 4096 (order: 3, 32768 bytes)
[    1.194233] Mountpoint-cache hash table entries: 4096 (order: 3, 32768 bytes)
[    1.229396] Initializing cgroup subsys io
[    1.237820] Initializing cgroup subsys memory
[    1.243839] Initializing cgroup subsys devices
[    1.248777] Initializing cgroup subsys freezer
[    1.255138] Initializing cgroup subsys net_cls
[    1.265309] Initializing cgroup subsys perf_event
[    1.276234] Initializing cgroup subsys net_prio
[    1.280936] Initializing cgroup subsys hugetlb
[    1.286328] Initializing cgroup subsys pids
[    1.292109] CPU: Physical Processor ID: 0
[    1.293909] CPU: Processor Core ID: 0
[    1.298171] mce: CPU supports 0 MCE banks
[    1.322370] Last level iTLB entries: 4KB 1024, 2MB 1024, 4MB 1024
[    1.336561] Last level dTLB entries: 4KB 1024, 2MB 1024, 4MB 1024, 1GB 4
[    1.348176] Freeing SMP alternatives memory: 32K
[    1.363659] ftrace: allocating 32154 entries in 126 pages
[    1.445052] smpboot: APIC(0) Converting physical 0 to logical package 0
[    1.457040] smpboot: Max logical packages: 1
[    1.460330] x2apic enabled
[    1.464091] Switched APIC routing to physical x2apic.
[    1.470419] ..TIMER: vector=0x30 apic1=0 pin1=2 apic2=-1 pin2=-1
[    1.604518] smpboot: CPU0: Intel(R) Core(TM) i5-4300U CPU @ 1.90GHz (family: 0x6, model: 0x45, stepping: 0x1)
[    1.617415] Performance Events: unsupported p6 CPU model 69 no PMU driver, software events only.
[    1.630343] KVM setup paravirtual spinlock
[    1.633183] x86: Booting SMP configuration:
[    1.635565] .... node  #0, CPUs:      #1
[    1.640748] kvm-clock: cpu 1, msr 0:7ffe3041, secondary cpu clock
[    1.664880] mce: CPU supports 0 MCE banks
[    1.668432] x86: Booted up 1 node, 2 CPUs
[    1.682002] smpboot: Total of 2 processors activated (9976.90 BogoMIPS)
[    1.696109] devtmpfs: initialized
[    1.714761] evm: security.selinux
[    1.736380] evm: security.SMACK64
[    1.738188] evm: security.SMACK64EXEC
[    1.749451] evm: security.SMACK64TRANSMUTE
[    1.754054] evm: security.SMACK64MMAP
[    1.773058] evm: security.ima
[    1.784113] evm: security.capability
[    1.793311] clocksource: jiffies: mask: 0xffffffff max_cycles: 0xffffffff, max_idle_ns: 7645041785100000 ns
[    1.796353] futex hash table entries: 512 (order: 3, 32768 bytes)
[    1.806800] pinctrl core: initialized pinctrl subsystem
[    1.809389] RTC time: 14:36:36, date: 11/10/17
[    1.811575] NET: Registered protocol family 16
[    1.832614] cpuidle: using governor ladder
[    1.856946] cpuidle: using governor menu
[    1.881308] PCCT header not found.
[    1.882471] ACPI: bus type PCI registered
[    1.888294] acpiphp: ACPI Hot Plug PCI Controller Driver version: 0.5
[    1.893496] PCI: Using configuration type 1 for base access
[    1.913420] ACPI: Added _OSI(Module Device)
[    1.928052] ACPI: Added _OSI(Processor Device)
[    1.931360] ACPI: Added _OSI(3.0 _SCP Extensions)
[    1.936042] ACPI: Added _OSI(Processor Aggregator Device)
[    1.941315] ACPI: Executed 1 blocks of module-level executable AML code
[    1.976046] ACPI: Interpreter enabled
[    1.989919] ACPI: (supports S0 S5)
[    1.991039] ACPI: Using IOAPIC for interrupt routing
[    2.009004] PCI: Using host bridge windows from ACPI; if necessary, use "pci=nocrs" and report a bug
[    2.049013] ACPI: PCI Root Bridge [PCI0] (domain 0000 [bus 00-ff])
[    2.081748] acpi PNP0A03:00: _OSC: OS supports [ASPM ClockPM Segments MSI]
[    2.091167] acpi PNP0A03:00: _OSC failed (AE_NOT_FOUND); disabling ASPM
[    2.095134] acpi PNP0A03:00: fail to add MMCONFIG information, can't access extended PCI configuration space under this bridge.
[    2.100884] PCI host bridge to bus 0000:00
[    2.123228] pci_bus 0000:00: root bus resource [io  0x0000-0x0cf7 window]
[    2.152670] pci_bus 0000:00: root bus resource [io  0x0d00-0xffff window]
[    2.156570] pci_bus 0000:00: root bus resource [mem 0x000a0000-0x000bffff window]
[    2.169169] pci_bus 0000:00: root bus resource [mem 0x80000000-0xffdfffff window]
[    2.208526] pci_bus 0000:00: root bus resource [bus 00-ff]
[    2.237357] pci 0000:00:01.1: legacy IDE quirk: reg 0x10: [io  0x01f0-0x01f7]
[    2.249192] pci 0000:00:01.1: legacy IDE quirk: reg 0x14: [io  0x03f6]
[    2.255587] pci 0000:00:01.1: legacy IDE quirk: reg 0x18: [io  0x0170-0x0177]
[    2.268800] pci 0000:00:01.1: legacy IDE quirk: reg 0x1c: [io  0x0376]
[    2.340896] pci 0000:00:07.0: quirk: [io  0x4000-0x403f] claimed by PIIX4 ACPI
[    2.369218] pci 0000:00:07.0: quirk: [io  0x4100-0x410f] claimed by PIIX4 SMB
[    2.401441] ACPI: PCI Interrupt Link [LNKA] (IRQs 5 9 10 *11)
[    2.431950] ACPI: PCI Interrupt Link [LNKB] (IRQs 5 9 10 *11)
[    2.450802] ACPI: PCI Interrupt Link [LNKC] (IRQs 5 9 *10 11)
[    2.469294] ACPI: PCI Interrupt Link [LNKD] (IRQs 5 *9 10 11)
[    2.510286] ACPI: Enabled 2 GPEs in block 00 to 07
[    2.520282] vgaarb: setting as boot device: PCI:0000:00:02.0
[    2.523035] vgaarb: device added: PCI:0000:00:02.0,decodes=io+mem,owns=io+mem,locks=none
[    2.542513] vgaarb: loaded
[    2.552323] vgaarb: bridge control possible 0000:00:02.0
[    2.559946] SCSI subsystem initialized
[    2.563870] ACPI: bus type USB registered
[    2.576965] usbcore: registered new interface driver usbfs
[    2.624754] usbcore: registered new interface driver hub
[    2.627687] usbcore: registered new device driver usb
[    2.630626] PCI: Using ACPI for IRQ routing
[    2.670584] NetLabel: Initializing
[    2.672385] NetLabel:  domain hash size = 128
[    2.691305] NetLabel:  protocols = UNLABELED CIPSOv4
[    2.698108] NetLabel:  unlabeled traffic allowed by default
[    2.703311] amd_nb: Cannot enumerate AMD northbridges
[    2.704802] clocksource: Switched to clocksource kvm-clock
[    3.123724] AppArmor: AppArmor Filesystem Enabled
[    3.133396] pnp: PnP ACPI init
[    3.138671] pnp: PnP ACPI: found 3 devices
[    3.152400] clocksource: acpi_pm: mask: 0xffffff max_cycles: 0xffffff, max_idle_ns: 2085701024 ns
[    3.201871] NET: Registered protocol family 2
[    3.230930] TCP established hash table entries: 16384 (order: 5, 131072 bytes)
[    3.242826] TCP bind hash table entries: 16384 (order: 6, 262144 bytes)
[    3.263004] TCP: Hash tables configured (established 16384 bind 16384)
[    3.284603] UDP hash table entries: 1024 (order: 3, 32768 bytes)
[    3.308531] UDP-Lite hash table entries: 1024 (order: 3, 32768 bytes)
[    3.321328] NET: Registered protocol family 1
[    3.326836] pci 0000:00:00.0: Limiting direct PCI/PCI transfers
[    3.328522] pci 0000:00:01.0: Activating ISA DMA hang workarounds
[    3.333944] Unpacking initramfs...
[    3.913914] Freeing initrd memory: 15232K
[    3.918717] RAPL PMU detected, API unit is 2^-32 Joules, 4 fixed counters 10737418240 ms ovfl timer
[    3.925961] hw unit of domain pp0-core 2^-0 Joules
[    3.935369] hw unit of domain package 2^-0 Joules
[    3.938553] hw unit of domain dram 2^-0 Joules
[    3.941843] hw unit of domain pp1-gpu 2^-0 Joules
[    3.946297] platform rtc_cmos: registered platform RTC device (no PNP device found)
[    3.960714] Scanning for low memory corruption every 60 seconds
[    3.968356] audit: initializing netlink subsys (disabled)
[    3.973156] audit: type=2000 audit(1510324602.677:1): initialized
[    3.977295] Initialise system trusted keyring
[    3.985927] HugeTLB registered 2 MB page size, pre-allocated 0 pages
[    3.996426] zbud: loaded
[    4.015170] VFS: Disk quotas dquot_6.6.0
[    4.040170] VFS: Dquot-cache hash table entries: 512 (order 0, 4096 bytes)
[    4.046975] squashfs: version 4.0 (2009/01/31) Phillip Lougher
[    4.053178] fuse init (API version 7.23)
[    4.059022] Key type big_key registered
[    4.082671] Allocating IMA MOK and blacklist keyrings.
[    4.085417] Key type asymmetric registered
[    4.101661] Asymmetric key parser 'x509' registered
[    4.109429] Block layer SCSI generic (bsg) driver version 0.4 loaded (major 249)
[    4.130720] io scheduler noop registered
[    4.138970] io scheduler deadline registered (default)
[    4.144870] io scheduler cfq registered
[    4.159377] pci_hotplug: PCI Hot Plug PCI Core version: 0.5
[    4.162048] pciehp: PCI Express Hot Plug Controller Driver version: 0.4
[    4.164515] ACPI: AC Adapter [AC] (off-line)
[    4.179053] input: Power Button as /devices/LNXSYSTM:00/LNXPWRBN:00/input/input0
[    4.196425] ACPI: Power Button [PWRF]
[    4.204138] input: Sleep Button as /devices/LNXSYSTM:00/LNXSLPBN:00/input/input1
[    4.210325] ACPI: Sleep Button [SLPF]
[    4.218199] ACPI: Battery Slot [BAT0] (battery present)
[    4.220491] GHES: HEST is not enabled!
[    4.224035] Serial: 8250/16550 driver, 32 ports, IRQ sharing enabled
[    4.272356] 00:02: ttyS0 at I/O 0x3f8 (irq = 4, base_baud = 115200) is a 16550A
[    4.320005] Linux agpgart interface v0.103
[    4.330669] loop: module loaded
[    4.341205] scsi host0: ata_piix
[    4.342972] scsi host1: ata_piix
[    4.350257] ata1: PATA max UDMA/33 cmd 0x1f0 ctl 0x3f6 bmdma 0xd000 irq 14
[    4.366394] ata2: PATA max UDMA/33 cmd 0x170 ctl 0x376 bmdma 0xd008 irq 15
[    4.374945] libphy: Fixed MDIO Bus: probed
[    4.385962] tun: Universal TUN/TAP device driver, 1.6
[    4.387658] tun: (C) 1999-2004 Max Krasnyansky <maxk@qualcomm.com>
[    4.391309] PPP generic driver version 2.4.2
[    4.394645] ehci_hcd: USB 2.0 'Enhanced' Host Controller (EHCI) Driver
[    4.398069] ehci-pci: EHCI PCI platform driver
[    4.403045] ehci-platform: EHCI generic platform driver
[    4.417688] ohci_hcd: USB 1.1 'Open' Host Controller (OHCI) Driver
[    4.426702] ohci-pci: OHCI PCI platform driver
[    4.429969] ohci-platform: OHCI generic platform driver
[    4.432312] uhci_hcd: USB Universal Host Controller Interface driver
[    4.441497] i8042: PNP: PS/2 Controller [PNP0303:PS2K,PNP0f03:PS2M] at 0x60,0x64 irq 1,12
[    4.448649] serio: i8042 KBD port at 0x60,0x64 irq 1
[    4.459926] serio: i8042 AUX port at 0x60,0x64 irq 12
[    4.462660] mousedev: PS/2 mouse device common for all mice
[    4.473331] input: AT Translated Set 2 keyboard as /devices/platform/i8042/serio0/input/input2
[    4.481597] rtc_cmos rtc_cmos: rtc core: registered rtc_cmos as rtc0
[    4.487272] rtc_cmos rtc_cmos: alarms up to one day, 114 bytes nvram
[    4.491639] i2c /dev entries driver
[    4.493587] device-mapper: uevent: version 1.0.3
[    4.496795] device-mapper: ioctl: 4.34.0-ioctl (2015-10-28) initialised: dm-devel@redhat.com
[    4.524406] ledtrig-cpu: registered to indicate activity on CPUs
[    4.531217] NET: Registered protocol family 10
[    4.539982] NET: Registered protocol family 17
[    4.546298] Key type dns_resolver registered
[    4.547870] microcode: CPU0 sig=0x40651, pf=0x40, revision=0x0
[    4.580526] microcode: CPU1 sig=0x40651, pf=0x40, revision=0x0
[    4.591022] microcode: Microcode Update Driver: v2.01 <tigran@aivazian.fsnet.co.uk>, Peter Oruba
[    4.611528] registered taskstats version 1
[    4.613342] Loading compiled-in X.509 certificates
[    4.618348] Loaded X.509 cert 'Build time autogenerated kernel key: 7431eaeda5a51458aeb00f8de0f18f89e178d882'
[    4.639581] zswap: loaded using pool lzo/zbud
[    4.647336] Key type trusted registered
[    4.671532] Key type encrypted registered
[    4.696085] AppArmor: AppArmor sha1 policy hashing enabled
[    4.699226] ima: No TPM chip found, activating TPM-bypass!
[    4.711293] evm: HMAC attrs: 0x1
[    4.713842]   Magic number: 9:846:636
[    4.721814] power_supply AC: hash matches
[    4.730280] rtc_cmos rtc_cmos: setting system clock to 2017-11-10 14:36:39 UTC (1510324599)
[    4.733882] BIOS EDD facility v0.16 2004-Jun-25, 0 devices found
[    4.736992] EDD information not available.
[    4.741089] Freeing unused kernel memory: 1492K
[    4.753334] Write protecting the kernel read-only data: 14336k
[    4.763372] Freeing unused kernel memory: 1744K
[    4.776549] Freeing unused kernel memory: 108K
Loading, please wait...
starting version[    4.800557] random: systemd-udevd: uninitialized urandom read (16 bytes read, 3 bits of entropy available)
 229
[    4.801525] random: udevadm: uninitialized urandom read (16 bytes read, 3 bits of entropy available)
[    4.801578] random: udevadm: uninitialized urandom read (16 bytes read, 3 bits of entropy available)
[    4.801757] random: udevadm: uninitialized urandom read (16 bytes read, 3 bits of entropy available)
[    4.801847] random: udevadm: uninitialized urandom read (16 bytes read, 3 bits of entropy available)
[    4.801912] random: udevadm: uninitialized urandom read (16 bytes read, 3 bits of entropy available)
[    4.801975] random: udevadm: uninitialized urandom read (16 bytes read, 3 bits of entropy available)
[    4.802041] random: udevadm: uninitialized urandom read (16 bytes read, 3 bits of entropy available)
[    4.802101] random: udevadm: uninitialized urandom read (16 bytes read, 3 bits of entropy available)
[    4.802150] random: udevadm: uninitialized urandom read (16 bytes read, 3 bits of entropy available)
[    4.945011] tsc: Refined TSC clocksource calibration: 2495.624 MHz
[    4.952554] clocksource: tsc: mask: 0xffffffffffffffff max_cycles: 0x23f91403f5c, max_idle_ns: 440795326905 ns
[    5.035682] e1000: Intel(R) PRO/1000 Network Driver - version 7.3.21-k8-NAPI
[    5.038659] e1000: Copyright (c) 1999-2006 Intel Corporation.
[    5.091494] Fusion MPT base driver 3.04.20
[    5.099620] Copyright (c) 1999-2008 LSI Corporation
[    5.164278] Fusion MPT SPI Host driver 3.04.20
[    5.309059] input: ImExPS/2 Generic Explorer Mouse as /devices/platform/i8042/serio1/input/input4
[    5.319290] AVX version of gcm_enc/dec engaged.
[    5.377765] AES CTR mode by8 optimization enabled
[    5.884288] e1000 0000:00:03.0 eth0: (PCI:33MHz:32-bit) 02:47:9b:bf:4b:b0
[    5.904869] e1000 0000:00:03.0 eth0: Intel(R) PRO/1000 Network Connection
[    5.921606] mptbase: ioc0: Initiating bringup
[    6.030951] ioc0: LSI53C1030 A0: Capabilities={Initiator}
[    6.254722] scsi host2: ioc0: LSI53C1030 A0, FwRev=00000000h, Ports=1, MaxQ=256, IRQ=20
[    6.373793] scsi 2:0:0:0: Direct-Access     VBOX     HARDDISK         1.0  PQ: 0 ANSI: 5
[    6.381945] scsi target2:0:0: Beginning Domain Validation
[    6.404041] scsi target2:0:0: Domain Validation skipping write tests
[    6.424094] scsi target2:0:0: Ending Domain Validation
[    6.434929] scsi target2:0:0: asynchronous
[    6.483518] scsi 2:0:1:0: Direct-Access     VBOX     HARDDISK         1.0  PQ: 0 ANSI: 5
[    6.513968] scsi target2:0:1: Beginning Domain Validation
[    6.525717] scsi target2:0:1: Domain Validation skipping write tests
[    6.531385] scsi target2:0:1: Ending Domain Validation
[    6.532805] scsi target2:0:1: asynchronous
[    6.550002] sd 2:0:0:0: Attached scsi generic sg0 type 0
[    6.560759] sd 2:0:0:0: [sda] 20971520 512-byte logical blocks: (10.7 GB/10.0 GiB)
[    6.568628] sd 2:0:0:0: [sda] Write Protect is off
[    6.594224] sd 2:0:1:0: [sdb] 20480 512-byte logical blocks: (10.5 MB/10.0 MiB)
[    6.631237] sd 2:0:1:0: Attached scsi generic sg1 type 0
[    6.638931] sd 2:0:0:0: [sda] Incomplete mode parameter data
[    6.677790] sd 2:0:0:0: [sda] Assuming drive cache: write through
[    6.821023] sd 2:0:1:0: [sdb] Write Protect is off
[    6.823873] sd 2:0:1:0: [sdb] Incomplete mode parameter data
[    6.866792] sd 2:0:1:0: [sdb] Assuming drive cache: write through
[    6.874934]  sda: sda1
[    6.885471] sd 2:0:0:0: [sda] Attached SCSI disk
[    6.908644] sd 2:0:1:0: [sdb] Attached SCSI disk
[    7.038635] e1000 0000:00:08.0 eth1: (PCI:33MHz:32-bit) 08:00:27:ca:55:a3
[    7.060802] e1000 0000:00:08.0 eth1: Intel(R) PRO/1000 Network Connection
[    7.065268] e1000 0000:00:08.0 enp0s8: renamed from eth1
[    7.082458] e1000 0000:00:03.0 enp0s3: renamed from eth0
[    8.017146] floppy0: no floppy controllers found
Begin: Loading essential drivers[    9.695450] md: linear personality registered for level -1
 ... [    9.732762] md: multipath personality registered for level -4
[    9.744437] md: raid0 personality registered for level 0
[    9.784765] md: raid1 personality registered for level 1
[    9.877799] raid6: sse2x1   gen()  2472 MB/s
[    9.945004] raid6: sse2x1   xor()  3015 MB/s
[   10.033045] raid6: sse2x2   gen()  4257 MB/s
[   10.129835] raid6: sse2x2   xor()  3352 MB/s
[   10.213181] raid6: sse2x4   gen()  5698 MB/s
[   10.302803] raid6: sse2x4   xor()  3029 MB/s
[   10.305941] raid6: using algorithm sse2x4 gen() 5698 MB/s
[   10.307833] raid6: .... xor() 3029 MB/s, rmw enabled
[   10.309805] raid6: using ssse3x2 recovery algorithm
[   10.332436] xor: automatically using best checksumming function:
[   10.388835]    avx       : 12459.000 MB/sec
[   10.412864] async_tx: api initialized (async)
[   10.529007] md: raid6 personality registered for level 6
[   10.554937] md: raid5 personality registered for level 5
[   10.567478] md: raid4 personality registered for level 4
[   10.606556] md: raid10 personality registered for level 10
done.
Begin: Running /scripts/init-premount ... done.
Begin: Mounting root file system ... Begin: Running /scripts/local-top ... done.
Begin: Running /scripts/local-premount ... [   10.694378] Btrfs loaded
Scanning for Btrfs filesystems
done.
Warning: fsck no[   10.750574] EXT4-fs (sda1): INFO: recovery required on readonly filesystem
t present, so skipping root file system
[   10.756795] EXT4-fs (sda1): write access will be enabled during recovery
[   10.958666] EXT4-fs (sda1): recovery complete
[   10.976856] EXT4-fs (sda1): mounted filesystem with ordered data mode. Opts: (null)
done.
Begin: Running /scripts/local-bottom ... done.
Begin: Running /scripts/init-bottom ... done.
[   11.235228] systemd[1]: systemd 229 running in system mode. (+PAM +AUDIT +SELINUX +IMA +APPARMOR +SMACK +SYSVINIT +UTMP +LIBCRYPTSETUP +GCRYPT +GNUTLS +ACL +XZ -LZ4 +SECCOMP +BLKID +ELFUTILS +KMOD -IDN)
[   11.273243] systemd[1]: Detected virtualization oracle.
[   11.286314] systemd[1]: Detected architecture x86-64.

Welcome to [1mUbuntu 16.04.3 LTS[0m!

[   11.338043] systemd[1]: Set hostname to <ubuntu-xenial>.
[   11.607741] systemd[1]: Set up automount Arbitrary Executable File Formats File System Automount Point.
[[0;32m  OK  [0m] Set up automount Arbitrary Executab...ats File System Automount Point.
[   11.666533] systemd[1]: Reached target Encrypted Volumes.
[[0;32m  OK  [0m] Reached target Encrypted Volumes.
[   11.701894] systemd[1]: Created slice User and Session Slice.
[[0;32m  OK  [0m] Created slice User and Session Slice.
[   11.737599] systemd[1]: Listening on udev Kernel Socket.
[[0;32m  OK  [0m] Listening on udev Kernel Socket.
[   11.869161] systemd[1]: Started Trigger resolvconf update for networkd DNS.
[[0;32m  OK  [0m] Started Trigger resolvconf update for networkd DNS.
[   11.905594] systemd[1]: Listening on Journal Audit Socket.
[[0;32m  OK  [0m] Listening on Journal Audit Socket.
[   11.921237] systemd[1]: Listening on LVM2 poll daemon socket.
[[0;32m  OK  [0m] Listening on LVM2 poll daemon socket.
[   11.961227] systemd[1]: Reached target Swap.
[[0;32m  OK  [0m] Reached target Swap.
[   11.973400] systemd[1]: Listening on udev Control Socket.
[[0;32m  OK  [0m] Listening on udev Control Socket.
[   12.005294] systemd[1]: Started Forward Password Requests to Wall Directory Watch.
[[0;32m  OK  [0m] Started Forward Password Requests to Wall Directory Watch.
[   12.027925] systemd[1]: Listening on Journal Socket (/dev/log).
[[0;32m  OK  [0m] Listening on Journal Socket (/dev/log).
[   12.035043] systemd[1]: Listening on Journal Socket.
[[0;32m  OK  [0m] Listening on Journal Socket.
[   12.049280] systemd[1]: Reached target User and Group Name Lookups.
[[0;32m  OK  [0m] Reached target User and Group Name Lookups.
[   12.067194] systemd[1]: Created slice System Slice.
[[0;32m  OK  [0m] Created slice System Slice.
[   12.089177] systemd[1]: Mounting Debug File System...
         Mounting Debug File System...
[   12.118316] systemd[1]: Starting Set console keymap...
[   12.119920] random: nonblocking pool is initialized
         Starting Set console keymap...
[   12.169344] systemd[1]: Reached target Slices.
[[0;32m  OK  [0m] Reached target Slices.
[   12.229379] systemd[1]: Starting Uncomplicated firewall...
         Starting Uncomplicated firewall...
[   12.258501] systemd[1]: Mounting POSIX Message Queue File System...
         Mounting POSIX Message Queue File System...
[   12.278472] systemd[1]: Starting Remount Root and Kernel File Systems...
[   12.282750] EXT4-fs (sda1): re-mounted. Opts: (null)
         Starting Remount Root and Kernel File Systems...
[   12.321449] systemd[1]: Mounting Huge Pages File System...
         Mounting Huge Pages File System...
[   12.393057] systemd[1]: Starting Create list of required static device nodes for the current kernel...
         Starting Create list of required st... nodes for the current kernel...
[   12.453058] systemd[1]: Starting Load Kernel Modules...
[   12.464847] Loading iSCSI transport class v2.0-870.
         Starting Load Kernel Modules...
[   12.504407] iscsi: registered transport (tcp)
[   12.519071] systemd[1]: Created slice system-serial\x2dgetty.slice.
[[0;32m  OK  [0m] Created slice system-serial\x2dgetty.slice.
[   12.561507] systemd[1]: Starting Nameserver information manager...
         Starting Nameserver information [   12.594648] iscsi: registered transport (iser)
manager...
[   12.607159] systemd[1]: Listening on /dev/initctl Compatibility Named Pipe.
[[0;32m  OK  [0m] Listening on /dev/initctl Compatibility Named Pipe.
[   12.629407] systemd[1]: Listening on Device-mapper event daemon FIFOs.
[[0;32m  OK  [0m] Listening on Device-mapper event daemon FIFOs.
[   12.721334] systemd[1]: Listening on Syslog Socket.
[[0;32m  OK  [0m] Listening on Syslog Socket.
[   12.749244] systemd[1]: Starting Journal Service...
         Starting Journal Service...
[   12.789093] systemd[1]: Listening on LVM2 metadata daemon socket.
[[0;32m  OK  [0m] Listening on LVM2 metadata daemon socket.
[   12.857496] systemd[1]: Starting Monitoring of LVM2 mirrors, snapshots etc. using dmeventd or progress polling...
         Starting Monitoring of LVM2 mirrors... dmeventd or progress polling...
[   12.914432] systemd[1]: Mounted Huge Pages File System.
[[0;32m  OK  [0m] Mounted Huge Pages File System.
[   12.931750] systemd[1]: Mounted POSIX Message Queue File System.
[[0;32m  OK  [0m] Mounted POSIX Message Queue File System.
[   12.957482] systemd[1]: Mounted Debug File System.
[[0;32m  OK  [0m] Mounted Debug File System.
[   12.989161] systemd[1]: Started Journal Service.
[[0;32m  OK  [0m] Started Journal Service.
[[0;32m  OK  [0m] Started Set console keymap.
[[0;32m  OK  [0m] Started Uncomplicated firewall.
[[0;32m  OK  [0m] Started Remount Root and Kernel File Systems.
[[0;32m  OK  [0m] Started Create list of required sta...ce nodes for the current kernel.
[[0;32m  OK  [0m] Started Load Kernel Modules.
[[0;32m  OK  [0m] Started Nameserver information manager.
[[0;32m  OK  [0m] Started LVM2 metadata daemon.
         Starting Apply Kernel Variables...
         Mounting FUSE Control File System...
         Starting Create Static Device Nodes in /dev...
         Starting udev Coldplug all Devices...
         Starting Initial cloud-init job (pre-networking)...
         Starting Load/Save Random Seed...
         Starting Flush Journal to Persistent Storage...
[[0;32m  OK  [0m] Mounted FUSE Control File System.
[[0;32m  OK  [0m] Started Apply Kernel Variables.
[[0;32m  OK  [0m] Started Create Static Device Nodes in /dev.
[[0;32m  OK  [0m] Started Load/Save Random Seed.
[[0;32m  OK  [0m] Started udev Coldplug all Devices.
[[0;32m  OK  [0m] Started Flush Journal to Persistent Storage.
         Starting udev Kernel Device Manager...
[[0;32m  OK  [0m] Started Monitoring of LVM2 mirrors,...ng dmeventd or progress polling.
[[0;32m  OK  [0m] Started udev Kernel Device Manager.
[[0;32m  OK  [0m] Started Dispatch Password Requests to Console Directory Watch.
[[0;32m  OK  [0m] Reached target Local File Systems (Pre).
[[0;32m  OK  [0m] Reached target Local File Systems.
         Starting Create Volatile Files and Directories...
         Starting Tell Plymouth To Write Out Runtime Data...
         Starting Set console font and keymap...
         Starting LSB: AppArmor initialization...
[[0;32m  OK  [0m] Started Create Volatile Files and Directories.
[[0;32m  OK  [0m] Started Tell Plymouth To Write Out Runtime Data.
         Starting Network Time Synchronization...
         Starting Update UTMP about System Boot/Shutdown...
[[0;32m  OK  [0m] Started Network Time Synchronization.
[[0;32m  OK  [0m] Started Update UTMP about System Boot/Shutdown.
[[0;32m  OK  [0m] Found device /dev/ttyS0.
[[0;32m  OK  [0m] Reached target System Time Synchronized.
[[0;32m  OK  [0m] Started LSB: AppArmor initialization.
[[0;32m  OK  [0m] Started Set console font and keymap.
[[0;32m  OK  [0m] Created slice system-getty.slice.
[[0;32m  OK  [0m] Found device 82540EM Gigabit Ethern...r (PRO/1000 MT Desktop Adapter).
[[0;32m  OK  [0m] Found device 82540EM Gigabit Ethern...r (PRO/1000 MT Desktop Adapter).
[[0;32m  OK  [0m] Listening on Load/Save RF Kill Switch Status /dev/rfkill Watch.
[   13.546094] cloud-init[459]: Cloud-init v. 0.7.9 running 'init-local' at Fri, 10 Nov 2017 14:36:49 +0000. Up 12.88 seconds.
[[0;32m  OK  [0m] Started Initial cloud-init job (pre-networking).
[[0;32m  OK  [0m] Reached target Network (Pre).
         Starting Raise network interfaces...
[[0;32m  OK  [0m] Started ifup for enp0s3.
[[0;32m  OK  [0m] Started ifup for enp0s8.
[[0;32m  OK  [0m] Started Raise network interfaces.
         Starting Initial cloud-init job (metadata service crawler)...
[[0;32m  OK  [0m] Reached target Network.
[   15.903331] cloud-init[1088]: Cloud-init v. 0.7.9 running 'init' at Fri, 10 Nov 2017 14:36:52 +0000. Up 15.54 seconds.
[   15.981800] cloud-init[1088]: ci-info: ++++++++++++++++++++++++++++++++++++++Net device info++++++++++++++++++++++++++++++++++++++
[[0;32m  OK  [0m] Started Initial cloud-init job (metadata service crawler).
[[   16.097988] cloud-init[1088]: ci-info: +--------+------+-----------------------------+---------------+-------+-------------------+
[   16.158659] cloud-init[1088]: ci-info: | Device |  Up  |           Address           |      Mask     | Scope |     Hw-Address    |
[0;32m  OK  [0m] Reached target Cloud-config availability.
[   16.158791] cloud-init[1088]: ci-info: +--------+------+-----------------------------+---------------+-------+-------------------+
[   16.370555] cloud-init[1088]: ci-info: |   lo   | True |          127.0.0.1          |   255.0.0.0   |   .   |         .         |
[[0;32m  OK  [0m] Reached target Network is Online.
[   16.371037] cloud-init[1088]: ci-info: |   lo   | True |           ::1/128           |       .       |  host |         .         |
[   16.630496] cloud-init[1088]: ci-info: | enp0s8 | True |          10.0.0.27          | 255.255.255.0 |   .   | 08:00:27:ca:55:a3 |
[   16.630921] cloud-init[1088]: ci-info: | enp0s8 | True | fe80::a00:27ff:feca:55a3/64 |       .       |  link | 08:00:27:ca:55:a3 |
         Starting iSCSI initiator daemon (iscsid)...
[   16.631105] cloud-init[1088]: ci-info: | enp0s3 | True |          10.0.2.15          | 255.255.255.0 |   .   | 02:47:9b:bf:4b:b0 |
[   16.821150] cloud-init[1088]: ci-info: | enp0s3 | True |  fe80::47:9bff:febf:4bb0/64 |       .       |  link | 02:47:9b:bf:4b:b0 |
[[0;32m  OK  [0m] Reached target System Initialization.
[   16.821277] cloud-init[1088]: ci-info: +--------+------+-----------------------------+---------------+-------+-------------------+
[   17.161024] cloud-init[1088]: ci-info: +++++++++++++++++++++++++++Route IPv4 info++++++++++++++++++++++++++++
[   17.161958] cloud-init[1088]: ci-info: +-------+-------------+----------+---------------+-----------+-------+
[   17.172928] cloud-init[1088]: ci-info: | Route | Destination | Gateway  |    Genmask    | Interface | Flags |
[   17.173030] cloud-init[1088]: ci-info: +-------+-------------+----------+---------------+-----------+-------+
[   17.173100] cloud-init[1088]: ci-info: |   0   |   0.0.0.0   | 10.0.2.2 |    0.0.0.0    |   enp0s3  |   UG  |
[   17.173162] cloud-init[1088]: ci-info: |   1   |   10.0.0.0  | 0.0.0.0  | 255.255.255.0 |   enp0s8  |   U   |
[   17.173222] cloud-init[1088]: ci-info: |   2   |   10.0.2.0  | 0.0.0.0  | 255.255.255.0 |   enp0s3  |   U   |
[   17.173320] cloud-init[1088]: ci-info: +-------+-------------+----------+---------------+-----------+-------+
         Starting LXD - unix socket.
[[0;32m  OK  [0m] Started Timer to automatically fetch and run repair assertions.
[[0;32m  OK  [0m] Listening on D-Bus System Message Bus Socket.
[[0;32m  OK  [0m] Listening on UUID daemon activation socket.
[[0;32m  OK  [0m] Started ACPI Events Check.
[[0;32m  OK  [0m] Reached target Paths.
[[0;32m  OK  [0m] Started Daily apt download activities.
[[0;32m  OK  [0m] Started Daily apt upgrade and clean activities.
[[0;32m  OK  [0m] Listening on ACPID Listen Socket.
[[0;32m  OK  [0m] Started Daily Cleanup of Temporary Directories.
[[0;32m  OK  [0m] Started Timer to automatically refresh installed snaps.
[[0;32m  OK  [0m] Reached target Timers.
         Starting Socket activation for snappy daemon.
[[0;32m  OK  [0m] Listening on LXD - unix socket.
[[0;32m  OK  [0m] Listening on Socket activation for snappy daemon.
[[0;32m  OK  [0m] Started iSCSI initiator daemon (iscsid).
         Starting Login to default iSCSI targets...
[[0;32m  OK  [0m] Reached target Sockets.
[[0;32m  OK  [0m] Reached target Basic System.
[[0;32m  OK  [0m] Started Regular background program processing daemon.
[[0;32m  OK  [0m] Started Deferred execution scheduler.
         Starting LSB: Record successful boot for GRUB...
[[0;32m  OK  [0m] Started ACPI event daemon.
         Starting Login Service...
         Starting Apply the settings specified in cloud-config...
[[0;32m  OK  [0m] Started D-Bus System Message Bus.
         Starting Statistics collection and monitoring daemon...
         Starting LSB: MD monitoring daemon...
         Starting Snappy daemon...
[[0;32m  OK  [0m] Started FUSE filesystem for LXC.
         Starting Automatically fetch and run repair assertions...
[[0;32m  OK  [0m] Started Unattended Upgrades Shutdown.
         Starting Accounts Service...
         Starting OpenBSD Secure Shell server...
         Starting /etc/rc.local Compatibility...
         Starting System Logging Service...
         Starting LXD - container startup/shutdown...
[[0;32m  OK  [0m] Started OpenBSD Secure Shell server.
[[0;32m  OK  [0m] Started Snappy daemon.
[[0;32m  OK  [0m] Started System Logging Service.
[[0;32m  OK  [0m] Started Automatically fetch and run repair assertions.
[[0;32m  OK  [0m] Started /etc/rc.local Compatibility.
[[0;32m  OK  [0m] Started Statistics collection and monitoring daemon.
[[0;32m  OK  [0m] Started LXD - container startup/shutdown.
[[0;32m  OK  [0m] Started Login to default iSCSI targets.
[[0;32m  OK  [0m] Started LSB: Record successful boot for GRUB.
[[0;32m  OK  [0m] Started LSB: MD monitoring daemon.
[[0;32m  OK  [0m] Started Login Service.
         Starting Authenticate and Authorize Users to Run Privileged Tasks...
[[0;32m  OK  [0m] Reached target Remote File Systems (Pre).
[[0;32m  OK  [0m] Reached target Remote File Systems.
         Starting LSB: automatic crash report generation...
[   19.006402] cloud-init[1161]: Cloud-init v. 0.7.9 running 'modules:config' at Fri, 10 Nov 2017 14:36:55 +0000. Up 18.72 seconds.
         Starting Permit User Sessions...
         Starting LSB: daemon to balance interrupts for SMP systems...
         Starting LSB: Set the CPU Frequency Scaling governor to "ondemand"...
         Starting Auto import assertions from block devices...
[[0;32m  OK  [0m] Started Apply the settings specified in cloud-config.
[[0;32m  OK  [0m] Started Permit User Sessions.
[[0;32m  OK  [0m] Started Auto import assertions from block devices.
[[0;32m  OK  [0m] Started Authenticate and Authorize Users to Run Privileged Tasks.
[[0;32m  OK  [0m] Started Accounts Service.
[[0;32m  OK  [0m] Started LSB: automatic crash report generation.
[[0;32m  OK  [0m] Started LSB: daemon to balance interrupts for SMP systems.
         Starting Terminate Plymouth Boot Screen...
         Starting Hold until boot process finishes up...
[[0;32m  OK  [0m] Started LSB: Set the CPU Frequency Scaling governor to "ondemand".
[[0;32m  OK  [0m] Started Terminate Plymouth Boot Screen.
[[0;32m  OK  [0m] Started Hold until boot process finishes up.
         Starting Set console scheme...
[[0;32m  OK  [0m] Started Serial Getty on ttyS0.
[[0;32m  OK  [0m] Started Getty on tty1.
[[0;32m  OK  [0m] Reached target Login Prompts.
[[0;32m  OK  [0m] Reached target Multi-User System.
         Starting Execute cloud user/final scripts...
[[0;32m  OK  [0m] Reached target Graphical Interface.
         Starting Update UTMP about System Runlevel Changes...
[[0;32m  OK  [0m] Started Set console scheme.
[[0;32m  OK  [0m] Started Update UTMP about System Runlevel Changes.
[   20.209151] cloud-init[1321]: Cloud-init v. 0.7.9 running 'modules:final' at Fri, 10 Nov 2017 14:36:56 +0000. Up 20.02 seconds.
[   20.293127] cloud-init[1321]: Cloud-init v. 0.7.9 finished at Fri, 10 Nov 2017 14:36:57 +0000. Datasource DataSourceNoCloud [seed=/dev/sdb][dsmode=net].  Up 20.20 seconds
[[0;32m  OK  [0m] Started Execute cloud user/final scripts.
[[0;32m  OK  [0m] Reached target Cloud-init target.

Ubuntu 16.04.3 LTS ubuntu-xenial ttyS0

ubuntu-xenial login: [ 1106.350828] e1000 0000:00:03.0 enp0s3: Detected Tx Unit Hang
[ 1106.350828]   Tx Queue             <0>
[ 1106.350828]   TDH                  <b1>
[ 1106.350828]   TDT                  <b3>
[ 1106.350828]   next_to_use          <b3>
[ 1106.350828]   next_to_clean        <b1>
[ 1106.350828] buffer_info[next_to_clean]
[ 1106.350828]   time_stamp           <100030eec>
[ 1106.350828]   next_to_watch        <b2>
[ 1106.350828]   jiffies              <100031174>
[ 1106.350828]   next_to_watch.status <0>
[ 1108.354657] e1000 0000:00:03.0 enp0s3: Detected Tx Unit Hang
[ 1108.354657]   Tx Queue             <0>
[ 1108.354657]   TDH                  <b1>
[ 1108.354657]   TDT                  <b3>
[ 1108.354657]   next_to_use          <b3>
[ 1108.354657]   next_to_clean        <b1>
[ 1108.354657] buffer_info[next_to_clean]
[ 1108.354657]   time_stamp           <100030eec>
[ 1108.354657]   next_to_watch        <b2>
[ 1108.354657]   jiffies              <100031369>
[ 1108.354657]   next_to_watch.status <0>
[ 1110.358316] e1000 0000:00:03.0 enp0s3: Detected Tx Unit Hang
[ 1110.358316]   Tx Queue             <0>
[ 1110.358316]   TDH                  <b1>
[ 1110.358316]   TDT                  <b3>
[ 1110.358316]   next_to_use          <b3>
[ 1110.358316]   next_to_clean        <b1>
[ 1110.358316] buffer_info[next_to_clean]
[ 1110.358316]   time_stamp           <100030eec>
[ 1110.358316]   next_to_watch        <b2>
[ 1110.358316]   jiffies              <10003155e>
[ 1110.358316]   next_to_watch.status <0>
[ 1111.870757] e1000 0000:00:03.0 enp0s3: Reset adapter
[ 1560.922330] e1000 0000:00:03.0 enp0s3: Detected Tx Unit Hang
[ 1560.922330]   Tx Queue             <0>
[ 1560.922330]   TDH                  <18>
[ 1560.922330]   TDT                  <1a>
[ 1560.922330]   next_to_use          <1a>
[ 1560.922330]   next_to_clean        <18>
[ 1560.922330] buffer_info[next_to_clean]
[ 1560.922330]   time_stamp           <10004ca89>
[ 1560.922330]   next_to_watch        <19>
[ 1560.922330]   jiffies              <10004cd5d>
[ 1560.922330]   next_to_watch.status <0>
[ 1563.051591] e1000 0000:00:03.0 enp0s3: Detected Tx Unit Hang
[ 1563.051591]   Tx Queue             <0>
[ 1563.051591]   TDH                  <18>
[ 1563.051591]   TDT                  <1a>
[ 1563.051591]   next_to_use          <1a>
[ 1563.051591]   next_to_clean        <18>
[ 1563.051591] buffer_info[next_to_clean]
[ 1563.051591]   time_stamp           <10004ca89>
[ 1563.051591]   next_to_watch        <19>
[ 1563.051591]   jiffies              <10004cf71>
[ 1563.051591]   next_to_watch.status <0>
[ 1563.861858] e1000 0000:00:03.0 enp0s3: Reset adapter
[ 1788.432920] e1000 0000:00:03.0 enp0s3: Detected Tx Unit Hang
[ 1788.432920]   Tx Queue             <0>
[ 1788.432920]   TDH                  <af>
[ 1788.432920]   TDT                  <b1>
[ 1788.432920]   next_to_use          <b1>
[ 1788.432920]   next_to_clean        <af>
[ 1788.432920] buffer_info[next_to_clean]
[ 1788.432920]   time_stamp           <10005a930>
[ 1788.432920]   next_to_watch        <b0>
[ 1788.432920]   jiffies              <10005ab8a>
[ 1788.432920]   next_to_watch.status <0>
[ 1790.741317] e1000 0000:00:03.0 enp0s3: Detected Tx Unit Hang
[ 1790.741317]   Tx Queue             <0>
[ 1790.741317]   TDH                  <af>
[ 1790.741317]   TDT                  <b1>
[ 1790.741317]   next_to_use          <b1>
[ 1790.741317]   next_to_clean        <af>
[ 1790.741317] buffer_info[next_to_clean]
[ 1790.741317]   time_stamp           <10005a930>
[ 1790.741317]   next_to_watch        <b0>
[ 1790.741317]   jiffies              <10005adcb>
[ 1790.741317]   next_to_watch.status <0>
[ 1791.406923] e1000 0000:00:03.0 enp0s3: Reset adapter
[ 2689.331312] e1000 0000:00:03.0 enp0s3: Detected Tx Unit Hang
[ 2689.331312]   Tx Queue             <0>
[ 2689.331312]   TDH                  <b3>
[ 2689.331312]   TDT                  <b5>
[ 2689.331312]   next_to_use          <b5>
[ 2689.331312]   next_to_clean        <b3>
[ 2689.331312] buffer_info[next_to_clean]
[ 2689.331312]   time_stamp           <100091818>
[ 2689.331312]   next_to_watch        <b4>
[ 2689.331312]   jiffies              <100091b4e>
[ 2689.331312]   next_to_watch.status <0>
[ 2691.386783] e1000 0000:00:03.0 enp0s3: Detected Tx Unit Hang
[ 2691.386783]   Tx Queue             <0>
[ 2691.386783]   TDH                  <b3>
[ 2691.386783]   TDT                  <b5>
[ 2691.386783]   next_to_use          <b5>
[ 2691.386783]   next_to_clean        <b3>
[ 2691.386783] buffer_info[next_to_clean]
[ 2691.386783]   time_stamp           <100091818>
[ 2691.386783]   next_to_watch        <b4>
[ 2691.386783]   jiffies              <100091d50>
[ 2691.386783]   next_to_watch.status <0>
[ 2693.611134] e1000 0000:00:03.0 enp0s3: Detected Tx Unit Hang
[ 2693.611134]   Tx Queue             <0>
[ 2693.611134]   TDH                  <b3>
[ 2693.611134]   TDT                  <b5>
[ 2693.611134]   next_to_use          <b5>
[ 2693.611134]   next_to_clean        <b3>
[ 2693.611134] buffer_info[next_to_clean]
[ 2693.611134]   time_stamp           <100091818>
[ 2693.611134]   next_to_watch        <b4>
[ 2693.611134]   jiffies              <100091f7c>
[ 2693.611134]   next_to_watch.status <0>
[ 2694.168738] e1000 0000:00:03.0 enp0s3: Reset adapter
[ 3373.605878] e1000 0000:00:03.0 enp0s3: Detected Tx Unit Hang
[ 3373.605878]   Tx Queue             <0>
[ 3373.605878]   TDH                  <fb>
[ 3373.605878]   TDT                  <fd>
[ 3373.605878]   next_to_use          <fd>
[ 3373.605878]   next_to_clean        <fb>
[ 3373.605878] buffer_info[next_to_clean]
[ 3373.605878]   time_stamp           <1000bb456>
[ 3373.605878]   next_to_watch        <fc>
[ 3373.605878]   jiffies              <1000bb788>
[ 3373.605878]   next_to_watch.status <0>
[ 3376.209516] e1000 0000:00:03.0 enp0s3: Detected Tx Unit Hang
[ 3376.209516]   Tx Queue             <0>
[ 3376.209516]   TDH                  <fb>
[ 3376.209516]   TDT                  <fd>
[ 3376.209516]   next_to_use          <fd>
[ 3376.209516]   next_to_clean        <fb>
[ 3376.209516] buffer_info[next_to_clean]
[ 3376.209516]   time_stamp           <1000bb456>
[ 3376.209516]   next_to_watch        <fc>
[ 3376.209516]   jiffies              <1000bba13>
[ 3376.209516]   next_to_watch.status <0>
[ 3376.901790] e1000 0000:00:03.0 enp0s3: Reset adapter
[ 3443.154933] e1000 0000:00:03.0 enp0s3: Detected Tx Unit Hang
[ 3443.154933]   Tx Queue             <0>
[ 3443.154933]   TDH                  <72>
[ 3443.154933]   TDT                  <74>
[ 3443.154933]   next_to_use          <74>
[ 3443.154933]   next_to_clean        <72>
[ 3443.154933] buffer_info[next_to_clean]
[ 3443.154933]   time_stamp           <1000bf8b2>
[ 3443.154933]   next_to_watch        <73>
[ 3443.154933]   jiffies              <1000bfb73>
[ 3443.154933]   next_to_watch.status <0>
[ 3445.719364] e1000 0000:00:03.0 enp0s3: Detected Tx Unit Hang
[ 3445.719364]   Tx Queue             <0>
[ 3445.719364]   TDH                  <72>
[ 3445.719364]   TDT                  <74>
[ 3445.719364]   next_to_use          <74>
[ 3445.719364]   next_to_clean        <72>
[ 3445.719364] buffer_info[next_to_clean]
[ 3445.719364]   time_stamp           <1000bf8b2>
[ 3445.719364]   next_to_watch        <73>
[ 3445.719364]   jiffies              <1000bfdf4>
[ 3445.719364]   next_to_watch.status <0>
[ 3448.314849] e1000 0000:00:03.0 enp0s3: Detected Tx Unit Hang
[ 3448.314849]   Tx Queue             <0>
[ 3448.314849]   TDH                  <72>
[ 3448.314849]   TDT                  <74>
[ 3448.314849]   next_to_use          <74>
[ 3448.314849]   next_to_clean        <72>
[ 3448.314849] buffer_info[next_to_clean]
[ 3448.314849]   time_stamp           <1000bf8b2>
[ 3448.314849]   next_to_watch        <73>
[ 3448.314849]   jiffies              <1000c007d>
[ 3448.314849]   next_to_watch.status <0>
[ 3448.901427] e1000 0000:00:03.0 enp0s3: Reset adapter
[ 4583.345557] e1000 0000:00:03.0 enp0s3: Detected Tx Unit Hang
[ 4583.345557]   Tx Queue             <0>
[ 4583.345557]   TDH                  <12>
[ 4583.345557]   TDT                  <14>
[ 4583.345557]   next_to_use          <14>
[ 4583.345557]   next_to_clean        <12>
[ 4583.345557] buffer_info[next_to_clean]
[ 4583.345557]   time_stamp           <1001052b2>
[ 4583.345557]   next_to_watch        <13>
[ 4583.345557]   jiffies              <1001054e4>
[ 4583.345557]   next_to_watch.status <0>
[ 4585.890141] e1000 0000:00:03.0 enp0s3: Detected Tx Unit Hang
[ 4585.890141]   Tx Queue             <0>
[ 4585.890141]   TDH                  <12>
[ 4585.890141]   TDT                  <14>
[ 4585.890141]   next_to_use          <14>
[ 4585.890141]   next_to_clean        <12>
[ 4585.890141] buffer_info[next_to_clean]
[ 4585.890141]   time_stamp           <1001052b2>
[ 4585.890141]   next_to_watch        <13>
[ 4585.890141]   jiffies              <100105760>
[ 4585.890141]   next_to_watch.status <0>
[ 4586.539646] e1000 0000:00:03.0 enp0s3: Reset adapter
[ 4911.322593] e1000 0000:00:03.0 enp0s3: Detected Tx Unit Hang
[ 4911.322593]   Tx Queue             <0>
[ 4911.322593]   TDH                  <b0>
[ 4911.322593]   TDT                  <b2>
[ 4911.322593]   next_to_use          <b2>
[ 4911.322593]   next_to_clean        <b0>
[ 4911.322593] buffer_info[next_to_clean]
[ 4911.322593]   time_stamp           <1001192fe>
[ 4911.322593]   next_to_watch        <b1>
[ 4911.322593]   jiffies              <10011952c>
[ 4911.322593]   next_to_watch.status <0>
[ 4913.666991] e1000 0000:00:03.0 enp0s3: Detected Tx Unit Hang
[ 4913.666991]   Tx Queue             <0>
[ 4913.666991]   TDH                  <b0>
[ 4913.666991]   TDT                  <b2>
[ 4913.666991]   next_to_use          <b2>
[ 4913.666991]   next_to_clean        <b0>
[ 4913.666991] buffer_info[next_to_clean]
[ 4913.666991]   time_stamp           <1001192fe>
[ 4913.666991]   next_to_watch        <b1>
[ 4913.666991]   jiffies              <100119776>
[ 4913.666991]   next_to_watch.status <0>
[ 4914.249599] e1000 0000:00:03.0 enp0s3: Reset adapter
[ 4932.379128] e1000 0000:00:03.0 enp0s3: Detected Tx Unit Hang
[ 4932.379128]   Tx Queue             <0>
[ 4932.379128]   TDH                  <70>
[ 4932.379128]   TDT                  <72>
[ 4932.379128]   next_to_use          <72>
[ 4932.379128]   next_to_clean        <70>
[ 4932.379128] buffer_info[next_to_clean]
[ 4932.379128]   time_stamp           <10011a686>
[ 4932.379128]   next_to_watch        <71>
[ 4932.379128]   jiffies              <10011a9bc>
[ 4932.379128]   next_to_watch.status <0>
[ 4934.662759] e1000 0000:00:03.0 enp0s3: Detected Tx Unit Hang
[ 4934.662759]   Tx Queue             <0>
[ 4934.662759]   TDH                  <70>
[ 4934.662759]   TDT                  <72>
[ 4934.662759]   next_to_use          <72>
[ 4934.662759]   next_to_clean        <70>
[ 4934.662759] buffer_info[next_to_clean]
[ 4934.662759]   time_stamp           <10011a686>
[ 4934.662759]   next_to_watch        <71>
[ 4934.662759]   jiffies              <10011abf7>
[ 4934.662759]   next_to_watch.status <0>
[ 4936.938996] e1000 0000:00:03.0 enp0s3: Reset adapter
[ 5442.033362] e1000 0000:00:03.0 enp0s3: Detected Tx Unit Hang
[ 5442.033362]   Tx Queue             <0>
[ 5442.033362]   TDH                  <f>
[ 5442.033362]   TDT                  <11>
[ 5442.033362]   next_to_use          <11>
[ 5442.033362]   next_to_clean        <f>
[ 5442.033362] buffer_info[next_to_clean]
[ 5442.033362]   time_stamp           <100139892>
[ 5442.033362]   next_to_watch        <10>
[ 5442.033362]   jiffies              <100139b6f>
[ 5442.033362]   next_to_watch.status <0>
[ 5444.673963] e1000 0000:00:03.0 enp0s3: Detected Tx Unit Hang
[ 5444.673963]   Tx Queue             <0>
[ 5444.673963]   TDH                  <f>
[ 5444.673963]   TDT                  <11>
[ 5444.673963]   next_to_use          <11>
[ 5444.673963]   next_to_clean        <f>
[ 5444.673963] buffer_info[next_to_clean]
[ 5444.673963]   time_stamp           <100139892>
[ 5444.673963]   next_to_watch        <10>
[ 5444.673963]   jiffies              <100139e03>
[ 5444.673963]   next_to_watch.status <0>
[ 5446.762590] e1000 0000:00:03.0 enp0s3: Detected Tx Unit Hang
[ 5446.762590]   Tx Queue             <0>
[ 5446.762590]   TDH                  <f>
[ 5446.762590]   TDT                  <11>
[ 5446.762590]   next_to_use          <11>
[ 5446.762590]   next_to_clean        <f>
[ 5446.762590] buffer_info[next_to_clean]
[ 5446.762590]   time_stamp           <100139892>
[ 5446.762590]   next_to_watch        <10>
[ 5446.762590]   jiffies              <10013a00d>
[ 5446.762590]   next_to_watch.status <0>
[ 5448.949611] e1000 0000:00:03.0 enp0s3: Reset adapter
[ 5681.553997] e1000 0000:00:03.0 enp0s3: Detected Tx Unit Hang
[ 5681.553997]   Tx Queue             <0>
[ 5681.553997]   TDH                  <f3>
[ 5681.553997]   TDT                  <f5>
[ 5681.553997]   next_to_use          <f5>
[ 5681.553997]   next_to_clean        <f3>
[ 5681.553997] buffer_info[next_to_clean]
[ 5681.553997]   time_stamp           <1001482f2>
[ 5681.553997]   next_to_watch        <f4>
[ 5681.553997]   jiffies              <100148556>
[ 5681.553997]   next_to_watch.status <0>
[ 5684.017583] e1000 0000:00:03.0 enp0s3: Detected Tx Unit Hang
[ 5684.017583]   Tx Queue             <0>
[ 5684.017583]   TDH                  <f3>
[ 5684.017583]   TDT                  <f5>
[ 5684.017583]   next_to_use          <f5>
[ 5684.017583]   next_to_clean        <f3>
[ 5684.017583] buffer_info[next_to_clean]
[ 5684.017583]   time_stamp           <1001482f2>
[ 5684.017583]   next_to_watch        <f4>
[ 5684.017583]   jiffies              <1001487be>
[ 5684.017583]   next_to_watch.status <0>
[ 5685.944753] e1000 0000:00:03.0 enp0s3: Reset adapter
