[  000000Initializing cgroup subsys cpuset
   000000] itialzig grop bsys cpu
[    0.000000] Initialin cgrop bsys puct
[    00000] Luxverio4.4.012generic (buildd@lgw01-amd64-010 (ccversin .40 201060 (buntu 5.4.0-6ubuntu1~16.04.5) ) #135-Ubuntu SMP FriJa 19 1:48:36 UTC 2018 (Ubuntu 4.4.0-112.135-generic 4..9)
[    0.0000]Comma lne:BO_IMAGE=/boot/vmlinuz-4.4.0-112-genriroot=ABL=loudimg-rootfs ro console=tty1 console=ttyS0
[    0.00000 KENEsuppotecpus:[    00000] Itel GuieInl
[  000000  AMDutentcA
[   000000]  Cetar CenauHals
[    0.000000] x86/fpu: Legacy x87 FPU detected.
[    0.000000] x86/fpu: Using 'lazy' FPU conex sitches.
[    0.000000] e20BIOS-roidd physical RAM map:
[    0.000000] BIOS-e820: [mem 0x0000000000000000-0x0000000000bff] abe
  0.0000]BIS-20: [me 0000000000fc0-00000000009ffff] reserved
[    0.0000]BIOS-82 [memx0000000000f0000-0x00000000000fffff rerved
[   .000000] BIOS-e820: [memx000000000000-0000007feffff] usale
[   0.00000] BIOS-e820: [mem 0x0000007fff0000-0x0000000fffff] PI da
    00000]BI-e820[mm 000000fe0000-000000f00fffreervd[   0.00000]IO-e8: mem0x000000fee00000-0x00000000fe00f] resrv
[   000000] IO-e820 [em0x00000000fff000-000000000fffff] resrv
[   000000NX(Exece isae)proecon: aiv
[  0.00000] SMBIOS2.prese.
[  000000 Hperis detected: KVM
[    0.000000] e82: st_pfn= x7ff0 mx_rc_pfn  040000000
[   0.000000] MTRR: Disable
[    0.000000] x86/PT: MTRRs isbled, skipping PAT initialization too.
[    0.000000] CPU MTRRs all blank - virtualized system.
[    0.000000] x86/PAT: Configuration [0-7]: WB  WT  UC- UC  WB  WT  UC- UC  
[    0.000000] fondSM MP-talet [me 0009ff-0000ff] mapd t [ff8000009f0]
[    00000 Snning 1 areas for low memory corruti
[    .0000] RAMDSK[mem 0x36adc000-0x37565fff]
[    0.000000] ACPI Ely tabl cecsum vrication disabled[   0.000] CP RSDP x00000000000000 000024 (v02 VBOX  )
[    0.000000] ACPI: XSDT 0x000000007FFF0030 00003C (v01 VBOX   VBOXSD00000001 ASL  00000061)
[    0.000000] ACPI:FAC 00000000FF00F0 0004 v04VB   VBOXFACP 00000001 ASL  00000061)
[    0.000000] ACPI: DSDT 0x00000000FF0470 02FF(v0 VX   VXBOS 00002 IL 01005)
[    0.000000] ACPI: FACS 0x000000007FFF0200 000040
[    0.000000]AC: FACS0x000007F0200 0040
[    .0000] ACI:PIC 00000007FFF0240 00005C (v02 VBOX  VBXAIC 00001 ASL  00001)[   000000] CPI: DT0x000007FF2A 00CC(v0 VX   VXCUT 00002 IL 010028
[    00000 NNUMA nfgurti foun
[   0.000] Fakg  noe  [mem 0x0000000000000000-0x000000007ffeffff]
[    0.00000] NODE_DAT(0) aloatd [mem0xffb000-0xfeffff]
[    0.000000] kvm-clock: Using srs4b4d01 d b564d0[    .0000] vmlock:pu0, sr:7ffe00 primy pu lo
[    0.000000] kvm-clock: using sched offset of 382888006cyles
[   .00000]clksour: vm-lok: mas: 0xfffffffffff m_ccles: 0x1cd42e4dffb, max_idle_ns 81590591483 ns
[   000000 Zne ranes
    00000]  MA    [m 0x0000000000-0x000000ffff][   0.000000]   DMA32    [mem 0x0000000001000000-0x000000007ffeffff]
[    0.000000]   Normal   empty
[    0.000000]   Device   empty
[    0.000000] Movable zone start for each od
    00000] Erlmemory node ranges
[    0.000000]   node   0: [mem 0x0000000000001000-00000000009ff]
[    0.000000]   node   0: [mem0x000000001000-0000007ffeffff]
[    0.000000] Initmem setup node 0 [mem 0x0000000000001000-0x000000007ffeffff]
[    0.00000]ACI: PM-Timer I Port: 0x4008
[    0.000000] IOAPIC[0]: apic_id 2, version 32, address 0xfec00000, GSI 0-2
[   0.0000]AC: INTSROVR (s  bu_i 0 glalirq2 l dfl
[   00000] ACPI: INT_SRC_OVR (bus 0 bus_irq 9 global_irq 9 low level)
[    000000] Using ACPI(MADT fr MP confiraioninrmati
    00000]smoot: Allowing 2 CPUs, 0 hotplug CPUs
[    0.00000]M: Reistered nosave memory: [mem 0x00000000-0x00000fff]
[    0.0000] P: gistered nosave memory: [em 0x009f000-0x009fff]
[    0.000000] PM: Rgitered nosave memory: [mem 0x000a0000-0x000effff]
[    0.000000] PM: Registered nosave memory: [mem 0x000f0000-0x000fffff]
[    0.000000] e820: [mem 0x80000000-0xfebfffff] available for PCI devices
[    .0000] ooin paavtualized kernel on KVM
[    0.000000] clocksource: refined-jiffies: mask: 0xffffffff m_ccles 0fffffff, max_idle_ns: 7645519600211568 ns
[    0.000000] setup_percpu: NR_CPUS:512 nr_cpumask_bits:512 nr_cpu_ids:2 nr_node_ids:1
[    0.0000] ERCPU Ebeded 3 pagecpu @ff800fc000 s54 r8923152810857
   0.000] PV qspinlock hash table entries 26 order 04096 yt)
[  000000 Bilt 1zoelists in Nodeorer moilty grouping on.  Total pages: 515961
[    0.000000] Policy zone: DMA32
[    0.000000] Kernel command line: BOOT_IMAGE=/boot/vmlinuz-4.4.0-112-generic root=LABEL=cloudimg-roots ro onol=tt1 nsolettyS0
[  000000PID hash table entries: 4096 (order: 3, 32768 bytes)
[    0.000000] emry 203393K/96696 ailable (8499K kernel code, 1309K rwdata, 3988K rodata, 1508K init, 1316K bss, 62764K reserved, 0K cma-reserved)
[    0.000000] SLUB: HWalign=6, rdr=0-3 MnOjects, PUs2,odes=1
[    0.000000] Kernel/Usr ag tablesislaion: naed
[  000000Hierarchical RCU implementin.
[    0.000000] 	Build-time djstment of leaf fanout to 64.
[    0.000000] 	RCU restricting CPUs from NR_CPUS=512 to nr_cpu_ids=2.
[   000000 RU: Adjustinggeetry for rcu_fanout_leaf=64, nr_cpu_ids=2
[    0.000000] NR_IRQS:33024 nr_irqs:440 16
[    0.000000] Console: colour VGA+ 80x25
[    0.00000consoe tt1] enbl
[  0.0000]onsole [ttyS0] enabled
[    0.000000] tsc: Detected 2526.998 MHz processor
[   15.508691] Calibrating delay loop (skipped) preset value.. 5053.99 BogoMIPS (lpj10107992)
[   15.527589] pid_max: default: 32768 minimum 31
[   15.566631] ACPI: Core revision 20150930
[   15.617939] ACPI: 2 ACPI AML tables successfully acquired and loaded
[   15.704352] Security Framework initialized
[   15.737184] Yama: becoming mindful.
[   15.738832] AppArmor: AppArmor initialized
[   15.750450] Dentry cache hash table entries: 262144 (order: 9, 2097152 bytes)
[   15.760527] Inode-cache hash table entries: 131072 (order: 8, 1048576 bytes)
[   15.777834] Mount-cache hash table entries: 4096 (order: 3, 32768 bytes)
[   15.805387] Mountpoint-cache hash table entries: 4096 (order: 3, 32768 bytes)
[   15.813399] Initializing cgroup subsys io
[   15.817498] Initializing cgroup subsys memory
[   15.819354] Initializing cgroup subsys devices
[   15.824214] Initializing cgroup subsys freezer
[   15.829030] Initializing cgroup subsys net_cls
[   15.834329] Initializing cgroup subsys perf_event
[   15.836310] Initializing cgroup subsys net_prio
[   15.848781] Initializing cgroup subsys hugetlb
[   15.860674] Initializing cgroup subsys pids
[   15.862604] CPU: Physical Processor ID: 0
[   15.867559] CPU: Processor Core ID: 0
[   15.872931] FEATURE SPEC_CTRL Not Present
[   15.888158] mce: CPU supports 0 MCE banks
[   15.889920] Last level iTLB entries: 4KB 512, 2MB 7, 4MB 7
[   15.892138] Last level dTLB entries: 4KB 512, 2MB 32, 4MB 32, 1GB 0
[   15.903763] Freeing SMP alternatives memory: 32K
[   15.919652] ftrace: allocating 32180 entries in 126 pages
[   16.000205] smpboot: APIC(0) Converting physical 0 to logical package 0
[   16.013232] smpboot: Max logical packages: 1
[   16.017034] x2apic enabled
[   16.020125] Switched APIC routing to physical x2apic.
[   16.023518] ..TIMER: vector=0x30 apic1=0 pin1=2 apic2=-1 pin2=-1
[   16.215937] smpboot: CPU0: Intel(R) Core(TM) i3 CPU       M 380  @ 2.53GHz (family: 0x6, model: 0x25, stepping: 0x5)
[   16.243121] Performance Events: unsupported p6 CPU model 37 no PMU driver, software events only.
[   16.256780] KVM setup paravirtual spinlock
[   16.282444] x86: Booting SMP configuration:
[   16.302260] .... node  #0, CPUs:      #1
[   16.325299] kvm-clock: cpu 1, msr 0:7ffe3041, secondary cpu clock
[   16.330003] mce: CPU supports 0 MCE banks
[   16.335740] x86: Booted up 1 node, 2 CPUs
[   16.370395] smpboot: Total of 2 processors activated (10107.99 BogoMIPS)
[   16.379049] devtmpfs: initialized
[   16.393038] evm: security.selinux
[   16.396741] evm: security.SMACK64
[   16.402522] evm: security.SMACK64EXEC
[   16.411075] evm: security.SMACK64TRANSMUTE
[   16.435876] evm: security.SMACK64MMAP
[   16.445644] evm: security.ima
[   16.452525] evm: security.capability
[   16.493090] clocksource: jiffies: mask: 0xffffffff max_cycles: 0xffffffff, max_idle_ns: 7645041785100000 ns
[   16.550102] futex hash table entries: 512 (order: 3, 32768 bytes)
[   16.562786] pinctrl core: initialized pinctrl subsystem
[   16.583798] RTC time:  2:16:07, date: 01/29/18
[   16.589658] NET: Registered protocol family 16
[   16.603398] cpuidle: using governor ladder
[   16.627807] cpuidle: using governor menu
[   16.642549] PCCT header not found.
[   16.645788] ACPI: bus type PCI registered
[   16.652609] acpiphp: ACPI Hot Plug PCI Controller Driver version: 0.5
[   16.655316] PCI: Using configuration type 1 for base access
[   16.734070] ACPI: Added _OSI(Module Device)
[   16.780597] ACPI: Added _OSI(Processor Device)
[   16.840026] ACPI: Added _OSI(3.0 _SCP Extensions)
[   16.869181] ACPI: Added _OSI(Processor Aggregator Device)
[   16.872331] ACPI: Executed 1 blocks of module-level executable AML code
[   16.885725] ACPI: Interpreter enabled
[   16.940547] ACPI: (supports S0 S5)
[   16.974255] ACPI: Using IOAPIC for interrupt routing
[   16.986905] PCI: Using host bridge windows from ACPI; if necessary, use "pci=nocrs" and report a bug
[   16.997563] ACPI: PCI Root Bridge [PCI0] (domain 0000 [bus 00-ff])
[   17.061394] acpi PNP0A03:00: _OSC: OS supports [ASPM ClockPM Segments MSI]
[   17.071068] acpi PNP0A03:00: _OSC: not requesting OS control; OS requires [ExtendedConfig ASPM ClockPM MSI]
[   17.094707] acpi PNP0A03:00: fail to add MMCONFIG information, can't access extended PCI configuration space under this bridge.
[   17.154188] PCI host bridge to bus 0000:00
[   17.166686] pci_bus 0000:00: root bus resource [io  0x0000-0x0cf7 window]
[   17.245118] pci_bus 0000:00: root bus resource [io  0x0d00-0xffff window]
[   17.266487] pci_bus 0000:00: root bus resource [mem 0x000a0000-0x000bffff window]
[   17.276114] pci_bus 0000:00: root bus resource [mem 0x80000000-0xfdffffff window]
[   17.305755] pci_bus 0000:00: root bus resource [bus 00-ff]
[   17.323662] pci 0000:00:01.1: legacy IDE quirk: reg 0x10: [io  0x01f0-0x01f7]
[   17.355467] pci 0000:00:01.1: legacy IDE quirk: reg 0x14: [io  0x03f6]
[   17.389143] pci 0000:00:01.1: legacy IDE quirk: reg 0x18: [io  0x0170-0x0177]
[   17.405131] pci 0000:00:01.1: legacy IDE quirk: reg 0x1c: [io  0x0376]
[   17.470638] pci 0000:00:07.0: quirk: [io  0x4000-0x403f] claimed by PIIX4 ACPI
[   17.482573] pci 0000:00:07.0: quirk: [io  0x4100-0x410f] claimed by PIIX4 SMB
[   17.521953] ACPI: PCI Interrupt Link [LNKA] (IRQs 5 9 10 *11)
[   17.556638] ACPI: PCI Interrupt Link [LNKB] (IRQs 5 9 *10 11)
[   17.567988] ACPI: PCI Interrupt Link [LNKC] (IRQs 5 *9 10 11)
[   17.588709] ACPI: PCI Interrupt Link [LNKD] (IRQs 5 9 10 *11)
[   17.649733] ACPI: Enabled 2 GPEs in block 00 to 07
[   17.676624] vgaarb: setting as boot device: PCI:0000:00:02.0
[   17.689835] vgaarb: device added: PCI:0000:00:02.0,decodes=io+mem,owns=io+mem,locks=none
[   17.703638] vgaarb: loaded
[   17.706084] vgaarb: bridge control possible 0000:00:02.0
[   17.735064] SCSI subsystem initialized
[   17.740454] ACPI: bus type USB registered
[   17.745756] usbcore: registered new interface driver usbfs
[   17.785945] usbcore: registered new interface driver hub
[   17.793086] usbcore: registered new device driver usb
[   17.798419] PCI: Using ACPI for IRQ routing
[   17.801793] NetLabel: Initializing
[   17.833819] NetLabel:  domain hash size = 128
[   17.835616] NetLabel:  protocols = UNLABELED CIPSOv4
[   17.843483] NetLabel:  unlabeled traffic allowed by default
[   17.857394] amd_nb: Cannot enumerate AMD northbridges
[   17.862260] clocksource: Switched to clocksource kvm-clock
[   7.928]ppmo AppArmor Filesystem Enabled
[   18.165074] pn: P CPin
  8.785]pn PP PIfond dic
[   18.936557] clocksource: acpi_pm: mask: 0xffffff max_cycles: 0xffffff, max_idle_ns: 2085701024 ns
[   19.087881] NET: Registered protocol family 2
[   19.188335] TCP established hash table entries: 16384 (order: 5, 131072 bytes)
[   19.347518] TCP bind hash table entries: 16384 (order: 6, 262144 bytes)
[   19.426374] TCP: Hash tables configured (established 16384 bind 16384)
[   19.532505] UDP hash table entries: 1024 (order: 3, 32768 bytes)
[   19.640174] UDP-Lite hash table entries: 1024 (order: 3, 32768 bytes)
[   19.645660] NET: Registered protocol family 1
[   19.651247] pci 0000:00:00.0: Limiting direct PCI/PCI transfers
[   19.661868] pci 0000:00:01.0: Activating ISA DMA hang workarounds
[   19.669125] Unpacking initramfs...
[ 222322Frinintrmery102K[ 2224291]plfo rc_cos riserd atrmRTdece(nPNdeceou)  23617]sc: Reined TS cckurce calibraio: 2698 M
[   24.51488] ocoue:scma: fffffffff ax_cyes0x6cdd5,axide_s:4479865 s[   24.515076] cani f l morcoruptionevy  sons
[   24.515453] audit: initializing netlink subsys (disabled)
[   24.515471] audit: type=2000 audit(1517192163.650:1): initialized
[   24.515816] Initialise system trusted keyring
[   24.515933] HugeTLB registered 2 MB page size, pre-allocated 0 pages
[   24.517747] zbud: loaded
[   24.517949] VFS: Disk quotas dquot_6.6.0
[   24.517985] VFS: Dquot-cache hash table entries: 512 (order 0, 4096 bytes)
[   24.518273] squashfs: version 4.0 (2009/01/31) Phillip Lougher
[   24.518661] fuse init (API version 7.23)
[   24.518827] Key type big_key registered
[   24.518848] Allocating IMA MOK and blacklist keyrings.
[   24.519101] Key type asymmetric registered
[   24.519103] Asymmetric key parser 'x509' registered
[   24.519143] Block layer SCSI generic (bsg) driver version 0.4 loaded (major 249)
[   24.519170] io scheduler noop registered
[   24.519171] io scheduler deadline registered (default)
[   24.519204] io scheduler cfq registered
[   24.519295] pci_hotplug: PCI Hot Plug PCI Core version: 0.5
[   24.519301] pciehp: PCI Express Hot Plug Controller Driver version: 0.4
[   24.519496] ACPI: AC Adapter [AC] (on-line)
[   24.519557] input: Power Button as /devices/LNXSYSTM:00/LNXPWRBN:00/input/input0
[   24.519561] ACPI: Power Button [PWRF]
[   24.519650] input: Sleep Button as /devices/LNXSYSTM:00/LNXSLPBN:00/input/input1
[   24.519652] ACPI: Sleep Button [SLPF]
[   24.519821] GHES: HEST is not enabled!
[   24.519910] Serial: 8250/16550 driver, 32 ports, IRQ sharing enabled
[   25.800229] 00:02: ttyS0 at I/O 0x3f8 (irq = 4, base_baud = 115200) is a 16550A
[   26.406271] Linux agpgart interface v0.103
[   26.407459] ACPI: Battery Slot [BAT0] (battery present)
[   26.426271] loop: module loaded
[   26.427278] scsi host0: ata_piix
[   26.427409] scsi host1: ata_piix
[   26.427464] ata1: PATA max UDMA/33 cmd 0x1f0 ctl 0x3f6 bmdma 0xd000 irq 14
[   26.427465] ata2: PATA max UDMA/33 cmd 0x170 ctl 0x376 bmdma 0xd008 irq 15
[   26.427591] libphy: Fixed MDIO Bus: probed
[   26.427594] tun: Universal TUN/TAP device driver, 1.6
[   26.427595] tun: (C) 1999-2004 Max Krasnyansky <maxk@qualcomm.com>
[   26.428137] PPP generic driver version 2.4.2
[   26.428245] ehci_hcd: USB 2.0 'Enhanced' Host Controller (EHCI) Driver
[   26.428251] ehci-pci: EHCI PCI platform driver
[   26.428264] ehci-platform: EHCI generic platform driver
[   26.428296] ohci_hcd: USB 1.1 'Open' Host Controller (OHCI) Driver
[   26.428301] ohci-pci: OHCI PCI platform driver
[   26.428315] ohci-platform: OHCI generic platform driver
[   26.428324] uhci_hcd: USB Universal Host Controller Interface driver
[   26.428404] i8042: PNP: PS/2 Controller [PNP0303:PS2K,PNP0f03:PS2M] at 0x60,0x64 irq 1,12
[   26.429828] serio: i8042 KBD port at 0x60,0x64 irq 1
[   26.429837] serio: i8042 AUX port at 0x60,0x64 irq 12
[   26.430092] mousedev: PS/2 mouse device common for all mice
[   26.430651] rtc_cmos rtc_cmos: rtc core: registered rtc_cmos as rtc0
[   26.430740] rtc_cmos rtc_cmos: alarms up to one day, 114 bytes nvram
[   26.430751] i2c /dev entries driver
[   26.430836] device-mapper: uevent: version 1.0.3
[   26.430928] device-mapper: ioctl: 4.34.0-ioctl (2015-10-28) initialised: dm-devel@redhat.com
[   26.430952] ledtrig-cpu: registered to indicate activity on CPUs
[   26.431503] NET: Registered protocol family 10
[   26.431752] NET: Registered protocol family 17
[   26.431767] Key type dns_resolver registered
[   26.444469] microcode: CPU0 sig=0x20655, pf=0x4, revision=0x616
[   26.444500] microcode: CPU1 sig=0x20655, pf=0x4, revision=0x616
[   26.444589] microcode: Microcode Update Driver: v2.01 <tigran@aivazian.fsnet.co.uk>, Peter Oruba
[   26.444744] registered taskstats version 1
[   26.444759] Loading compiled-in X.509 certificates
[   26.445779] Loaded X.509 cert 'Build time autogenerated kernel key: 4c603087bab8f0a02cb3b4e1fb4c40f507e71ef1'
[   26.445806] zswap: loaded using pool lzo/zbud
[   26.448093] Key type trusted registered
[   26.452605] Key type encrypted registered
[   26.452616] AppArmor: AppArmor sha1 policy hashing enabled
[   26.452620] ima: No TPM chip found, activating TPM-bypass!
[   26.452650] evm: HMAC attrs: 0x1
[   26.453009]   Magic number: 2:78:259
[   26.454411] rtc_cmos rtc_cmos: setting system clock to 2018-01-29 02:16:17 UTC (1517192177)
[   26.454557] BIOS EDD facility v0.16 2004-Jun-25, 0 devices found
[   26.454558] EDD information not available.
[   26.542386] input: AT Translated Set 2 keyboard as /devices/platform/i8042/serio0/input/input2
[   27.531157] Freeing unused kernel memory: 1508K
[   27.597073] Write protecting the kernel read-only data: 14336k
[   27.747619] Freeing unused kernel memory: 1728K
[   27.762513] Freeing unused kernel memory: 108K
Loading, please wait...
starting version[   27.788246] random: systemd-udevd: uninitialized urandom read (16 bytes read, 4 bits of entropy available)
 229
[   27.789394] random: udevadm: uninitialized urandom read (16 bytes read, 4 bits of entropy available)
[   27.789434] random: udevadm: uninitialized urandom read (16 bytes read, 4 bits of entropy available)
[   27.809665] random: udevadm: uninitialized urandom read (16 bytes read, 4 bits of entropy available)
[   27.809748] random: udevadm: uninitialized urandom read (16 bytes read, 4 bits of entropy available)
[   27.810042] random: udevadm: uninitialized urandom read (16 bytes read, 4 bits of entropy available)
[   27.810195] random: udevadm: uninitialized urandom read (16 bytes read, 4 bits of entropy available)
[   27.810378] random: udevadm: uninitialized urandom read (16 bytes read, 4 bits of entropy available)
[   27.810490] random: udevadm: uninitialized urandom read (16 bytes read, 4 bits of entropy available)
[   27.810605] random: udevadm: uninitialized urandom read (16 bytes read, 4 bits of entropy available)
[   28.097027] Fusion MPT base driver 3.04.20
[   28.108258] Copyright (c) 1999-2008 LSI Corporation
[   28.125984] e1000: Intel(R) PRO/1000 Network Driver - version 7.3.21-k8-NAPI
[   28.153636] e1000: Copyright (c) 1999-2006 Intel Corporation.
[   28.177786] Fusion MPT SPI Host driver 3.04.20
[   28.369135] input: ImExPS/2 Generic Explorer Mouse as /devices/platform/i8042/serio1/input/input4
[   28.576385] e1000 0000:00:03.0 eth0: (PCI:33MHz:32-bit) 02:1f:2a:60:99:e3
[   28.585863] e1000 0000:00:03.0 eth0: Intel(R) PRO/1000 Network Connection
[   28.653400] e1000 0000:00:03.0 enp0s3: renamed from eth0
[   28.717899] mptbase: ioc0: Initiating bringup
[   28.866659] ioc0: LSI53C1030 A0: Capabilities={Initiator}
[   29.161567] scsi host2: ioc0: LSI53C1030 A0, FwRev=00000000h, Ports=1, MaxQ=256, IRQ=20
[   29.291647] scsi 2:0:0:0: Direct-Access     VBOX     HARDDISK         1.0  PQ: 0 ANSI: 5
[   29.347293] scsi target2:0:0: Beginning Domain Validation
[   29.407565] scsi target2:0:0: Domain Validation skipping write tests
[   29.428697] scsi target2:0:0: Ending Domain Validation
[   29.544741] scsi target2:0:0: asynchronous
[   29.655088] scsi 2:0:1:0: Direct-Access     VBOX     HARDDISK         1.0  PQ: 0 ANSI: 5
[   29.670434] scsi target2:0:1: Beginning Domain Validation
[   29.677216] scsi target2:0:1: Domain Validation skipping write tests
[   29.704956] scsi target2:0:1: Ending Domain Validation
[   29.711187] scsi target2:0:1: asynchronous
[   29.761063] sd 2:0:0:0: Attached scsi generic sg0 type 0
[   29.842414] sd 2:0:0:0: [sda] 20971520 512-byte logical blocks: (10.7 GB/10.0 GiB)
[   29.890498] sd 2:0:1:0: Attached scsi generic sg1 type 0
[   29.891289] sd 2:0:0:0: [sda] Write Protect is off
[   29.891560] sd 2:0:0:0: [sda] Incomplete mode parameter data
[   29.891561] sd 2:0:0:0: [sda] Assuming drive cache: write through
[   29.990450] sd 2:0:1:0: [sdb] 20480 512-byte logical blocks: (10.5 MB/10.0 MiB)
[   29.991148] sd 2:0:1:0: [sdb] Write Protect is off
[   29.991382] sd 2:0:1:0: [sdb] Incomplete mode parameter data
[   29.991384] sd 2:0:1:0: [sdb] Assuming drive cache: write through
[   29.993432]  sda: sda1
[   29.995650] sd 2:0:0:0: [sda] Attached SCSI disk
[   29.996034] sd 2:0:1:0: [sdb] Attached SCSI disk
[   31.103497] floppy0: no floppy controllers found
Begin: Loading e[   32.668839] md: linear personality registered for level -1
ssential drivers[   32.721694] md: multipath personality registered for level -4
 ... [   32.732660] md: raid0 personality registered for level 0
[   32.748437] md: raid1 personality registered for level 1
[   32.882968] raid6: sse2x1   gen()  4363 MB/s
[   32.959002] raid6: sse2x1   xor()  4616 MB/s
[   33.039037] raid6: sse2x2   gen()  6830 MB/s
[   33.154310] raid6: sse2x2   xor()  5492 MB/s
[   33.254753] raid6: sse2x4   gen()  7950 MB/s
[   33.339552] raid6: sse2x4   xor()  5911 MB/s
[   33.387998] raid6: using algorithm sse2x4 gen() 7950 MB/s
[   33.451516] raid6: .... xor() 5911 MB/s, rmw enabled
[   33.536443] raid6: using ssse3x2 recovery algorithm
[   33.546326] xor: measuring software checksum speed
[   33.674366]    prefetch64-sse: 11652.000 MB/sec
[   33.791464]    generic_sse: 10616.000 MB/sec
[   33.850945] xor: using function: prefetch64-sse (11652.000 MB/sec)
[   33.871605] async_tx: api initialized (async)
[   33.916053] md: raid6 personality registered for level 6
[   33.945106] md: raid5 personality registered for level 5
[   33.959928] md: raid4 personality registered for level 4
[   33.975423] md: raid10 personality registered for level 10
done.
Begin: Running /scripts/init-premount ... done.
Begin: Mounting root file system ... Begin: Running /scripts/local-top ... done.
Begin: Running /scripts/local-premount ... [   34.064092] Btrfs loaded
Scanning for Btrfs filesystems
done.
Warning: fsck not present, so skipping root file[   34.136617] EXT4-fs (sda1): mounted filesystem with ordered data mode. Opts: (null)
 system
done.
Begin: Running /scripts/local-bottom ... done.
Begin: Running /scripts/init-bottom ... done.
[   34.385970] systemd[1]: systemd 229 running in system mode. (+PAM +AUDIT +SELINUX +IMA +APPARMOR +SMACK +SYSVINIT +UTMP +LIBCRYPTSETUP +GCRYPT +GNUTLS +ACL +XZ -LZ4 +SECCOMP +BLKID +ELFUTILS +KMOD -IDN)
[   34.571717] systemd[1]: Detected virtualization oracle.
[   34.650030] systemd[1]: Detected architecture x86-64.

Welcome to [1mUbuntu 16.04.3 LTS[0m!

[   34.756988] systemd[1]: Set hostname to <ubuntu>.
[   34.824940] systemd[1]: Initializing machine ID from random generator.
[   34.892960] systemd[1]: Installed transient /etc/machine-id file.
[   35.321448] systemd[1]: Listening on LVM2 metadata daemon socket.
[[0;32m  OK  [0m] Listening on LVM2 metadata daemon socket.
[   35.415087] systemd[1]: Listening on LVM2 poll daemon socket.
[[0;33m  OK  [0m] Listening on LVM2 poll daemon socket.
[   35.523310] systemd[1]: Listening on Journal Socket.
[[0;32m  OK  [0m] Listening on Journal Socket.
[   35.679442] systemd[1]: Listening on /dev/initctl Compatibility Named Pipe.
[[0;32m  OK  [0m] Listening on /dev/initctl Compatibility Named Pipe.
[   35.935024] systemd[1]: Reached target User and Group Name Lookups.
[[0;32m  OK  [0m] Reached target User and Group Name Lookups.
[   36.138713] systemd[1]: Set up automount Arbitrary Executable File Formats File System Automount Point.
[[0;32m  OK  [0m] Set up automount Arbitrary Executab...ats File System Automount Point.
[   36.338815] systemd[1]: Reached target Swap.
[[0;32m  OK  [0m] Reached target Swap.
[   36.378956] systemd[1]: Listening on Device-mapper event daemon FIFOs.
[[0;32m  OK  [0m] Listening on Device-mapper event daemon FIFOs.
[   36.444723] systemd[1]: Listening on Journal Socket (/dev/log).
[[0;32m  OK  [0m] Listening on Journal Socket (/dev/log).
[   36.491131] systemd[1]: Started Trigger resolvconf update for networkd DNS.
[[0;32m  OK  [0m] Started Trigger resolvconf update for networkd DNS.
[   36.595775] systemd[1]: Created slice System Slice.
[[0;32m  OK  [0m] Created slice System Slice.
[   36.758668] systemd[1]: Starting Monitoring of LVM2 mirrors, snapshots etc. using dmeventd or progress polling...
         Starting Monitoring of LVM2 mirrors... dmeventd or progress polling...
[   36.963383] systemd[1]: Mounting Huge Pages File System...
         Mounting Huge Pages File System...
[   37.095150] systemd[1]: Starting Create list of required static device nodes for the current kernel...
[   37.114944] random: nonblocking pool is initialized
         Starting Create list of required st... nodes for the current kernel...
[   37.238523] systemd[1]: Mounting POSIX Message Queue File System...
         Mounting POSIX Message Queue File System...
[   37.358725] systemd[1]: Starting Load Kernel Modules...
[   37.38331] adg CS tanpot las 2.87
         Startin[   37.881358] iscsi: registered transport (tcp)
g Load Kernel Modules...
[   37.926536] systemd[1]: Mounting Debug File System...
         Mountin[   37.954904] iscsi: registered transport (iser)
g Debug File System...
[   38.046691] systemd[1]: Starting Remount Root and Kernel File Systems...
[   38.053191] EXT4-fs (sda1): re-mounted. Opts: (null)
         Starting Remount Root and Kernel File Systems...
[   38.186545] systemd[1]: Starting Uncomplicated firewall...
         Starting Uncomplicated firewall...
[   38.303334] systemd[1]: Starting Nameserver information manager...
         Starting Nameserver information manager...
[   38.438989] systemd[1]: Reached target Encrypted Volumes.
[[0;32m  OK  [0m] Reached target Encrypted Volumes.
[   38.575526] systemd[1]: Created slice system-serial\x2dgetty.slice.
[[0;32m  OK  [0m] Created slice system-serial\x2dgetty.slice.
[   38.716306] systemd[1]: Started Forward Password Requests to Wall Directory Watch.
[[0;32m  OK  [0m] Started Forward Password Requests to Wall Directory Watch.
[   38.759221] systemd[1]: Listening on Syslog Socket.
[[0;32m  OK  [0m] Listening on Syslog Socket.
[   38.793966] systemd[1]: Created slice User and Session Slice.
[[0;32m  OK  [0m] Created slice User and Session Slice.
[   38.813924] systemd[1]: Reached target Slices.
[[0;32m  OK  [0m] Reached target Slices.
[   38.859514] systemd[1]: Starting Set console keymap...
         Starting Set console keymap...
[   38.988413] systemd[1]: Listening on Journal Audit Socket.
[[0;32m  OK  [0m] Listening on Journal Audit Socket.
[   39.094796] systemd[1]: Starting Journal Service...
         Starting Journal Service...
[   39.182640] systemd[1]: Listening on udev Kernel Socket.
[[0;32m  OK  [0m] Listening on udev Kernel Socket.
[   39.295153] systemd[1]: Listening on udev Control Socket.
[[0;32m  OK  [0m] Listening on udev Control Socket.
[   39.525386] systemd[1]: Mounted Huge Pages File System.
[[0;32m  OK  [0m] Mounted Huge Pages File System.
[   39.603326] systemd[1]: Mounted Debug File System.
[[0;32m  OK  [0m] Mounted Debug File System.
[   39.811264] systemd[1]: Mounted POSIX Message Queue File System.
[[0;32m  OK  [0m] Mounted POSIX Message Queue File System.
[   39.916323] systemd[1]: Started Journal Service.
[[0;32m  OK  [0m] Started Journal Service.
[[0;32m  OK  [0m] Started Create list of required sta...ce nodes for the current kernel.
[[0;32m  OK  [0m] Started Load Kernel Modules.
[[0;32m  OK  [0m] Started Remount Root and Kernel File Systems.
[[0;32m  OK  [0m] Started Uncomplicated firewall.
[[0;32m  OK  [0m] Started Set console keymap.
[[0;32m  OK  [0m] Started Nameserver information manager.
[[0;32m  OK  [0m] Started LVM2 metadata daemon.
         Starting Load/Save Random Seed...
         Starting Initial cloud-init job (pre-networking)...
         Starting udev Coldplug all Devices...
         Mounting FUSE Control File System...
         Starting Apply Kernel Variables...
         Starting Create Static Device Nodes in /dev...
         Starting Flush Journal to Persistent Storage...
[[0;32m  OK  [0m] Mounted FUSE Control File System.
[[0;32m  OK  [0m] Started Monitoring of LVM2 mirrors,...ng dmeventd or progress polling.
[[0;32m  OK  [0m] Started Load/Save Random Seed.
[[0;32m  OK  [0m] Started Apply Kernel Variables.
[[0;32m  OK  [0m] Started Create Static Device Nodes in /dev.
[[0;32m  OK  [0m] Started udev Coldplug all Devices.
[[0;32m  OK  [0m] Started Flush Journal to Persistent Storage.
         Starting udev Kernel Device Manager...
[[0;32m  OK  [0m] Started udev Kernel Device Manager.
[[0;32m  OK  [0m] Reached target Local File Systems (Pre).
[[0;32m  OK  [0m] Reached target Local File Systems.
         Starting LSB: AppArmor initialization...
         Starting Create Volatile Files and Directories...
         Starting Set console font and keymap...
         Starting Tell Plymouth To Write Out Runtime Data...
         Starting Commit a transient machine-id on disk...
[[0;32m  OK  [0m] Started Dispatch Password Requests to Console Directory Watch.
[[0;32m  OK  [0m] Started Create Volatile Files and Directories.
[[0;32m  OK  [0m] Started Tell Plymouth To Write Out Runtime Data.
[[0;32m  OK  [0m] Started Commit a transient machine-id on disk.
[[0;32m  OK  [0m] Found device /dev/ttyS0.
[[0;32m  OK  [0m] Reached target System Time Synchronized.
         Starting Update UTMP about System Boot/Shutdown...
[[0;32m  OK  [0m] Started Update UTMP about System Boot/Shutdown.
[[0;32m  OK  [0m] Listening on Load/Save RF Kill Switch Status /dev/rfkill Watch.
[   26.987499] cloud-init[438]: Cloud-init v. 17.1 running 'init-local' at Mon, 29 Jan 2018 02:16:34 +0000. Up 26.14 seconds.
[[0;32m  OK  [0m] Started Initial cloud-init job (pre-networking).
[[0;32m  OK  [0m] Started LSB: AppArmor initialization.
[[0;32m  OK  [0m] Reached target Network (Pre).
         Starting Raise network interfaces...
[[0;32m  OK  [0m] Started Set console font and keymap.
[[0;32m  OK  [0m] Created slice system-getty.slice.
[[0;32m  OK  [0m] Started Raise network interfaces.
[[0;32m  OK  [0m] Reached target Network.
         Starting Initial cloud-init job (metadata service crawler)...
[   30.654474] cloud-init[927]: Cloud-init v. 17.1 running 'init' at Mon, 29 Jan 2018 02:16:37 +0000. Up 29.27 seconds.
[[0;32m  OK  [0m[   30.861572] cloud-init[927]: ci-info: +++++++++++++++++++++++++++++++++++++Net device info++++++++++++++++++++++++++++++++++++++
[   30.862003] cloud-init[927]: ci-info: +--------+------+----------------------------+---------------+-------+-------------------+
[   30.862573] cloud-init[927]: ci-info: | Device |  Up  |          Address           |      Mask     | Scope |     Hw-Address    |
[   30.862987] cloud-init[927]: ci-info: +--------+------+----------------------------+---------------+-------+-------------------+
[   30.863541] cloud-init[927]: ci-info: | enp0s3 | True |         10.0.2.15          | 255.255.255.0 |   .   | 02:1f:2a:60:99:e3 |
[   30.863957] cloud-init[927]: ci-info: | enp0s3 | True | fe80::1f:2aff:fe60:99e3/64 |       .       |  link | 02:1f:2a:60:99:e3 |
] Started Initial cloud-init job (metadata service crawler).
[   30.864738] cloud-init[927]: ci-info: |   lo   | True |         127.0.0.1          |   255.0.0.0   |   .   |         .         |
[   32.057460] cloud-init[927]: ci-info: |   lo   | True |          ::1/128           |       .       |  host |         .         |
[   32.248700] cloud-init[927]: ci-info: +--------+------+----------------------------+---------------+-------+-------------------+
[[0;32m  OK  [0m] Reached target System Initialization.
[   32.421905] [[0;32m  OK  [0m] Started Timer to automatically refresh installed snaps.
[[0;32m  OK  [0m] Listening on D-Bus System Message Bus Socket.
cloud-init[927]: ci-info: +++++++++++++++++++++++++++Route IPv4 info++++++++++++++++++++++++++++
[   32.757792] [[0;32m  OK  [0m] Started ACPI Events Check.
[[0;32m  OK  [0m] Reached target Paths.
[[0;32m  OK  [0m] Started Daily Cleanup of Temporary Directories.
[[0;32m  OK  [0m] Listening on ACPID Listen Socket.
[[0;32m  OK  [0m] Listening on UUID daemon activation socket.
cloud-init[927]: ci-info: +-------+-------------+----------+---------------+-----------+-------+
         Starting LXD - unix socket.
[   33.095245] cloud-init[927]: ci-info: | Route | Destination | Gateway  |    Genmask    | Interface | Flags |
[   33.110226] cloud-init[927]: ci-info: +-------+-------------+----------+---------------+-----------+-------+
         Starting Socket activation for snappy daemon.
[   33.110596] cloud-init[927]: ci-info: |   0   |   0.0.0.0   | 10.0.2.2 |    0.0.0.0    |   enp0s3  |   UG  |
[   33.283948] cloud-init[927]: ci-info: |   1   |   10.0.2.0  | 0.0.0.0  | 255.255.255.0 |   enp0s3  |   U   |
[[0;32m  OK  [0m] Reached target Network is Online.
[   33.284334] cloud-init[927]: ci-info: +-------+-------------+----------+---------------+-----------+-------+
[   33.481677] cloud-init[927]: Generating public/private rsa key pair.
[[0;32m  OK  [0m] Started Daily apt download activities.
[[   33.481955] cloud-init[927]: Your identification has been saved in /etc/ssh/ssh_host_rsa_key.
[   33.541970] cloud-init[927]: Your public key has been saved in /etc/ssh/ssh_host_rsa_key.pub.
[0;32m  OK  [0m] Started Daily apt upgrade and clean activities.
[   33.542588] cloud-init[927]: The key fingerprint is:
[   33.764865] cloud-init[927]: SHA256:v3aZyU2hQMvNGAqstYaRzVtV90cL0G4Ufvsf4hqlt4c root@ubuntu-xenial[
[0;32m  OK  [0m] Reached target Timers.
[   33.765479] cloud-init[927]: The key's randomart image is:
[   33.905100] cloud-init[927]: +---[RSA 2048]----+
[   33.905614] cloud-init[927]: |     =   ..o+oo .|
         Starting iSCSI initiator daemon (iscsid)...
[   33.906128] cloud-init[927]: |    o * . o .+.o.|
[   33.937107] cloud-init[927]: |     = = + *o. oo|
[[0;32m  OK  [0m] Reached target Cloud-config availability.
[   33.937403] cloud-init[927]: |    o + . = ooo o|
[   34.019028] cloud-init[927]: |     .  S  ..o o |
[   34.019509] cloud-init[927]: |         .  + . .|
[[0;32m  OK  [0m] Listening on LXD - unix socket.
[   34.019973] cloud-init[927]: |          .+ O...|
[   34.095845] cloud-init[927]: |          ..XE+.o|
[[0;32m  OK  [0m] Listening on Socket activation for snappy daemon.
[   34.096507] cloud-init[927]: |         ..o.o. .|
[   34.254801] cloud-init[927]: +----[SHA256]-----+
[   34.286038] cloud-init[927]: Generating public/private dsa key pair.
[   34.361278] cloud-init[927]: Your identification has been saved in /etc/ssh/ssh_host_dsa_key.
[   34.458882] [[0;32m  OK  [0m] Started iSCSI initiator daemon (iscsid).
cloud-init[927]: Your public key has been saved in /etc/ssh/ssh_host_dsa_key.pub.
[   34.568679] cloud-init[927]: The key fingerprint is:
[   34.569531] cloud-init[927]: SHA256:RC6nVGKNbkVdh5l7UutkNwzOmjLA3YlPD6JIzY03Uso root@ubuntu-xenial
[   34.569651] cloud-init[927]: The key's randomart image is:
[   34.569784] cloud-init[927]: +---[DSA 1024]----+
[   34.569892] cloud-init[927]: |      o++. ..+.  |
[   34.570003] cloud-init[927]: |     ..=o.. +o.  |
[   34.570118] cloud-init[927]: |     .B.X o +oo. |
[   34.570224] cloud-init[927]: |     ooE B =oo=o.|
[   34.570341] cloud-init[927]: |    ..o S = =* ..|
[   34.570487] cloud-init[927]: |     . . o + ..  |
[   34.570610] cloud-init[927]: |          o      |
[   34.570728] cloud-init[927]: |                 |
[   34.570852] cloud-init[927]: |                 |
[   34.570968] cloud-init[927]: +----[SHA256]-----+
[   34.571093] cloud-init[927]: Generating public/private ecdsa key pair.
[   34.571213] cloud-init[927]: Your identification has been saved in /etc/ssh/ssh_host_ecdsa_key.
[   34.571331] cloud-init[927]: Your public key has been saved in /etc/ssh/ssh_host_ecdsa_key.pub.
[   34.571476] cloud-init[927]: The key fingerprint is:
[   34.571585] cloud-init[927]: SHA256:HSLPLrAZSTHemN2QYrPycx5JwzR8i5oBdU7oVNGu9M0 root@ubuntu-xenial
[   34.571698] cloud-init[927]: The key's randomart image is:
[   34.571833] cloud-init[927]: +---[ECDSA 256]---+
[   34.571950] cloud-init[927]: |   .++*+         |
[   34.572064] cloud-init[927]: |  ..*@=oo        |
[   34.572197] cloud-init[927]: |   ==*==o..      |
[   34.572338] cloud-init[927]: |  ..+.*+oo .     |
         Starting Login to default iSCSI targets...
[[0;32m  OK  [0m] Reached target Sockets.
[[0;32m  OK  [0m] Reached target Basic System.
[   34.572620] cloud-init[927]: |   o+* =So.      |
         Starting Login Service...
[   35.831916] cloud-init[927]: |    ===.. E      |
         [   35.904701] cloud-init[927]: |    o+...        |
[   35.904863] cloud-init[927]: |      ..         |
[   35.904993] cloud-init[927]: |                 |
[   35.905130] cloud-init[927]: +----[SHA256]-----+
[   35.905321] cloud-init[927]: Generating public/private ed25519 key pair.
[   35.905449] cloud-init[927]: Your identification has been saved in /etc/ssh/ssh_host_ed25519_key.
[   35.905587] cloud-init[927]: Your public key has been saved in /etc/ssh/ssh_host_ed25519_key.pub.
[   35.905719] cloud-init[927]: The key fingerprint is:
[   35.905867] cloud-init[927]: SHA256:aXv1j6fOkLM7YZbWcI2qaQL4PPDzhB0hsQ1ZerzcBA8 root@ubuntu-xenial
[   35.905987] cloud-init[927]: The key's randomart image is:
[   35.906106] cloud-init[927]: +--[ED25519 256]--+
[   35.906271] cloud-init[927]: |      ooE        |
[   35.906418] cloud-init[927]: |      .B +       |
[   35.906545] cloud-init[927]: |      + = o    o |
[   35.906664] cloud-init[927]: |       + *  . o .|
[   35.906814] cloud-init[927]: |     .  S . .*   |
[   35.906948] cloud-init[927]: |    o .+ o .Bo.  |
[   35.907088] cloud-init[927]: |     =..+ .*+..  |
[   35.907241] cloud-init[927]: |      *...+ .= o.|
[   35.908061] cloud-init[927]: |       +.o  o+=o.|
Starting LXD - container startup/shutdown...
[   35.909988] cloud-init[927]: +----[SHA256]-----+
         Starting LSB: MD monitoring daemon...
[[0;32m  OK  [0m] Started FUSE filesystem for LXC.
[[0;32m  OK  [0m] Started Unattended Upgrades Shutdown.
         Starting System Logging Service...
[[0;32m  OK  [0m] Started Regular background program processing daemon.
         Starting Pollinate to seed the pseudo random number generator...
[[0;32m  OK  [0m] Started ACPI event daemon.
         Starting Apply the settings specified in cloud-config...
         Starting Accounts Service...
         Starting /etc/rc.local Compatibility...
[[0;32m  OK  [0m] Started D-Bus System Message Bus.
         Starting LSB: Record successful boot for GRUB...
[[0;32m  OK  [0m] Started Deferred execution scheduler.
         Starting Snappy daemon...
[[0;32m  OK  [0m] Started System Logging Service.
[[0;32m  OK  [0m] Started LXD - container startup/shutdown.
[[0;32m  OK  [0m] Started /etc/rc.local Compatibility.
[[0;32m  OK  [0m] Started Login to default iSCSI targets.
[[0;32m  OK  [0m] Started LSB: MD monitoring daemon.
[[0;32m  OK  [0m] Started LSB: Record successful boot for GRUB.
[[0;32m  OK  [0m] Started Snappy daemon.
[[0;32m  OK  [0m] Started Login Service.
         Starting Authenticate and Authorize Users to Run Privileged Tasks...
[[0;32m  OK  [0m] Reached target Remote File Systems (Pre).
[[0;32m  OK  [0m] Reached target Remote File Systems.
         Starting LSB: Set the CPU Frequency Scaling governor to "ondemand"...
         Starting LSB: VirtualBox Linux Additions...
         Starting Permit User Sessions...
         Starting LSB: automatic crash report generation...
         Starting LSB: daemon to balance interrupts for SMP systems...
[[0;32m  OK  [0m] Started Pollinate to seed the pseudo random number generator.
[[0;32m  OK  [0m] Started Permit User Sessions.
[[0;32m  OK  [0m] Started Authenticate and Authorize Users to Run Privileged Tasks.
[[0;32m  OK  [0m] Started Accounts Service.
[   37.969982] cloud-init[1064]: Generating locales (this might take a while)...
[[0;32m  OK  [0m] Started LSB: Set the CPU Frequency Scaling governor to "ondemand".
         Starting Terminate Plymouth Boot Screen...
         Starting Hold until boot process finishes up...
         Starting OpenBSD Secure Shell server...
[[0;32m  OK  [0m] Started OpenBSD Secure Shell server.
[[0;32m  OK  [0m] Started LSB: VirtualBox Linux Additions.
[[0;32m  OK  [0m] Started LSB: automatic crash report generation.
[[0;32m  OK  [0m] Started LSB: daemon to balance interrupts for SMP systems.
[[0;32m  OK  [0m] Started Terminate Plymouth Boot Screen.
[[0;32m  OK  [0m] Started Hold until boot process finishes up.
[[0;32m  OK  [0m] Started Serial Getty on ttyS0.
[[0;32m  OK  [0m] Started Getty on tty1.
[[0;32m  OK  [0m] Reached target Login Prompts.
         Starting Set console scheme...
[[0;32m  OK  [0m] Reached target Multi-User System.
[[0;32m  OK  [0m] Reached target Graphical Interface.
         Starting Update UTMP about System Runlevel Changes...
[[0;32m  OK  [0m] Started Set console scheme.
[[0;32m  OK  [0m] Started Update UTMP about System Runlevel Changes.
[   39.576473] cloud-init[1064]:   en_US.UTF-8... done
[   39.605154] cloud-init[1064]: Generation complete.
[   40.171169] cloud-init[1064]: Cloud-init v. 17.1 running 'modules:config' at Mon, 29 Jan 2018 02:16:45 +0000. Up 37.60 seconds.
[[0;32m  OK  [0m] Started Apply the settings specified in cloud-config.
         Starting Execute cloud user/final scripts...
ci-info: no authorized ssh keys fingerprints found for user ubuntu.
<14>Jan 29 02:16:49 ec2: 
<14>Jan 29 02:16:49 ec2: #############################################################
<14>Jan 29 02:16:49 ec2: -----BEGIN SSH HOST KEY FINGERPRINTS-----
<14>Jan 29 02:16:49 ec2: 1024 SHA256:RC6nVGKNbkVdh5l7UutkNwzOmjLA3YlPD6JIzY03Uso root@ubuntu-xenial (DSA)
<14>Jan 29 02:16:49 ec2: 256 SHA256:HSLPLrAZSTHemN2QYrPycx5JwzR8i5oBdU7oVNGu9M0 root@ubuntu-xenial (ECDSA)
<14>Jan 29 02:16:49 ec2: 256 SHA256:aXv1j6fOkLM7YZbWcI2qaQL4PPDzhB0hsQ1ZerzcBA8 root@ubuntu-xenial (ED25519)
<14>Jan 29 02:16:49 ec2: 2048 SHA256:v3aZyU2hQMvNGAqstYaRzVtV90cL0G4Ufvsf4hqlt4c root@ubuntu-xenial (RSA)
<14>Jan 29 02:16:49 ec2: -----END SSH HOST KEY FINGERPRINTS-----
<14>Jan 29 02:16:49 ec2: #############################################################
-----BEGIN SSH HOST KEY KEYS-----
ecdsa-sha2-nistp256 AAAAE2VjZHNhLXNoYTItbmlzdHAyNTYAAAAIbmlzdHAyNTYAAABBBDpMoH2JHE0X8NUXetFDcUhsTIzRSQyeT22wFtOx1x0zJzMjur0TFmBNATHbrc64D5fvpoG8fhE4ltAWHKzvC6o= root@ubuntu-xenial
ssh-ed25519 AAAAC3NzaC1lZDI1NTE5AAAAIGsJYD7fzks+VItyy2G2TI3i2RmgyuumpK3RxTUQJSx/ root@ubuntu-xenial
ssh-rsa AAAAB3NzaC1yc2EAAAADAQABAAABAQDQT/r+uLkCDOXmVUvyKJdAHZOqwzoGEA7h/5HMyJddnXA0qEJvbNrDKeEC9H1KicrFs99svJaM24AdG2FQ7kn7ckc27B9d/wfqlN7c/We3VP+z1xBMByttsFgetgr9N2taJNAXm5MEQgtJWlEH3zUtBnZUEknla2jFXjrHTTlyqG/eUDsjK6tRWK5uhqbNzK/q29w073BQW4RUWqc/nV8tNnB5HIOGywnCK/HuYKb1i71gEeqBcjMzjLqnZcm3Z5ocOTIyw2kj9ABuh2Rt4LBIOYGCs3pDqKxwuO+bB2GzmNcWGeCjq3tPmj6+VMWbSPnALPA/2qKBTMzBgnChmFur root@ubuntu-xenial
-----END SSH HOST KEY KEYS-----
[   42.486854] cloud-init[1284]: Cloud-init v. 17.1 running 'modules:final' at Mon, 29 Jan 2018 02:16:49 +0000. Up 40.80 seconds.
[   42.592077] cloud-init[1284]: ci-info: no authorized ssh keys fingerprints found for user ubuntu.
[   42.665601] cloud-init[1284]: Cloud-init v. 17.1 finished at Mon, 29 Jan 2018 02:16:50 +0000. Datasource DataSourceNoCloud [seed=/dev/sdb][dsmode=net].  Up 42.47 seconds
[[0;32m  OK  [0m] Started Execute cloud user/final scripts.
[[0;32m  OK  [0m] Reached target Cloud-init target.

Ubuntu 16.04.3 LTS ubuntu-xenial ttyS0

ubuntu-xenial login: 