[    0.000000] Initializing cgroup subsys cpuset
[    0.000000] Initializing cgroup subsys cpu
[    0.000000] Initializing cgroup subsys cpuacct
[    0.000000] Linux version 4.4.0-98-generic (buildd@lcy01-03) (gcc version 5.4.0 20160609 (Ubuntu 5.4.0-6ubuntu1~16.04.4) ) #121-Ubuntu SMP Tue Oct 10 14:24:03 UTC 2017 (Ubuntu 4.4.0-98.121-generic 4.4.90)
[    0.000000] Command line: BOOT_IMAGE=/boot/vmlinuz-4.4.0-98-generic root=UUID=09a4f378-eab8-4333-a260-2f8d3f09c265 ro console=tty1 console=ttyS0
[    0.000000] KERNEL supported cpus:
[    0.000000]   Intel GenuineIntel
[    0.000000]   AMD AuthenticAMD
[    0.000000]   Centaur CentaurHauls
[    0.000000] x86/fpu: xstate_offset[2]:  576, xstate_sizes[2]:  256
[    0.000000] x86/fpu: Supporting XSAVE feature 0x01: 'x87 floating point registers'
[    0.000000] x86/fpu: Supporting XSAVE feature 0x02: 'SSE registers'
[    0.000000] x86/fpu: Supporting XSAVE feature 0x04: 'AVX registers'
[    0.000000] x86/fpu: Enabled xstate features 0x7, context size is 832 bytes, using 'standard' format.
[    0.000000] x86/fpu: Using 'lazy' FPU context switches.
[    0.000000] e820: BIOS-provided physical RAM map:
[    0.000000] BIOS-e820: [mem 0x0000000000000000-0x000000000009fbff] usable
[    0.000000] BIOS-e820: [mem 0x000000000009fc00-0x000000000009ffff] reserved
[    0.000000] BIOS-e820: [mem 0x00000000000f0000-0x00000000000fffff] reserved
[    0.000000] BIOS-e820: [mem 0x0000000000100000-0x000000007ffeffff] usable
[    0.000000] BIOS-e820: [mem 0x000000007fff0000-0x000000007fffffff] ACPI data
[    0.000000] BIOS-e820: [mem 0x00000000fec00000-0x00000000fec00fff] reserved
[    0.000000] BIOS-e820: [mem 0x00000000fee00000-0x00000000fee00fff] reserved
[    0.000000] BIOS-e820: [mem 0x00000000fffc0000-0x00000000ffffffff] reserved
[    0.000000] NX (Execute Disable) protection: active
[    0.000000] SMBIOS 2.5 present.
[    0.000000] Hypervisor detected: KVM
[    0.000000] e820: last_pfn = 0x7fff0 max_arch_pfn = 0x400000000
[    0.000000] MTRR: Disabled
[    0.000000] x86/PAT: MTRRs disabled, skipping PAT initialization too.
[    0.000000] CPU MTRRs all blank - virtualized system.
[    0.000000] x86/PAT: Configuration [0-7]: WB  WT  UC- UC  WB  WT  UC- UC  
[    0.000000] found SMP MP-table at [mem 0x0009fff0-0x0009ffff] mapped at [ffff88000009fff0]
[    0.000000] Scanning 1 areas for low memory corruption
[    0.000000] RAMDISK: [mem 0x36230000-0x3710ffff]
[    0.000000] ACPI: Early table checksum verification disabled
[    0.000000] ACPI: RSDP 0x00000000000E0000 000024 (v02 VBOX  )
[    0.000000] ACPI: XSDT 0x000000007FFF0030 00003C (v01 VBOX   VBOXXSDT 00000001 ASL  00000061)
[    0.000000] ACPI: FACP 0x000000007FFF00F0 0000F4 (v04 VBOX   VBOXFACP 00000001 ASL  00000061)
[    0.000000] ACPI: DSDT 0x000000007FFF0470 0021C8 (v02 VBOX   VBOXBIOS 00000002 INTL 20100528)
[    0.000000] ACPI: FACS 0x000000007FFF0200 000040
[    0.000000] ACPI: FACS 0x000000007FFF0200 000040
[    0.000000] ACPI: APIC 0x000000007FFF0240 00005C (v02 VBOX   VBOXAPIC 00000001 ASL  00000061)
[    0.000000] ACPI: SSDT 0x000000007FFF02A0 0001CC (v01 VBOX   VBOXCPUT 00000002 INTL 20100528)
[    0.000000] No NUMA configuration found
[    0.000000] Faking a node at [mem 0x0000000000000000-0x000000007ffeffff]
[    0.000000] NODE_DATA(0) allocated [mem 0x7ffeb000-0x7ffeffff]
[    0.000000] kvm-clock: Using msrs 4b564d01 and 4b564d00
[    0.000000] kvm-clock: cpu 0, msr 0:7ffe3001, primary cpu clock
[    0.000000] kvm-clock: using sched offset of 3356610502 cycles
[    0.000000] clocksource: kvm-clock: mask: 0xffffffffffffffff max_cycles: 0x1cd42e4dffb, max_idle_ns: 881590591483 ns
[    0.000000] Zone ranges:
[    0.000000]   DMA      [mem 0x0000000000001000-0x0000000000ffffff]
[    0.000000]   DMA32    [mem 0x0000000001000000-0x000000007ffeffff]
[    0.000000]   Normal   empty
[    0.000000]   Device   empty
[    0.000000] Movable zone start for each node
[    0.000000] Early memory node ranges
[    0.000000]   node   0: [mem 0x0000000000001000-0x000000000009efff]
[    0.000000]   node   0: [mem 0x0000000000100000-0x000000007ffeffff]
[    0.000000] Initmem setup node 0 [mem 0x0000000000001000-0x000000007ffeffff]
[    0.000000] ACPI: PM-Timer IO Port: 0x4008
[    0.000000] IOAPIC[0]: apic_id 2, version 32, address 0xfec00000, GSI 0-23
[    0.000000] ACPI: INT_SRC_OVR (bus 0 bus_irq 0 global_irq 2 dfl dfl)
[    0.000000] ACPI: INT_SRC_OVR (bus 0 bus_irq 9 global_irq 9 high level)
[    0.000000] Using ACPI (MADT) for SMP configuration information
[    0.000000] smpboot: Allowing 2 CPUs, 0 hotplug CPUs
[    0.000000] PM: Registered nosave memory: [mem 0x00000000-0x00000fff]
[    0.000000] PM: Registered nosave memory: [mem 0x0009f000-0x0009ffff]
[    0.000000] PM: Registered nosave memory: [mem 0x000a0000-0x000effff]
[    0.000000] PM: Registered nosave memory: [mem 0x000f0000-0x000fffff]
[    0.000000] e820: [mem 0x80000000-0xfebfffff] available for PCI devices
[    0.000000] Booting paravirtualized kernel on KVM
[    0.000000] clocksource: refined-jiffies: mask: 0xffffffff max_cycles: 0xffffffff, max_idle_ns: 7645519600211568 ns
[    0.000000] setup_percpu: NR_CPUS:512 nr_cpumask_bits:512 nr_cpu_ids:2 nr_node_ids:1
[    0.000000] PERCPU: Embedded 34 pages/cpu @ffff88007fc00000 s98328 r8192 d32744 u1048576
[    0.000000] PV qspinlock hash table entries: 256 (order: 0, 4096 bytes)
[    0.000000] Built 1 zonelists in Node order, mobility grouping on.  Total pages: 515961
[    0.000000] Policy zone: DMA32
[    0.000000] Kernel command line: BOOT_IMAGE=/boot/vmlinuz-4.4.0-98-generic root=UUID=09a4f378-eab8-4333-a260-2f8d3f09c265 ro console=tty1 console=ttyS0
[    0.000000] PID hash table entries: 4096 (order: 3, 32768 bytes)
[    0.000000] Memory: 2029524K/2096696K available (8484K kernel code, 1294K rwdata, 3988K rodata, 1492K init, 1316K bss, 67172K reserved, 0K cma-reserved)
[    0.000000] SLUB: HWalign=64, Order=0-3, MinObjects=0, CPUs=2, Nodes=1
[    0.000000] Hierarchical RCU implementation.
[    0.000000] 	Build-time adjustment of leaf fanout to 64.
[    0.000000] 	RCU restricting CPUs from NR_CPUS=512 to nr_cpu_ids=2.
[    0.000000] RCU: Adjusting geometry for rcu_fanout_leaf=64, nr_cpu_ids=2
[    0.000000] NR_IRQS:33024 nr_irqs:440 16
[    0.000000] Console: colour VGA+ 80x25
[    0.000000] console [tty1] enabled
[    0.000000] console [ttyS0] enabled
[    0.000000] tsc: Detected 2494.228 MHz processor
[    1.631734] Calibrating delay loop (skipped) preset value.. 4988.45 BogoMIPS (lpj=9976912)
[    1.635283] pid_max: default: 32768 minimum: 301
[    1.636396] ACPI: Core revision 20150930
[    1.644090] ACPI: 2 ACPI AML tables successfully acquired and loaded
[    1.680313] Security Framework initialized
[    1.707506] Yama: becoming mindful.
[    1.708296] AppArmor: AppArmor initialized
[    1.714376] Dentry cache hash table entries: 262144 (order: 9, 2097152 bytes)
[    1.721873] Inode-cache hash table entries: 131072 (order: 8, 1048576 bytes)
[    1.816342] Mount-cache hash table entries: 4096 (order: 3, 32768 bytes)
[    1.832847] Mountpoint-cache hash table entries: 4096 (order: 3, 32768 bytes)
[    1.847255] Initializing cgroup subsys io
[    1.877018] Initializing cgroup subsys memory
[    1.925809] Initializing cgroup subsys devices
[    1.929000] Initializing cgroup subsys freezer
[    1.946467] Initializing cgroup subsys net_cls
[    2.018838] Initializing cgroup subsys perf_event
[    2.102605] Initializing cgroup subsys net_prio
[    2.153660] Initializing cgroup subsys hugetlb
[    2.158050] Initializing cgroup subsys pids
[    2.161416] CPU: Physical Processor ID: 0
[    2.182174] CPU: Processor Core ID: 0
[    2.184389] mce: CPU supports 0 MCE banks
[    2.190911] Last level iTLB entries: 4KB 1024, 2MB 1024, 4MB 1024
[    2.215035] Last level dTLB entries: 4KB 1024, 2MB 1024, 4MB 1024, 1GB 4
[    2.223982] Freeing SMP alternatives memory: 32K
[    2.248874] ftrace: allocating 32154 entries in 126 pages
[    2.301605] smpboot: APIC(0) Converting physical 0 to logical package 0
[    2.310256] smpboot: Max logical packages: 1
[    2.327697] x2apic enabled
[    2.345937] Switched APIC routing to physical x2apic.
[    2.348291] ..TIMER: vector=0x30 apic1=0 pin1=2 apic2=-1 pin2=-1
[    2.469208] smpboot: CPU0: Intel(R) Core(TM) i5-4300U CPU @ 1.90GHz (family: 0x6, model: 0x45, stepping: 0x1)
[    2.596078] Performance Events: unsupported p6 CPU model 69 no PMU driver, software events only.
[    2.715525] KVM setup paravirtual spinlock
[    2.718496] x86: Booting SMP configuration:
[    2.720359] .... node  #0, CPUs:      #1
[    2.729640] kvm-clock: cpu 1, msr 0:7ffe3041, secondary cpu clock
[    2.737724] mce: CPU supports 0 MCE banks
[    2.740455] x86: Booted up 1 node, 2 CPUs
[    2.760632] smpboot: Total of 2 processors activated (9976.91 BogoMIPS)
[    2.787826] devtmpfs: initialized
[    2.811929] evm: security.selinux
[    2.820133] evm: security.SMACK64
[    2.822373] evm: security.SMACK64EXEC
[    2.823508] evm: security.SMACK64TRANSMUTE
[    2.827399] evm: security.SMACK64MMAP
[    2.835421] evm: security.ima
[    2.842895] evm: security.capability
[    2.844077] clocksource: jiffies: mask: 0xffffffff max_cycles: 0xffffffff, max_idle_ns: 7645041785100000 ns
[    2.867839] futex hash table entries: 512 (order: 3, 32768 bytes)
[    2.873928] pinctrl core: initialized pinctrl subsystem
[    2.895166] RTC time:  1:18:10, date: 11/19/17
[    2.926924] NET: Registered protocol family 16
[    2.940862] cpuidle: using governor ladder
[    2.988234] cpuidle: using governor menu
[    3.015815] PCCT header not found.
[    3.020324] ACPI: bus type PCI registered
[    3.088550] acpiphp: ACPI Hot Plug PCI Controller Driver version: 0.5
[    3.171255] PCI: Using configuration type 1 for base access
[    3.217349] ACPI: Added _OSI(Module Device)
[    3.258707] ACPI: Added _OSI(Processor Device)
[    3.267159] ACPI: Added _OSI(3.0 _SCP Extensions)
[    3.334476] ACPI: Added _OSI(Processor Aggregator Device)
[    3.336269] ACPI: Executed 1 blocks of module-level executable AML code
[    3.341417] ACPI: Interpreter enabled
[    3.405876] ACPI: (supports S0 S5)
[    3.422346] ACPI: Using IOAPIC for interrupt routing
[    3.428998] PCI: Using host bridge windows from ACPI; if necessary, use "pci=nocrs" and report a bug
[    3.444133] ACPI: PCI Root Bridge [PCI0] (domain 0000 [bus 00-ff])
[    3.460543] acpi PNP0A03:00: _OSC: OS supports [ASPM ClockPM Segments MSI]
[    3.469640] acpi PNP0A03:00: _OSC failed (AE_NOT_FOUND); disabling ASPM
[    3.489120] acpi PNP0A03:00: fail to add MMCONFIG information, can't access extended PCI configuration space under this bridge.
[    3.506273] PCI host bridge to bus 0000:00
[    3.537916] pci_bus 0000:00: root bus resource [io  0x0000-0x0cf7 window]
[    3.568406] pci_bus 0000:00: root bus resource [io  0x0d00-0xffff window]
[    3.576482] pci_bus 0000:00: root bus resource [mem 0x000a0000-0x000bffff window]
[    3.596740] pci_bus 0000:00: root bus resource [mem 0x80000000-0xffdfffff window]
[    3.629975] pci_bus 0000:00: root bus resource [bus 00-ff]
[    3.696151] pci 0000:00:01.1: legacy IDE quirk: reg 0x10: [io  0x01f0-0x01f7]
[    3.700007] pci 0000:00:01.1: legacy IDE quirk: reg 0x14: [io  0x03f6]
[    3.705266] pci 0000:00:01.1: legacy IDE quirk: reg 0x18: [io  0x0170-0x0177]
[    3.717102] pci 0000:00:01.1: legacy IDE quirk: reg 0x1c: [io  0x0376]
[    3.757204] pci 0000:00:07.0: quirk: [io  0x4000-0x403f] claimed by PIIX4 ACPI
[    3.913178] pci 0000:00:07.0: quirk: [io  0x4100-0x410f] claimed by PIIX4 SMB
[    3.995337] ACPI: PCI Interrupt Link [LNKA] (IRQs 5 9 10 *11)
[    4.014065] ACPI: PCI Interrupt Link [LNKB] (IRQs 5 9 10 *11)
[    4.053479] ACPI: PCI Interrupt Link [LNKC] (IRQs 5 9 *10 11)
[    4.057271] ACPI: PCI Interrupt Link [LNKD] (IRQs 5 *9 10 11)
[    4.063036] ACPI: Enabled 2 GPEs in block 00 to 07
[    4.066304] vgaarb: setting as boot device: PCI:0000:00:02.0
[    4.072624] vgaarb: device added: PCI:0000:00:02.0,decodes=io+mem,owns=io+mem,locks=none
[    4.090763] vgaarb: loaded
[    4.091980] vgaarb: bridge control possible 0000:00:02.0
[    4.097654] SCSI subsystem initialized
[    4.099676] ACPI: bus type USB registered
[    4.101673] usbcore: registered new interface driver usbfs
[    4.104087] usbcore: registered new interface driver hub
[    4.107019] usbcore: registered new device driver usb
[    4.120064] PCI: Using ACPI for IRQ routing
[    4.129785] NetLabel: Initializing
[    4.145692] NetLabel:  domain hash size = 128
[    4.170074] NetLabel:  protocols = UNLABELED CIPSOv4
[    4.171521] NetLabel:  unlabeled traffic allowed by default
[    4.173387] amd_nb: Cannot enumerate AMD northbridges
[    4.191723] clocksource: Switched to clocksource kvm-clock
[    4.207230] AppArmor: AppArmor Filesystem Enabled
[    4.216688] pnp: PnP ACPI init
[    4.218922] pnp: PnP ACPI: found 3 devices
[    4.229983] clocksource: acpi_pm: mask: 0xffffff max_cycles: 0xffffff, max_idle_ns: 2085701024 ns
[    4.300169] NET: Registered protocol family 2
[    4.305201] TCP established hash table entries: 16384 (order: 5, 131072 bytes)
[    4.340530] TCP bind hash table entries: 16384 (order: 6, 262144 bytes)
[    4.380014] TCP: Hash tables configured (established 16384 bind 16384)
[    4.468473] UDP hash table entries: 1024 (order: 3, 32768 bytes)
[    4.471141] UDP-Lite hash table entries: 1024 (order: 3, 32768 bytes)
[    4.472974] NET: Registered protocol family 1
[    4.474271] pci 0000:00:00.0: Limiting direct PCI/PCI transfers
[    4.476304] pci 0000:00:01.0: Activating ISA DMA hang workarounds
[    4.480631] Unpacking initramfs...
[    4.767144] Freeing initrd memory: 15232K
[    4.778039] RAPL PMU detected, API unit is 2^-32 Joules, 4 fixed counters 10737418240 ms ovfl timer
[    4.785686] hw unit of domain pp0-core 2^-0 Joules
[    4.788559] hw unit of domain package 2^-0 Joules
[    4.789665] hw unit of domain dram 2^-0 Joules
[    4.790729] hw unit of domain pp1-gpu 2^-0 Joules
[    4.791929] platform rtc_cmos: registered platform RTC device (no PNP device found)
[    4.795263] Scanning for low memory corruption every 60 seconds
[    4.800829] audit: initializing netlink subsys (disabled)
[    4.803320] audit: type=2000 audit(1511054293.860:1): initialized
[    4.817159] Initialise system trusted keyring
[    4.827319] HugeTLB registered 2 MB page size, pre-allocated 0 pages
[    4.874391] zbud: loaded
[    4.887913] VFS: Disk quotas dquot_6.6.0
[    4.904959] VFS: Dquot-cache hash table entries: 512 (order 0, 4096 bytes)
[    4.908956] squashfs: version 4.0 (2009/01/31) Phillip Lougher
[    4.916049] fuse init (API version 7.23)
[    4.918970] Key type big_key registered
[    4.921037] Allocating IMA MOK and blacklist keyrings.
[    4.925569] Key type asymmetric registered
[    4.931624] Asymmetric key parser 'x509' registered
[    4.932879] Block layer SCSI generic (bsg) driver version 0.4 loaded (major 249)
[    4.936026] io scheduler noop registered
[    4.938145] io scheduler deadline registered (default)
[    4.959471] io scheduler cfq registered
[    4.961973] pci_hotplug: PCI Hot Plug PCI Core version: 0.5
[    4.981415] pciehp: PCI Express Hot Plug Controller Driver version: 0.4
[    4.984377] ACPI: AC Adapter [AC] (off-line)
[    4.986744] input: Power Button as /devices/LNXSYSTM:00/LNXPWRBN:00/input/input0
[    5.065574] ACPI: Power Button [PWRF]
[    5.132439] input: Sleep Button as /devices/LNXSYSTM:00/LNXSLPBN:00/input/input1
[    5.209138] ACPI: Sleep Button [SLPF]
[    5.221134] GHES: HEST is not enabled!
[    5.225319] ACPI: Battery Slot [BAT0] (battery present)
[    5.235170] Serial: 8250/16550 driver, 32 ports, IRQ sharing enabled
[    5.262453] 00:02: ttyS0 at I/O 0x3f8 (irq = 4, base_baud = 115200) is a 16550A
[    5.300462] Linux agpgart interface v0.103
[    5.326353] loop: module loaded
[    5.328654] scsi host0: ata_piix
[    5.330203] scsi host1: ata_piix
[    5.336640] ata1: PATA max UDMA/33 cmd 0x1f0 ctl 0x3f6 bmdma 0xd000 irq 14
[    5.339479] ata2: PATA max UDMA/33 cmd 0x170 ctl 0x376 bmdma 0xd008 irq 15
[    5.341699] libphy: Fixed MDIO Bus: probed
[    5.360691] tun: Universal TUN/TAP device driver, 1.6
[    5.362861] tun: (C) 1999-2004 Max Krasnyansky <maxk@qualcomm.com>
[    5.368767] PPP generic driver version 2.4.2
[    5.371378] ehci_hcd: USB 2.0 'Enhanced' Host Controller (EHCI) Driver
[    5.374683] ehci-pci: EHCI PCI platform driver
[    5.391797] ehci-platform: EHCI generic platform driver
[    5.401780] ohci_hcd: USB 1.1 'Open' Host Controller (OHCI) Driver
[    5.415899] ohci-pci: OHCI PCI platform driver
[    5.419305] ohci-platform: OHCI generic platform driver
[    5.433857] uhci_hcd: USB Universal Host Controller Interface driver
[    5.438303] i8042: PNP: PS/2 Controller [PNP0303:PS2K,PNP0f03:PS2M] at 0x60,0x64 irq 1,12
[    5.446820] serio: i8042 KBD port at 0x60,0x64 irq 1
[    5.456595] serio: i8042 AUX port at 0x60,0x64 irq 12
[    5.458434] mousedev: PS/2 mouse device common for all mice
[    5.460861] rtc_cmos rtc_cmos: rtc core: registered rtc_cmos as rtc0
[    5.464383] rtc_cmos rtc_cmos: alarms up to one day, 114 bytes nvram
[    5.479397] i2c /dev entries driver
[    5.488882] input: AT Translated Set 2 keyboard as /devices/platform/i8042/serio0/input/input2
[    5.491737] device-mapper: uevent: version 1.0.3
[    5.503663] device-mapper: ioctl: 4.34.0-ioctl (2015-10-28) initialised: dm-devel@redhat.com
[    5.508410] ledtrig-cpu: registered to indicate activity on CPUs
[    5.510013] NET: Registered protocol family 10
[    5.511694] NET: Registered protocol family 17
[    5.520310] Key type dns_resolver registered
[    5.525143] microcode: CPU0 sig=0x40651, pf=0x40, revision=0x0
[    5.528771] microcode: CPU1 sig=0x40651, pf=0x40, revision=0x0
[    5.537521] microcode: Microcode Update Driver: v2.01 <tigran@aivazian.fsnet.co.uk>, Peter Oruba
[    5.571222] registered taskstats version 1
[    5.603770] Loading compiled-in X.509 certificates
[    5.671520] Loaded X.509 cert 'Build time autogenerated kernel key: 7431eaeda5a51458aeb00f8de0f18f89e178d882'
[    5.709966] zswap: loaded using pool lzo/zbud
[    5.718736] Key type trusted registered
[    5.739258] Key type encrypted registered
[    5.745473] AppArmor: AppArmor sha1 policy hashing enabled
[    5.771340] ima: No TPM chip found, activating TPM-bypass!
[    5.779095] evm: HMAC attrs: 0x1
[    5.783325]   Magic number: 9:831:306
[    5.787875] tsc: Refined TSC clocksource calibration: 2494.430 MHz
[    5.790143] clocksource: tsc: mask: 0xffffffffffffffff max_cycles: 0x23f4ac0ca2a, max_idle_ns: 440795324191 ns
[    5.792051] tty tty35: hash matches
[    5.794744] rtc_cmos rtc_cmos: setting system clock to 2017-11-19 01:18:13 UTC (1511054293)
[    5.796569] BIOS EDD facility v0.16 2004-Jun-25, 0 devices found
[    5.798947] EDD information not available.
[    5.801124] Freeing unused kernel memory: 1492K
[    5.803605] Write protecting the kernel read-only data: 14336k
[    5.807170] Freeing unused kernel memory: 1744K
[    5.811749] Freeing unused kernel memory: 108K
Loading, please [    5.829411] random: systemd-udevd: uninitialized urandom read (16 bytes read, 3 bits of entropy available)
wait...
startin[    5.829973] random: udevadm: uninitialized urandom read (16 bytes read, 3 bits of entropy available)
g version 229
[    5.830007] random: udevadm: uninitialized urandom read (16 bytes read, 3 bits of entropy available)
[    5.830118] random: udevadm: uninitialized urandom read (16 bytes read, 3 bits of entropy available)
[    5.830158] random: udevadm: uninitialized urandom read (16 bytes read, 3 bits of entropy available)
[    5.830216] random: udevadm: uninitialized urandom read (16 bytes read, 3 bits of entropy available)
[    5.830259] random: udevadm: uninitialized urandom read (16 bytes read, 3 bits of entropy available)
[    5.830299] random: udevadm: uninitialized urandom read (16 bytes read, 3 bits of entropy available)
[    5.830335] random: udevadm: uninitialized urandom read (16 bytes read, 3 bits of entropy available)
[    5.830369] random: udevadm: uninitialized urandom read (16 bytes read, 3 bits of entropy available)
[    6.071221] e1000: Intel(R) PRO/1000 Network Driver - version 7.3.21-k8-NAPI
[    6.083439] e1000: Copyright (c) 1999-2006 Intel Corporation.
[    6.106953] Fusion MPT base driver 3.04.20
[    6.122741] Copyright (c) 1999-2008 LSI Corporation
[    6.146633] Fusion MPT SPI Host driver 3.04.20
[    6.185460] AVX version of gcm_enc/dec engaged.
[    6.212017] AES CTR mode by8 optimization enabled
[    6.355655] input: ImExPS/2 Generic Explorer Mouse as /devices/platform/i8042/serio1/input/input4
[    6.519242] e1000 0000:00:03.0 eth0: (PCI:33MHz:32-bit) 02:47:9b:bf:4b:b0
[    6.522638] e1000 0000:00:03.0 eth0: Intel(R) PRO/1000 Network Connection
[    6.557938] mptbase: ioc0: Initiating bringup
[    6.635715] ioc0: LSI53C1030 A0: Capabilities={Initiator}
[    6.826247] scsi host2: ioc0: LSI53C1030 A0, FwRev=00000000h, Ports=1, MaxQ=256, IRQ=20
[    6.994653] scsi 2:0:0:0: Direct-Access     VBOX     HARDDISK         1.0  PQ: 0 ANSI: 5
[    7.004361] scsi target2:0:0: Beginning Domain Validation
[    7.016100] scsi target2:0:0: Domain Validation skipping write tests
[    7.044432] scsi target2:0:0: Ending Domain Validation
[    7.091783] scsi target2:0:0: asynchronous
[    7.142494] scsi 2:0:1:0: Direct-Access     VBOX     HARDDISK         1.0  PQ: 0 ANSI: 5
[    7.152074] scsi target2:0:1: Beginning Domain Validation
[    7.184378] scsi target2:0:1: Domain Validation skipping write tests
[    7.210813] scsi target2:0:1: Ending Domain Validation
[    7.220418] scsi target2:0:1: asynchronous
[    7.233335] sd 2:0:0:0: Attached scsi generic sg0 type 0
[    7.261783] sd 2:0:0:0: [sda] 20971520 512-byte logical blocks: (10.7 GB/10.0 GiB)
[    7.266396] sd 2:0:0:0: [sda] Write Protect is off
[    7.271122] sd 2:0:0:0: [sda] Incomplete mode parameter data
[    7.288297] sd 2:0:0:0: [sda] Assuming drive cache: write through
[    7.296578] sd 2:0:1:0: Attached scsi generic sg1 type 0
[    7.304425] sd 2:0:1:0: [sdb] 20480 512-byte logical blocks: (10.5 MB/10.0 MiB)
[    7.361903] sd 2:0:1:0: [sdb] Write Protect is off
[    7.364096] sd 2:0:1:0: [sdb] Incomplete mode parameter data
[    7.374402] sd 2:0:1:0: [sdb] Assuming drive cache: write through
[    7.397733]  sda: sda1
[    7.420442] sd 2:0:0:0: [sda] Attached SCSI disk
[    7.427270] e1000 0000:00:08.0 eth1: (PCI:33MHz:32-bit) 08:00:27:ca:55:a3
[    7.427273] e1000 0000:00:08.0 eth1: Intel(R) PRO/1000 Network Connection
[    7.429391] e1000 0000:00:08.0 enp0s8: renamed from eth1
[    7.452984] sd 2:0:1:0: [sdb] Attached SCSI disk
[    7.456881] e1000 0000:00:03.0 enp0s3: renamed from eth0
[    9.142938] floppy0: no floppy controllers found
Begin: Loading e[   10.534601] md: linear personality registered for level -1
ssential drivers[   10.654136] md: multipath personality registered for level -4
 ... [   10.755627] md: raid0 personality registered for level 0
[   10.773095] md: raid1 personality registered for level 1
[   10.864367] raid6: sse2x1   gen()  5449 MB/s
[   10.948072] raid6: sse2x1   xor()  5410 MB/s
[   11.020289] raid6: sse2x2   gen()  9336 MB/s
[   11.112457] raid6: sse2x2   xor()  7071 MB/s
[   11.243836] raid6: sse2x4   gen() 11309 MB/s
[   11.392287] raid6: sse2x4   xor()  8956 MB/s
[   11.464096] raid6: using algorithm sse2x4 gen() 11309 MB/s
[   11.465602] raid6: .... xor() 8956 MB/s, rmw enabled
[   11.480640] raid6: using ssse3x2 recovery algorithm
[   11.487315] xor: automatically using best checksumming function:
[   11.552169]    avx       : 17278.000 MB/sec
[   11.565616] async_tx: api initialized (async)
[   11.583224] md: raid6 personality registered for level 6
[   11.614737] md: raid5 personality registered for level 5
[   11.617131] md: raid4 personality registered for level 4
[   11.627385] md: raid10 personality registered for level 10
done.
Begin: Running /scripts/init-premount ... done.
Begin: Mounting root file sys[   11.692200] Btrfs loaded
tem ... Begin: Running /scripts/local-top ... done.
Begin: Running /scripts/local-premount ... Scanning for Btrfs filesystems
done.
Warning: fsck no[   11.758221] EXT4-fs (sda1): INFO: recovery required on readonly filesystem
t present, so sk[   11.830807] EXT4-fs (sda1): write access will be enabled during recovery
ipping root file system
[   11.998931] EXT4-fs (sda1): recovery complete
[   12.083139] EXT4-fs (sda1): mounted filesystem with ordered data mode. Opts: (null)
done.
Begin: Running /scripts/local-bottom ... done.
Begin: Running /scripts/init-bottom ... done.
[   12.272952] systemd[1]: systemd 229 running in system mode. (+PAM +AUDIT +SELINUX +IMA +APPARMOR +SMACK +SYSVINIT +UTMP +LIBCRYPTSETUP +GCRYPT +GNUTLS +ACL +XZ -LZ4 +SECCOMP +BLKID +ELFUTILS +KMOD -IDN)
[   12.299252] systemd[1]: Detected virtualization oracle.
[   12.307184] systemd[1]: Detected architecture x86-64.

Welcome to [1mUbuntu 16.04.3 LTS[0m!

[   12.345137] systemd[1]: Set hostname to <ubuntu-xenial>.
[   12.545846] systemd[1]: Listening on Journal Socket (/dev/log).
[[0;32m  OK  [0m] Listening on Journal Socket (/dev/log).
[   12.652048] systemd[1]: Listening on udev Control Socket.
[[0;32m  OK  [0m] Listening on udev Control Socket.
[   12.716424] systemd[1]: Listening on Journal Socket.
[[0;32m  OK  [0m] Listening on Journal Socket.
[   12.788035] systemd[1]: Listening on LVM2 poll daemon socket.
[[0;32m  OK  [0m] Listening on LVM2 poll daemon socket.
[   12.832377] systemd[1]: Created slice User and Session Slice.
[[0;32m  OK  [0m] Created slice User and Session Slice.
[   12.848818] systemd[1]: Listening on Device-mapper event daemon FIFOs.
[[0;32m  OK  [0m] Listening on Device-mapper event daemon FIFOs.
[   12.883351] systemd[1]: Created slice System Slice.
[[0;32m  OK  [0m] Created slice System Slice.
[   12.920382] systemd[1]: Starting Set console keymap...
         Starting Set console keymap...
[   12.964713] systemd[1]: Reached target Slices.
[[0;32m  OK  [0m] Reached target Slices.
[   13.028717] systemd[1]: Mounting Debug File System...
         Mounting Debug File System...
[   13.139964] systemd[1]: Starting Uncomplicated firewall...
         Starting Uncomplicated firewall...
[   13.248542] systemd[1]: Created slice system-serial\x2dgetty.slice.
[[0;32m  OK  [0m] Created slice system-serial\x2dgetty.slice.
[   13.372181] systemd[1]: Reached target Swap.
[[0;32m  OK  [0m] Reached target Swap.
[   13.440745] systemd[1]: Listening on LVM2 metadata daemon socket.
[[0;32m  OK  [0m] Listening on LVM2 metadata daemon socket.
[   13.539918] systemd[1]: Starting Load Kernel Modules...
[   13.542741] random: nonblocking pool is initialized
[   13.574057] Loading iSCSI transport class v2.0-870.
         Startin[   13.626324] iscsi: registered transport (tcp)
g Load Kernel Modules...
[   13.697075] systemd[1]: Listening on Journal Audit Socket.
[[0;32m  OK  [[   13.714169] iscsi: registered transport (iser)
0m] Listening on Journal Audit Socket.
[   13.784458] systemd[1]: Listening on udev Kernel Socket.
[[0;32m  OK  [0m] Listening on udev Kernel Socket.
[   13.876744] systemd[1]: Set up automount Arbitrary Executable File Formats File System Automount Point.
[[0;32m  OK  [0m] Set up automount Arbitrary Executab...ats File System Automount Point.
[   14.040725] systemd[1]: Starting Nameserver information manager...
         Starting Nameserver information manager...
[   14.074776] systemd[1]: Listening on /dev/initctl Compatibility Named Pipe.
[[0;32m  OK  [0m] Listening on /dev/initctl Compatibility Named Pipe.
[   14.132275] systemd[1]: Reached target User and Group Name Lookups.
[[0;32m  OK  [0m] Reached target User and Group Name Lookups.
[   14.170338] systemd[1]: Listening on Syslog Socket.
[[0;32m  OK  [0m] Listening on Syslog Socket.
[   14.212250] systemd[1]: Starting Remount Root and Kernel File Systems...
[   14.216395] EXT4-fs (sda1): re-mounted. Opts: (null)
         Starting Remount Root and Kernel File Systems...
[   14.280857] systemd[1]: Mounting POSIX Message Queue File System...
         Mounting POSIX Message Queue File System...
[   14.360119] systemd[1]: Reached target Encrypted Volumes.
[[0;32m  OK  [0m] Reached target Encrypted Volumes.
[   14.419937] systemd[1]: Starting Create list of required static device nodes for the current kernel...
         Starting Create list of required st... nodes for the current kernel...
[   14.604050] systemd[1]: Starting Monitoring of LVM2 mirrors, snapshots etc. using dmeventd or progress polling...
         Starting Monitoring of LVM2 mirrors... dmeventd or progress polling...
[   14.768538] systemd[1]: Started Forward Password Requests to Wall Directory Watch.
[[0;32m  OK  [0m] Started Forward Password Requests to Wall Directory Watch.
[   14.976028] systemd[1]: Starting Journal Service...
         Starting Journal Service...
[   15.032522] systemd[1]: Mounting Huge Pages File System...
         Mounting Huge Pages File System...
[   15.064268] systemd[1]: Started Trigger resolvconf update for networkd DNS.
[[0;32m  OK  [0m] Started Trigger resolvconf update for networkd DNS.
[   15.121020] systemd[1]: Mounted Huge Pages File System.
[[0;32m  OK  [0m] Mounted Huge Pages File System.
[   15.176084] systemd[1]: Mounted POSIX Message Queue File System.
[[0;32m  OK  [0m] Mounted POSIX Message Queue File System.
[   15.264268] systemd[1]: Mounted Debug File System.
[[0;32m  OK  [0m] Mounted Debug File System.
[   15.344397] systemd[1]: Started Journal Service.
[[0;32m  OK  [0m] Started Journal Service.
[[0;32m  OK  [0m] Started Set console keymap.
[[0;32m  OK  [0m] Started Uncomplicated firewall.
[[0;32m  OK  [0m] Started Load Kernel Modules.
[[0;32m  OK  [0m] Started Remount Root and Kernel File Systems.
[[0;32m  OK  [0m] Started Create list of required sta...ce nodes for the current kernel.
[[0;32m  OK  [0m] Started Nameserver information manager.
[[0;32m  OK  [0m] Started LVM2 metadata daemon.
         Starting Create Static Device Nodes in /dev...
         Starting Load/Save Random Seed...
         Starting Initial cloud-init job (pre-networking)...
         Starting udev Coldplug all Devices...
         Starting Apply Kernel Variables...
         Mounting FUSE Control File System...
         Starting Flush Journal to Persistent Storage...
[[0;32m  OK  [0m] Mounted FUSE Control File System.
[[0;32m  OK  [0m] Started Create Static Device Nodes in /dev.
[[0;32m  OK  [0m] Started Load/Save Random Seed.
[[0;32m  OK  [0m] Started Apply Kernel Variables.
[[0;32m  OK  [0m] Started udev Coldplug all Devices.
[[0;32m  OK  [0m] Started Monitoring of LVM2 mirrors,...ng dmeventd or progress polling.
[[0;32m  OK  [0m] Started Flush Journal to Persistent Storage.
         Starting udev Kernel Device Manager...
[[0;32m  OK  [0m] Started udev Kernel Device Manager.
[[0;32m  OK  [0m] Started Dispatch Password Requests to Console Directory Watch.
[[0;32m  OK  [0m] Reached target Local File Systems (Pre).
[[0;32m  OK  [0m] Reached target Local File Systems.
         Starting LSB: AppArmor initialization...
         Starting Set console font and keymap...
         Starting Tell Plymouth To Write Out Runtime Data...
         Starting Create Volatile Files and Directories...
[[0;32m  OK  [0m] Started Tell Plymouth To Write Out Runtime Data.
[[0;32m  OK  [0m] Started Create Volatile Files and Directories.
[[0;32m  OK  [0m] Found device /dev/ttyS0.
         Starting Update UTMP about System Boot/Shutdown...
[[0;32m  OK  [0m] Reached target System Time Synchronized.
[[0;32m  OK  [0m] Started Set console font and keymap.
[[0;32m  OK  [0m] Started Update UTMP about System Boot/Shutdown.
[[0;32m  OK  [0m] Created slice system-getty.slice.
[[0;32m  OK  [0m] Started LSB: AppArmor initialization.
[[0;32m  OK  [0m] Found device 82540EM Gigabit Ethern...r (PRO/1000 MT Desktop Adapter).
[[0;32m  OK  [0m] Listening on Load/Save RF Kill Switch Status /dev/rfkill Watch.
[[0;32m  OK  [0m] Found device 82540EM Gigabit Ethern...r (PRO/1000 MT Desktop Adapter).
[   13.798774] cloud-init[456]: Cloud-init v. 0.7.9 running 'init-local' at Sun, 19 Nov 2017 01:18:24 +0000. Up 13.42 seconds.
[[0;32m  OK  [0m] Started Initial cloud-init job (pre-networking).
[[0;32m  OK  [0m] Reached target Network (Pre).
[[0;32m  OK  [0m] Started ifup for enp0s3.
[[0;32m  OK  [0m] Started ifup for enp0s8.
         Starting Raise network interfaces...
[[0;32m  OK  [0m] Started Raise network interfaces.
[[0;32m  OK  [0m] Reached target Network.
         Starting Initial cloud-init job (metadata service crawler)...
[   17.231785] cloud-init[1087]: Cloud-init v. 0.7.9 running 'init' at Sun, 19 Nov 2017 01:18:28 +0000. Up 16.67 seconds.
[   17.334265] cloud-init[1087]: ci-info: ++++++++++++++++++++++++++++++++++++++Net device info++++++++++++++++++++++++++++++++++++++
[   17.390888] cloud-init[1087]: ci-info: +--------+------+-----------------------------+---------------+-------+-------------------+
[[0;32m  OK  [0m] Started Initial cloud-init job (metadata service crawler).
[   17.419845] cloud-init[1087]: ci-info: | Device |  Up  |           Address           |      Mask     | Scope |     Hw-Address    |
[   17.427088] cloud-init[1087]: ci-info: +--------+------+-----------------------------+---------------+-------+-------------------+
[[0;32m  OK  [0m] Reached target System Initialization.
[   17.427230] cloud-init[1087]: ci-info: | enp0s3 | True |          10.0.2.15          | 255.255.255.0 |   .   | 02:47:9b:bf:4b:b0 |
[   17.491514] cloud-init[1087]: ci-info: | enp0s3 | True |  fe80::47:9bff:febf:4bb0/64 |       .       |  link | 02:47:9b:bf:4b:b0 |
[[0;32m  OK  [0m] Listening on UUID daemon activation socket.
[   17.492146] cloud-init[1087]: ci-info: | enp0s8 | True |        192.168.1.125        | 255.255.255.0 |   .   | 08:00:27:ca:55:a3 |
[   17.555251] cloud-init[1087]: ci-info: | enp0s8 | True | fe80::a00:27ff:feca:55a3/64 |       .       |  link | 08:00:27:ca:55:a3 |
[   17.555515] cloud-init[1087]: ci-info: |   lo   | True |          127.0.0.1          |   255.0.0.0   |   .   |         .         |
         Starting Socket activation for snappy daemon.
[   17.555690] cloud-init[1087]: ci-info: |   lo   | True |           ::1/128           |       .       |  host |         .         |
[   17.645611] cloud-init[1087]: ci-info: +--------+------+-----------------------------+---------------+-------+-------------------+
[   17.645956] cloud-init[1087]: ci-info: +++++++++++++++++++++++++++Route IPv4 info++++++++++++++++++++++++++++
         Starting LXD - unix socket.
[   17.646157] cloud-init[1087]: ci-info: +-------+-------------+----------+---------------+-----------+-------+
[   17.701592] cloud-init[1087]: ci-info: | Route | Destination | Gateway  |    Genmask    | Interface | Flags |
[   17.702110] cloud-init[1087]: ci-info: +-------+-------------+----------+---------------+-----------+-------+
[[0;32m  OK  [0m] Started Timer to automatically fetch and run repair assertions.
[   17.702185] cloud-init[1087]: ci-info: |   0   |   0.0.0.0   | 10.0.2.2 |    0.0.0.0    |   enp0s3  |   UG  |
[   17.872918] cloud-init[1087]: ci-info: |   1   |   10.0.2.0  | 0.0.0.0  | 255.255.255.0 |   enp0s3  |   U   |
[[0;32m  OK  [0m] Listening on D-Bus System Message Bus Socket.
[   17.873061] cloud-init[1087]: ci-info: |   2   | 192.168.1.0 | 0.0.0.0  | 255.255.255.0 |   enp0s8  |   U   |
[   18.005072] cloud-init[1087]: ci-info: +-------+-------------+----------+---------------+-----------+-------+
[[0;32m  OK  [0m] Started ACPI Events Check.
[[0;32m  OK  [0m] Reached target Paths.
[[0;32m  OK  [0m] Started Daily Cleanup of Temporary Directories.
[[0;32m  OK  [0m] Started Timer to automatically refresh installed snaps.
[[0;32m  OK  [0m] Listening on ACPID Listen Socket.
[[0;32m  OK  [0m] Reached target Cloud-config availability.
[[0;32m  OK  [0m] Reached target Network is Online.
         Starting iSCSI initiator daemon (iscsid)...
[[0;32m  OK  [0m] Started Daily apt download activities.
[[0;32m  OK  [0m] Started Daily apt upgrade and clean activities.
[[0;32m  OK  [0m] Reached target Timers.
[[0;32m  OK  [0m] Listening on Socket activation for snappy daemon.
[[0;32m  OK  [0m] Listening on LXD - unix socket.
[[0;32m  OK  [0m] Reached target Sockets.
[[0;32m  OK  [0m] Reached target Basic System.
         Starting LSB: Record successful boot for GRUB...
         Starting System Logging Service...
[[0;32m  OK  [0m] Started Regular background program processing daemon.
[[0;32m  OK  [0m] Started D-Bus System Message Bus.
         Starting Apply the settings specified in cloud-config...
         Starting /etc/rc.local Compatibility...
         Starting vboxadd.service...
[[0;32m  OK  [0m] Started ACPI event daemon.
[[0;32m  OK  [0m] Started Unattended Upgrades Shutdown.
         Starting LSB: MD monitoring daemon...
         Starting Login Service...
         Starting LXD - container startup/shutdown...
         Starting Automatically fetch and run repair assertions...
         Starting vboxadd-x11.service...
[[0;32m  OK  [0m] Started Deferred execution scheduler.
[[0;32m  OK  [0m] Started FUSE filesystem for LXC.
         Starting Statistics collection and monitoring daemon...
         Starting Accounts Service...
         Starting OpenBSD Secure Shell server...
         Starting Snappy daemon...
[[0;32m  OK  [0m] Started System Logging Service.
[[0;32m  OK  [0m] Started iSCSI initiator daemon (iscsid).
[[0;32m  OK  [0m] Started /etc/rc.local Compatibility.
[[0;32m  OK  [0m] Started LXD - container startup/shutdown.
[[0;32m  OK  [0m] Started Automatically fetch and run repair assertions.
[[0;32m  OK  [0m] Started vboxadd.service.
[[0;32m  OK  [0m] Started vboxadd-x11.service.
[[0;32m  OK  [0m] Started OpenBSD Secure Shell server.
[[0;32m  OK  [0m] Started Statistics collection and monitoring daemon.
[[0;32m  OK  [0m] Started LSB: Record successful boot for GRUB.
[[0;32m  OK  [0m] Started LSB: MD monitoring daemon.
[[0;32m  OK  [0m] Started Snappy daemon.
[   19.408112] cloud-init[1160]: Cloud-init v. 0.7.9 running 'modules:config' at Sun, 19 Nov 2017 01:18:30 +0000. Up 19.16 seconds.
[[0;32m  OK  [0m] Started Login Service.
[[0;32m  OK  [0m] Started Apply the settings specified in cloud-config.
         Starting Authenticate and Authorize Users to Run Privileged Tasks...
         Starting Auto import assertions from block devices...
         Starting vboxadd-service.service...
         Starting Login to default iSCSI targets...
[[0;32m  OK  [0m] Started Auto import assertions from block devices.
[[0;32m  OK  [0m] Started vboxadd-service.service.
[[0;32m  OK  [0m] Started Authenticate and Authorize Users to Run Privileged Tasks.
[[0;32m  OK  [0m] Started Accounts Service.
[[0;32m  OK  [0m] Started Login to default iSCSI targets.
[[0;32m  OK  [0m] Reached target Remote File Systems (Pre).
[[0;32m  OK  [0m] Reached target Remote File Systems.
         Starting LSB: Set the CPU Frequency Scaling governor to "ondemand"...
         Starting LSB: Apache2 web server...
         Starting Permit User Sessions...
         Starting LSB: daemon to balance interrupts for SMP systems...
         Starting LSB: automatic crash report generation...
[[0;32m  OK  [0m] Started Permit User Sessions.
         Starting Hold until boot process finishes up...
         Starting Terminate Plymouth Boot Screen...
[[0;32m  OK  [0m] Started LSB: Set the CPU Frequency Scaling governor to "ondemand".
[[0;32m  OK  [0m] Started LSB: daemon to balance interrupts for SMP systems.
[[0;32m  OK  [0m] Started LSB: automatic crash report generation.
[[0;32m  OK  [0m] Started Hold until boot process finishes up.
[[0;32m  OK  [0m] Started Terminate Plymouth Boot Screen.
[[0;32m  OK  [0m] Started Serial Getty on ttyS0.
[[0;32m  OK  [0m] Started Getty on tty1.
[[0;32m  OK  [0m] Reached target Login Prompts.
         Starting Set console scheme...
[[0;32m  OK  [0m] Started Set console scheme.
[[0;32m  OK  [0m] Started LSB: Apache2 web server.
[[0;32m  OK  [0m] Reached target Multi-User System.
[[0;32m  OK  [0m] Reached target Graphical Interface.
         Starting Execute cloud user/final scripts...
         Starting Update UTMP about System Runlevel Changes...
[[0;32m  OK  [0m] Started Update UTMP about System Runlevel Changes.
[   21.817953] cloud-init[1495]: Cloud-init v. 0.7.9 running 'modules:final' at Sun, 19 Nov 2017 01:18:32 +0000. Up 21.65 seconds.
[   21.831700] cloud-init[1495]: Cloud-init v. 0.7.9 finished at Sun, 19 Nov 2017 01:18:33 +0000. Datasource DataSourceNoCloud [seed=/dev/sdb][dsmode=net].  Up 21.81 seconds
[[0;32m  OK  [0m] Started Execute cloud user/final scripts.
[[0;32m  OK  [0m] Reached target Cloud-init target.

Ubuntu 16.04.3 LTS ubuntu-xenial ttyS0

ubuntu-xenial login: 