[    0.000000] Initializing cgroup subsys cpuset
[    0.000000] Initializing cgroup subsys cpu
[    0.000000] Initializing cgroup subsys cpuacct
[    0.000000] Linux version 4.4.0-97-generic (buildd@lcy01-33) (gcc version 5.4.0 20160609 (Ubuntu 5.4.0-6ubuntu1~16.04.4) ) #120-Ubuntu SMP Tue Sep 19 17:28:18 UTC 2017 (Ubuntu 4.4.0-97.120-generic 4.4.87)
[    0.000000] Command line: BOOT_IMAGE=/boot/vmlinuz-4.4.0-97-generic root=LABEL=cloudimg-rootfs ro console=tty1 console=ttyS0
[    0.000000] KERNEL supported cpus:
[    0.000000]   Intel GenuineIntel
[    0.000000]   AMD AuthenticAMD
[    0.000000]   Centaur CentaurHauls
[    0.000000] x86/fpu: xstate_offset[2]:  576, xstate_sizes[2]:  256
[    0.000000] x86/fpu: Supporting XSAVE feature 0x01: 'x87 floating point registers'
[    0.000000] x86/fpu: Supporting XSAVE feature 0x02: 'SSE registers'
[    0.000000] x86/fpu: Supporting XSAVE feature 0x04: 'AVX registers'
[    0.000000] x86/fpu: Enabled xstate features 0x7, context size is 832 bytes, using 'standard' format.
[    0.000000] x86/fpu: Using 'lazy' FPU context switches.
[    0.000000] e820: BIOS-provided physical RAM map:
[    0.000000] BIOS-e820: [mem 0x0000000000000000-0x000000000009fbff] usable
[    0.000000] BIOS-e820: [mem 0x000000000009fc00-0x000000000009ffff] reserved
[    0.000000] BIOS-e820: [mem 0x00000000000f0000-0x00000000000fffff] reserved
[    0.000000] BIOS-e820: [mem 0x0000000000100000-0x000000007ffeffff] usable
[    0.000000] BIOS-e820: [mem 0x000000007fff0000-0x000000007fffffff] ACPI data
[    0.000000] BIOS-e820: [mem 0x00000000fec00000-0x00000000fec00fff] reserved
[    0.000000] BIOS-e820: [mem 0x00000000fee00000-0x00000000fee00fff] reserved
[    0.000000] BIOS-e820: [mem 0x00000000fffc0000-0x00000000ffffffff] reserved
[    0.000000] NX (Execute Disable) protection: active
[    0.000000] SMBIOS 2.5 present.
[    0.000000] Hypervisor detected: KVM
[    0.000000] e820: last_pfn = 0x7fff0 max_arch_pfn = 0x400000000
[    0.000000] MTRR: Disabled
[    0.000000] x86/PAT: MTRRs disabled, skipping PAT initialization too.
[    0.000000] CPU MTRRs all blank - virtualized system.
[    0.000000] x86/PAT: Configuration [0-7]: WB  WT  UC- UC  WB  WT  UC- UC  
[    0.000000] found SMP MP-table at [mem 0x0009fff0-0x0009ffff] mapped at [ffff88000009fff0]
[    0.000000] Scanning 1 areas for low memory corruption
[    0.000000] RAMDISK: [mem 0x36af0000-0x3756ffff]
[    0.000000] ACPI: Early table checksum verification disabled
[    0.000000] ACPI: RSDP 0x00000000000E0000 000024 (v02 VBOX  )
[    0.000000] ACPI: XSDT 0x000000007FFF0030 00003C (v01 VBOX   VBOXXSDT 00000001 ASL  00000061)
[    0.000000] ACPI: FACP 0x000000007FFF00F0 0000F4 (v04 VBOX   VBOXFACP 00000001 ASL  00000061)
[    0.000000] ACPI: DSDT 0x000000007FFF0470 0021C8 (v02 VBOX   VBOXBIOS 00000002 INTL 20100528)
[    0.000000] ACPI: FACS 0x000000007FFF0200 000040
[    0.000000] ACPI: FACS 0x000000007FFF0200 000040
[    0.000000] ACPI: APIC 0x000000007FFF0240 00005C (v02 VBOX   VBOXAPIC 00000001 ASL  00000061)
[    0.000000] ACPI: SSDT 0x000000007FFF02A0 0001CC (v01 VBOX   VBOXCPUT 00000002 INTL 20100528)
[    0.000000] No NUMA configuration found
[    0.000000] Faking a node at [mem 0x0000000000000000-0x000000007ffeffff]
[    0.000000] NODE_DATA(0) allocated [mem 0x7ffeb000-0x7ffeffff]
[    0.000000] kvm-clock: Using msrs 4b564d01 and 4b564d00
[    0.000000] kvm-clock: cpu 0, msr 0:7ffe3001, primary cpu clock
[    0.000000] kvm-clock: using sched offset of 3432621016 cycles
[    0.000000] clocksource: kvm-clock: mask: 0xffffffffffffffff max_cycles: 0x1cd42e4dffb, max_idle_ns: 881590591483 ns
[    0.000000] Zone ranges:
[    0.000000]   DMA      [mem 0x0000000000001000-0x0000000000ffffff]
[    0.000000]   DMA32    [mem 0x0000000001000000-0x000000007ffeffff]
[    0.000000]   Normal   empty
[    0.000000]   Device   empty
[    0.000000] Movable zone start for each node
[    0.000000] Early memory node ranges
[    0.000000]   node   0: [mem 0x0000000000001000-0x000000000009efff]
[    0.000000]   node   0: [mem 0x0000000000100000-0x000000007ffeffff]
[    0.000000] Initmem setup node 0 [mem 0x0000000000001000-0x000000007ffeffff]
[    0.000000] ACPI: PM-Timer IO Port: 0x4008
[    0.000000] IOAPIC[0]: apic_id 2, version 32, address 0xfec00000, GSI 0-23
[    0.000000] ACPI: INT_SRC_OVR (bus 0 bus_irq 0 global_irq 2 dfl dfl)
[    0.000000] ACPI: INT_SRC_OVR (bus 0 bus_irq 9 global_irq 9 high level)
[    0.000000] Using ACPI (MADT) for SMP configuration information
[    0.000000] smpboot: Allowing 2 CPUs, 0 hotplug CPUs
[    0.000000] PM: Registered nosave memory: [mem 0x00000000-0x00000fff]
[    0.000000] PM: Registered nosave memory: [mem 0x0009f000-0x0009ffff]
[    0.000000] PM: Registered nosave memory: [mem 0x000a0000-0x000effff]
[    0.000000] PM: Registered nosave memory: [mem 0x000f0000-0x000fffff]
[    0.000000] e820: [mem 0x80000000-0xfebfffff] available for PCI devices
[    0.000000] Booting paravirtualized kernel on KVM
[    0.000000] clocksource: refined-jiffies: mask: 0xffffffff max_cycles: 0xffffffff, max_idle_ns: 7645519600211568 ns
[    0.000000] setup_percpu: NR_CPUS:512 nr_cpumask_bits:512 nr_cpu_ids:2 nr_node_ids:1
[    0.000000] PERCPU: Embedded 34 pages/cpu @ffff88007fc00000 s98328 r8192 d32744 u1048576
[    0.000000] PV qspinlock hash table entries: 256 (order: 0, 4096 bytes)
[    0.000000] Built 1 zonelists in Node order, mobility grouping on.  Total pages: 515961
[    0.000000] Policy zone: DMA32
[    0.000000] Kernel command line: BOOT_IMAGE=/boot/vmlinuz-4.4.0-97-generic root=LABEL=cloudimg-rootfs ro console=tty1 console=ttyS0
[    0.000000] PID hash table entries: 4096 (order: 3, 32768 bytes)
[    0.000000] Memory: 2034004K/2096696K available (8480K kernel code, 1294K rwdata, 3984K rodata, 1492K init, 1316K bss, 62692K reserved, 0K cma-reserved)
[    0.000000] SLUB: HWalign=64, Order=0-3, MinObjects=0, CPUs=2, Nodes=1
[    0.000000] Hierarchical RCU implementation.
[    0.000000] 	Build-time adjustment of leaf fanout to 64.
[    0.000000] 	RCU restricting CPUs from NR_CPUS=512 to nr_cpu_ids=2.
[    0.000000] RCU: Adjusting geometry for rcu_fanout_leaf=64, nr_cpu_ids=2
[    0.000000] NR_IRQS:33024 nr_irqs:440 16
[    0.000000] Console: colour VGA+ 80x25
[    0.000000] console [tty1] enabled
[    0.000000] console [ttyS0] enabled
[    0.000000] tsc: Detected 2494.224 MHz processor
[   11.500476] Calibrating delay loop (skipped) preset value.. 4988.44 BogoMIPS (lpj=9976896)
[   11.664811] pid_max: default: 32768 minimum: 301
[   11.787035] ACPI: Core revision 20150930
[   11.883901] ACPI: 2 ACPI AML tables successfully acquired and loaded
[   11.970676] Security Framework initialized
[   11.996761] Yama: becoming mindful.
[   11.997926] AppArmor: AppArmor initialized
[   12.012563] Dentry cache hash table entries: 262144 (order: 9, 2097152 bytes)
[   12.079872] Inode-cache hash table entries: 131072 (order: 8, 1048576 bytes)
[   12.127320] Mount-cache hash table entries: 4096 (order: 3, 32768 bytes)
[   12.193262] Mountpoint-cache hash table entries: 4096 (order: 3, 32768 bytes)
[   12.300360] Initializing cgroup subsys io
[   12.326980] Initializing cgroup subsys memory
[   12.379622] Initializing cgroup subsys devices
[   12.414827] Initializing cgroup subsys freezer
[   12.477794] Initializing cgroup subsys net_cls
[   12.516137] Initializing cgroup subsys perf_event
[   12.564648] Initializing cgroup subsys net_prio
[   12.566973] Initializing cgroup subsys hugetlb
[   12.627739] Initializing cgroup subsys pids
[   12.695360] CPU: Physical Processor ID: 0
[   12.725145] CPU: Processor Core ID: 0
[   12.733624] mce: CPU supports 0 MCE banks
[   12.774862] Last level iTLB entries: 4KB 1024, 2MB 1024, 4MB 1024
[   12.820897] Last level dTLB entries: 4KB 1024, 2MB 1024, 4MB 1024, 1GB 4
[   12.844495] Freeing SMP alternatives memory: 32K
[   12.901726] ftrace: allocating 32148 entries in 126 pages
[   13.048980] smpboot: APIC(0) Converting physical 0 to logical package 0
[   13.096455] smpboot: Max logical packages: 1
[   13.124356] x2apic enabled
[   13.135441] Switched APIC routing to physical x2apic.
[   13.168527] ..TIMER: vector=0x30 apic1=0 pin1=2 apic2=-1 pin2=-1
[   13.312842] APIC calibration not consistent with PM-Timer: 102ms instead of 100ms
[   13.366206] APIC delta adjusted to PM-Timer: 6246220 (6417193)
[   13.385566] smpboot: CPU0: Intel(R) Core(TM) i5-4300U CPU @ 1.90GHz (family: 0x6, model: 0x45, stepping: 0x1)
[   13.408526] Performance Events: unsupported p6 CPU model 69 no PMU driver, software events only.
[   13.479215] KVM setup paravirtual spinlock
[   13.525805] x86: Booting SMP configuration:
[   13.607461] .... node  #0, CPUs:      #1
[   13.687105] kvm-clock: cpu 1, msr 0:7ffe3041, secondary cpu clock
[   13.694254] mce: CPU supports 0 MCE banks
[   13.711337] x86: Booted up 1 node, 2 CPUs
[   13.825755] smpboot: Total of 2 processors activated (9976.89 BogoMIPS)
[   13.976471] devtmpfs: initialized
[   14.064817] evm: security.selinux
[   14.108782] evm: security.SMACK64
[   14.114116] evm: security.SMACK64EXEC
[   14.128650] evm: security.SMACK64TRANSMUTE
[   14.132580] evm: security.SMACK64MMAP
[   14.176205] evm: security.ima
[   14.193671] evm: security.capability
[   14.228116] clocksource: jiffies: mask: 0xffffffff max_cycles: 0xffffffff, max_idle_ns: 7645041785100000 ns
[   14.278575] futex hash table entries: 512 (order: 3, 32768 bytes)
[   14.299298] pinctrl core: initialized pinctrl subsystem
[   14.331328] RTC time: 15:54:57, date: 02/01/18
[   14.371251] NET: Registered protocol family 16
[   14.412282] cpuidle: using governor ladder
[   14.466482] cpuidle: using governor menu
[   14.518057] PCCT header not found.
[   14.562991] ACPI: bus type PCI registered
[   14.596443] acpiphp: ACPI Hot Plug PCI Controller Driver version: 0.5
[   14.659810] PCI: Using configuration type 1 for base access
[   14.759967] ACPI: Added _OSI(Module Device)
[   14.858598] ACPI: Added _OSI(Processor Device)
[   14.970466] ACPI: Added _OSI(3.0 _SCP Extensions)
[   15.054876] ACPI: Added _OSI(Processor Aggregator Device)
[   15.171862] ACPI: Executed 1 blocks of module-level executable AML code
[   15.313176] ACPI: Interpreter enabled
[   15.400872] ACPI: (supports S0 S5)
[   15.498051] ACPI: Using IOAPIC for interrupt routing
[   15.627136] PCI: Using host bridge windows from ACPI; if necessary, use "pci=nocrs" and report a bug
[   15.791743] ACPI: PCI Root Bridge [PCI0] (domain 0000 [bus 00-ff])
[   15.899559] acpi PNP0A03:00: _OSC: OS supports [ASPM ClockPM Segments MSI]
[   15.990983] acpi PNP0A03:00: _OSC failed (AE_NOT_FOUND); disabling ASPM
[   16.023734] acpi PNP0A03:00: fail to add MMCONFIG information, can't access extended PCI configuration space under this bridge.
[   16.163165] PCI host bridge to bus 0000:00
[   16.226863] pci_bus 0000:00: root bus resource [io  0x0000-0x0cf7 window]
[   16.382930] pci_bus 0000:00: root bus resource [io  0x0d00-0xffff window]
[   16.501616] pci_bus 0000:00: root bus resource [mem 0x000a0000-0x000bffff window]
[   16.560329] pci_bus 0000:00: root bus resource [mem 0x80000000-0xffdfffff window]
[   16.582467] pci_bus 0000:00: root bus resource [bus 00-ff]
[   16.625764] pci 0000:00:01.1: legacy IDE quirk: reg 0x10: [io  0x01f0-0x01f7]
[   16.668138] pci 0000:00:01.1: legacy IDE quirk: reg 0x14: [io  0x03f6]
[   16.744579] pci 0000:00:01.1: legacy IDE quirk: reg 0x18: [io  0x0170-0x0177]
[   16.795828] pci 0000:00:01.1: legacy IDE quirk: reg 0x1c: [io  0x0376]
[   16.922692] pci 0000:00:07.0: quirk: [io  0x4000-0x403f] claimed by PIIX4 ACPI
[   16.988152] pci 0000:00:07.0: quirk: [io  0x4100-0x410f] claimed by PIIX4 SMB
[   17.029311] ACPI: PCI Interrupt Link [LNKA] (IRQs 5 9 10 *11)
[   17.067071] ACPI: PCI Interrupt Link [LNKB] (IRQs 5 9 10 *11)
[   17.074029] ACPI: PCI Interrupt Link [LNKC] (IRQs 5 9 *10 11)
[   17.102427] ACPI: PCI Interrupt Link [LNKD] (IRQs 5 *9 10 11)
[   17.140430] ACPI: Enabled 2 GPEs in block 00 to 07
[   17.153178] vgaarb: setting as boot device: PCI:0000:00:02.0
[   17.190440] vgaarb: device added: PCI:0000:00:02.0,decodes=io+mem,owns=io+mem,locks=none
[   17.202694] vgaarb: loaded
[   17.217170] vgaarb: bridge control possible 0000:00:02.0
[   17.240879] SCSI subsystem initialized
[   17.253249] ACPI: bus type USB registered
[   17.260634] usbcore: registered new interface driver usbfs
[   17.313846] usbcore: registered new interface driver hub
[   17.361051] usbcore: registered new device driver usb
[   17.393290] PCI: Using ACPI for IRQ routing
[   17.451411] NetLabel: Initializing
[   17.511930] NetLabel:  domain hash size = 128
[   17.580914] NetLabel:  protocols = UNLABELED CIPSOv4
[   17.690858] NetLabel:  unlabeled traffic allowed by default
[   17.775210] amd_nb: Cannot enumerate AMD northbridges
[   17.821417] clocksource: Switched to clocksource kvm-clock
[   17.885899] AppArmor: AppArmor Filesystem Enabled
[   17.916040] pnp: PnP ACPI init
[   17.968466] pnp: PnP ACPI: found 3 devices
[   18.002518] clocksource: acpi_pm: mask: 0xffffff max_cycles: 0xffffff, max_idle_ns: 2085701024 ns
[   18.078103] NET: Registered protocol family 2
[   18.136598] TCP established hash table entries: 16384 (order: 5, 131072 bytes)
[   18.203965] TCP bind hash table entries: 16384 (order: 6, 262144 bytes)
[   18.234551] TCP: Hash tables configured (established 16384 bind 16384)
[   18.255711] UDP hash table entries: 1024 (order: 3, 32768 bytes)
[   18.337017] UDP-Lite hash table entries: 1024 (order: 3, 32768 bytes)
[   18.389003] NET: Registered protocol family 1
[   18.436114] pci 0000:00:00.0: Limiting direct PCI/PCI transfers
[   18.498485] pci 0000:00:01.0: Activating ISA DMA hang workarounds
[   18.653174] Unpacking initramfs...
[   21.343189] Freeing initrd memory: 10752K
[   21.441122] RAPL PMU detected, API unit is 2^-32 Joules, 4 fixed counters 10737418240 ms ovfl timer
[   21.688248] hw unit of domain pp0-core 2^-0 Joules
[   21.795275] hw unit of domain package 2^-0 Joules
[   21.846150] hw unit of domain dram 2^-0 Joules
[   21.928471] hw unit of domain pp1-gpu 2^-0 Joules
[   22.039871] platform rtc_cmos: registered platform RTC device (no PNP device found)
[   22.206111] Scanning for low memory corruption every 60 seconds
[   22.305711] audit: initializing netlink subsys (disabled)
[   22.427749] audit: type=2000 audit(1517500493.351:1): initialized
[   22.616329] Initialise system trusted keyring
[   22.702236] HugeTLB registered 2 MB page size, pre-allocated 0 pages
[   22.841040] zbud: loaded
[   22.879118] VFS: Disk quotas dquot_6.6.0
[   22.965436] VFS: Dquot-cache hash table entries: 512 (order 0, 4096 bytes)
[   23.065276] tsc: Refined TSC clocksource calibration: 2493.296 MHz
[   23.180761] clocksource: tsc: mask: 0xffffffffffffffff max_cycles: 0x23f07ca934d, max_idle_ns: 440795256500 ns
[   23.181103] squashfs: version 4.0 (2009/01/31) Phillip Lougher
ÿ[   23.405795] fuse init (API version 7.23)
[   23.406024] Key type big_key registered
[   23.406051] Allocating IMA MOK and blacklist keyrings.
[   23.406257] Key type asymmetric registered
[   23.406260] Asymmetric key parser 'x509' registered
[   23.406296] Block layer SCSI generic (bsg) driver version 0.4 loaded (major 249)
[   23.406327] io scheduler noop registered
[   23.406330] io scheduler deadline registered (default)
[   23.406358] io scheduler cfq registered
[   23.406448] pci_hotplug: PCI Hot Plug PCI Core version: 0.5
[   23.406452] pciehp: PCI Express Hot Plug Controller Driver version: 0.4
[   23.406658] ACPI: AC Adapter [AC] (on-line)
[   23.406711] input: Power Button as /devices/LNXSYSTM:00/LNXPWRBN:00/input/input0
[   23.406714] ACPI: Power Button [PWRF]
[   23.406783] input: Sleep Button as /devices/LNXSYSTM:00/LNXSLPBN:00/input/input1
[   23.406785] ACPI: Sleep Button [SLPF]
[   23.406950] GHES: HEST is not enabled!
[   23.407036] Serial: 8250/16550 driver, 32 ports, IRQ sharing enabled
[   23.598176] 00:02: ttyS0 at I/O 0x3f8 (irq = 4, base_baud = 115200) is a 16550A
[   23.697251] Linux agpgart interface v0.103
[   23.732075] loop: module loaded
[   23.732777] scsi host0: ata_piix
[   23.732859] scsi host1: ata_piix
[   23.732901] ata1: PATA max UDMA/33 cmd 0x1f0 ctl 0x3f6 bmdma 0xd000 irq 14
[   23.732902] ata2: PATA max UDMA/33 cmd 0x170 ctl 0x376 bmdma 0xd008 irq 15
[   23.732997] libphy: Fixed MDIO Bus: probed
[   23.733000] tun: Universal TUN/TAP device driver, 1.6
[   23.733000] tun: (C) 1999-2004 Max Krasnyansky <maxk@qualcomm.com>
[   23.733042] PPP generic driver version 2.4.2
[   23.733104] ehci_hcd: USB 2.0 'Enhanced' Host Controller (EHCI) Driver
[   23.733108] ehci-pci: EHCI PCI platform driver
[   23.733119] ehci-platform: EHCI generic platform driver
[   23.733128] ohci_hcd: USB 1.1 'Open' Host Controller (OHCI) Driver
[   23.733132] ohci-pci: OHCI PCI platform driver
[   23.733142] ohci-platform: OHCI generic platform driver
[   23.733152] uhci_hcd: USB Universal Host Controller Interface driver
[   23.733214] i8042: PNP: PS/2 Controller [PNP0303:PS2K,PNP0f03:PS2M] at 0x60,0x64 irq 1,12
[   23.733781] serio: i8042 KBD port at 0x60,0x64 irq 1
[   23.733785] serio: i8042 AUX port at 0x60,0x64 irq 12
[   23.734022] mousedev: PS/2 mouse device common for all mice
[   23.734394] input: AT Translated Set 2 keyboard as /devices/platform/i8042/serio0/input/input2
[   23.734790] rtc_cmos rtc_cmos: rtc core: registered rtc_cmos as rtc0
[   23.734857] rtc_cmos rtc_cmos: alarms up to one day, 114 bytes nvram
[   23.734863] i2c /dev entries driver
[   23.734921] device-mapper: uevent: version 1.0.3
[   23.734984] device-mapper: ioctl: 4.34.0-ioctl (2015-10-28) initialised: dm-devel@redhat.com
[   23.735000] ledtrig-cpu: registered to indicate activity on CPUs
[   23.735339] NET: Registered protocol family 10
[   23.735492] NET: Registered protocol family 17
[   23.735501] Key type dns_resolver registered
[   23.735655] microcode: CPU0 sig=0x40651, pf=0x40, revision=0x0
[   23.865818] microcode: CPU1 sig=0x40651, pf=0x40, revision=0x0
[   23.866552] ACPI: Battery Slot [BAT0] (battery present)
[   23.866988] microcode: Microcode Update Driver: v2.01 <tigran@aivazian.fsnet.co.uk>, Peter Oruba
[   23.867103] registered taskstats version 1
[   23.867120] Loading compiled-in X.509 certificates
[   23.867855] Loaded X.509 cert 'Build time autogenerated kernel key: d1010f9627fd9242df4b03365d2931dfd1ad3d42'
[   23.867875] zswap: loaded using pool lzo/zbud
[   23.869415] Key type trusted registered
[   23.871772] Key type encrypted registered
[   23.871778] AppArmor: AppArmor sha1 policy hashing enabled
[   23.871781] ima: No TPM chip found, activating TPM-bypass!
[   23.871805] evm: HMAC attrs: 0x1
[   23.872114]   Magic number: 6:530:941
[   23.962174] rtc_cmos rtc_cmos: setting system clock to 2018-02-01 15:55:07 UTC (1517500507)
[   23.962293] BIOS EDD facility v0.16 2004-Jun-25, 0 devices found
[   23.962294] EDD information not available.
[   31.888119] Freeing unused kernel memory: 1492K
[   32.035639] Write protecting the kernel read-only data: 14336k
[   32.236563] Freeing unused kernel memory: 1748K
[   32.373577] Freeing unused kernel memory: 112K
Loading, please [   32.543882] random: systemd-udevd: uninitialized urandom read (16 bytes read, 4 bits of entropy available)
wait...
startin[   32.544472] random: udevadm: uninitialized urandom read (16 bytes read, 4 bits of entropy available)
g version 229
[   32.544507] random: udevadm: uninitialized urandom read (16 bytes read, 4 bits of entropy available)
[   32.544636] random: udevadm: uninitialized urandom read (16 bytes read, 4 bits of entropy available)
[   32.544678] random: udevadm: uninitialized urandom read (16 bytes read, 4 bits of entropy available)
[   32.544717] random: udevadm: uninitialized urandom read (16 bytes read, 4 bits of entropy available)
[   32.544755] random: udevadm: uninitialized urandom read (16 bytes read, 4 bits of entropy available)
[   32.544793] random: udevadm: uninitialized urandom read (16 bytes read, 4 bits of entropy available)
[   32.544827] random: udevadm: uninitialized urandom read (16 bytes read, 4 bits of entropy available)
[   32.544862] random: udevadm: uninitialized urandom read (16 bytes read, 4 bits of entropy available)
[   35.191296] e1000: Intel(R) PRO/1000 Network Driver - version 7.3.21-k8-NAPI
[   35.342026] e1000: Copyright (c) 1999-2006 Intel Corporation.
[   35.464951] Fusion MPT base driver 3.04.20
[   35.529899] Copyright (c) 1999-2008 LSI Corporation
[   35.648863] Fusion MPT SPI Host driver 3.04.20
[   35.783926] AVX version of gcm_enc/dec engaged.
[   35.842916] input: ImExPS/2 Generic Explorer Mouse as /devices/platform/i8042/serio1/input/input4
[   35.993114] AES CTR mode by8 optimization enabled
[   36.222064] e1000 0000:00:03.0 eth0: (PCI:33MHz:32-bit) 02:47:9b:bf:4b:b0
[   36.397885] e1000 0000:00:03.0 eth0: Intel(R) PRO/1000 Network Connection
[   36.614221] e1000 0000:00:03.0 enp0s3: renamed from eth0
[   36.726723] mptbase: ioc0: Initiating bringup
[   36.908873] ioc0: LSI53C1030 A0: Capabilities={Initiator}
[   37.283098] scsi host2: ioc0: LSI53C1030 A0, FwRev=00000000h, Ports=1, MaxQ=256, IRQ=20
[   37.668814] scsi 2:0:0:0: Direct-Access     VBOX     HARDDISK         1.0  PQ: 0 ANSI: 5
[   37.830355] scsi target2:0:0: Beginning Domain Validation
[   37.976558] scsi target2:0:0: Domain Validation skipping write tests
[   38.179483] scsi target2:0:0: Ending Domain Validation
[   38.253073] scsi target2:0:0: asynchronous
[   38.304478] scsi 2:0:1:0: Direct-Access     VBOX     HARDDISK         1.0  PQ: 0 ANSI: 5
[   38.411942] scsi target2:0:1: Beginning Domain Validation
[   38.497854] scsi target2:0:1: Domain Validation skipping write tests
[   38.543916] scsi target2:0:1: Ending Domain Validation
[   38.609132] scsi target2:0:1: asynchronous
[   38.687843] sd 2:0:0:0: Attached scsi generic sg0 type 0
[   38.739743] sd 2:0:0:0: [sda] 20971520 512-byte logical blocks: (10.7 GB/10.0 GiB)
[   38.824262] floppy0: no floppy controllers found
[   38.824678] sd 2:0:0:0: [sda] Write Protect is off
[   38.824858] sd 2:0:0:0: [sda] Incomplete mode parameter data
[   38.824859] sd 2:0:0:0: [sda] Assuming drive cache: write through
[   38.914906] sd 2:0:1:0: Attached scsi generic sg1 type 0
[   38.915060] sd 2:0:1:0: [sdb] 20480 512-byte logical blocks: (10.5 MB/10.0 MiB)
[   38.915775] sd 2:0:1:0: [sdb] Write Protect is off
[   38.915948] sd 2:0:1:0: [sdb] Incomplete mode parameter data
[   38.915949] sd 2:0:1:0: [sdb] Assuming drive cache: write through
[   38.916907]  sda: sda1
[   38.918171] sd 2:0:0:0: [sda] Attached SCSI disk
[   38.921945] sd 2:0:1:0: [sdb] Attached SCSI disk
Begin: Loading e[   40.959630] md: linear personality registered for level -1
ssential drivers[   41.103339] md: multipath personality registered for level -4
 ... [   41.273186] md: raid0 personality registered for level 0
[   41.416950] md: raid1 personality registered for level 1
[   41.629522] raid6: sse2x1   gen()  8139 MB/s
[   41.785579] raid6: sse2x1   xor()  5614 MB/s
[   41.962249] raid6: sse2x2   gen() 10067 MB/s
[   42.145902] raid6: sse2x2   xor()  7089 MB/s
[   42.313452] raid6: sse2x4   gen() 12540 MB/s
[   42.513637] raid6: sse2x4   xor()  8241 MB/s
[   42.660650] raid6: using algorithm sse2x4 gen() 12540 MB/s
[   42.846525] raid6: .... xor() 8241 MB/s, rmw enabled
[   42.919122] raid6: using ssse3x2 recovery algorithm
[   43.045748] xor: automatically using best checksumming function:
[   43.206028]    avx       : 18936.000 MB/sec
[   43.311096] async_tx: api initialized (async)
[   43.438776] md: raid6 personality registered for level 6
[   43.539913] md: raid5 personality registered for level 5
[   43.678849] md: raid4 personality registered for level 4
[   43.844070] md: raid10 personality registered for level 10
done.
Begin: Running /scripts/init-premount ... done.
Begin: M[   43.984017] Btrfs loaded
ounting root file system ... Begin: Running /scr[   44.095874] EXT4-fs (sda1): mounted filesystem with ordered data mode. Opts: (null)
ipts/local-top ... done.
Begin: Running /scripts/local-premount ... Scanning for Btrfs filesystems
done.
Warning: fsck not present, so skipping root file system
done.
Begin: Running /scripts/local-bottom ... done.
Begin: Running /scripts/init-bottom ... done.
[   44.548696] systemd[1]: systemd 229 running in system mode. (+PAM +AUDIT +SELINUX +IMA +APPARMOR +SMACK +SYSVINIT +UTMP +LIBCRYPTSETUP +GCRYPT +GNUTLS +ACL +XZ -LZ4 +SECCOMP +BLKID +ELFUTILS +KMOD -IDN)
[   44.779729] systemd[1]: Detected virtualization oracle.
[   44.810603] systemd[1]: Detected architecture x86-64.

Welcome to [1mUbuntu 16.04.3 LTS[0m!

[   44.910870] systemd[1]: Set hostname to <ubuntu>.
[   44.986464] systemd[1]: Initializing machine ID from random generator.
[   45.085896] systemd[1]: Installed transient /etc/machine-id file.
[   45.336079] systemd[1]: Set up automount Arbitrary Executable File Formats File System Automount Point.
[[0;32m  OK  [0m] Set up automount Arbitrary Executab...ats File System Automount Point.
[   45.654687] systemd[1]: Listening on Syslog Socket.
[[0;32m  OK  [0m] Listening on Syslog Socket.
[   45.834966] systemd[1]: Started Trigger resolvconf update for networkd DNS.
[[0;32m  OK  [0m] Started Trigger resolvconf update for networkd DNS.
[   46.062689] systemd[1]: Listening on /dev/initctl Compatibility Named Pipe.
[[0;32m  OK  [0m] Listening on /dev/initctl Compatibility Named Pipe.
[   46.258673] systemd[1]: Reached target Swap.
[[0;32m  OK  [0m] Reached target Swap.
[   46.374158] systemd[1]: Listening on Journal Audit Socket.
[[0;32m  OK  [0m] Listening on Journal Audit Socket.
[   46.477837] systemd[1]: Listening on LVM2 poll daemon socket.
[[0;32m  OK  [0m] Listening on LVM2 poll daemon socket.
[   46.682004] systemd[1]: Listening on Journal Socket.
[[0;32m  OK  [0m] Listening on Journal Socket.
[   46.889971] systemd[1]: Listening on udev Kernel Socket.
[[0;32m  OK  [0m] Listening on udev Kernel Socket.
[   47.090248] systemd[1]: Listening on LVM2 metadata daemon socket.
[[0;32m  OK  [0m] Listening on LVM2 metadata daemon socket.
[   47.298703] systemd[1]: Listening on Device-mapper event daemon FIFOs.
[[0;32m  OK  [0m] Listening on Device-mapper event daemon FIFOs.
[   47.470569] systemd[1]: Listening on udev Control Socket.
[[0;32m  OK  [0m] Listening on udev Control Socket.
[   47.594609] systemd[1]: Reached target User and Group Name Lookups.
[[0;32m  OK  [0m] Reached target User and Group Name Lookups.
[   47.734115] systemd[1]: Reached target Encrypted Volumes.
[[0;32m  OK  [0m] Reached target Encrypted Volumes.
[   47.870667] systemd[1]: Started Forward Password Requests to Wall Directory Watch.
[[0;32m  OK  [0m] Started Forward Password Requests to Wall Directory Watch.
[   48.111385] systemd[1]: Created slice System Slice.
[[0;32m  OK  [0m] Created slice System Slice.
[   48.218241] systemd[1]: Starting Uncomplicated firewall...
[   48.219205] random: nonblocking pool is initialized
         Starting Uncomplicated firewall...
[   48.377863] systemd[1]: Starting Create list of required static device nodes for the current kernel...
         Starting Create list of required st... nodes for the current kernel...
[   48.599718] systemd[1]: Created slice system-serial\x2dgetty.slice.
[[0;32m  OK  [0m] Created slice system-serial\x2dgetty.slice.
[   48.778561] systemd[1]: Starting Load Kernel Modules...
[   48.841763] Loading iSCSI transport class v2.0-870.
         Startin[   48.937200] iscsi: registered transport (tcp)
g Load Kernel Modules...
[   49.014169] systemd[1]: Starting Remount Root and Kernel File Systems...
[   49.015488] iscsi: registered transport (iser)
         Startin[   49.152628] EXT4-fs (sda1): re-mounted. Opts: (null)
g Remount Root and Kernel File Systems...
[   49.261673] systemd[1]: Mounting POSIX Message Queue File System...
         Mounting POSIX Message Queue File System...
[   49.441684] systemd[1]: Starting Nameserver information manager...
         Starting Nameserver information manager...
[   49.665961] systemd[1]: Mounting Debug File System...
         Mounting Debug File System...
[   49.826186] systemd[1]: Starting Set console keymap...
         Starting Set console keymap...
[   49.978229] systemd[1]: Starting Monitoring of LVM2 mirrors, snapshots etc. using dmeventd or progress polling...
         Starting Monitoring of LVM2 mirrors... dmeventd or progress polling...
[   50.320874] systemd[1]: Listening on Journal Socket (/dev/log).
[[0;32m  OK  [0m] Listening on Journal Socket (/dev/log).
[   50.509944] systemd[1]: Starting Journal Service...
         Starting Journal Service...
[   50.667064] systemd[1]: Created slice User and Session Slice.
[[0;32m  OK  [0m] Created slice User and Session Slice.
[   50.833732] systemd[1]: Reached target Slices.
[[0;32m  OK  [0m] Reached target Slices.
[   50.974021] systemd[1]: Mounting Huge Pages File System...
         Mounting Huge Pages File System...
[   51.054903] systemd[1]: Mounted Huge Pages File System.
[[0;32m  OK  [0m] Mounted Huge Pages File System.
[   51.185861] systemd[1]: Mounted POSIX Message Queue File System.
[[0;32m  OK  [0m] Mounted POSIX Message Queue File System.
[   51.345221] systemd[1]: Mounted Debug File System.
[[0;32m  OK  [0m] Mounted Debug File System.
[   51.442449] systemd[1]: Started Journal Service.
[[0;32m  OK  [0m] Started Journal Service.
[[0;32m  OK  [0m] Started Uncomplicated firewall.
[[0;32m  OK  [0m] Started Create list of required sta...ce nodes for the current kernel.
[[0;32m  OK  [0m] Started Load Kernel Modules.
[[0;32m  OK  [0m] Started Remount Root and Kernel File Systems.
[[0;32m  OK  [0m] Started Set console keymap.
[[0;32m  OK  [0m] Started Nameserver information manager.
[[0;32m  OK  [0m] Started LVM2 metadata daemon.
         Starting udev Coldplug all Devices...
         Starting Load/Save Random Seed...
         Starting Initial cloud-init job (pre-networking)...
         Starting Apply Kernel Variables...
         Mounting FUSE Control File System...
         Starting Create Static Device Nodes in /dev...
         Starting Flush Journal to Persistent Storage...
[[0;32m  OK  [0m] Mounted FUSE Control File System.
[[0;32m  OK  [0m] Started Monitoring of LVM2 mirrors,...ng dmeventd or progress polling.
[[0;32m  OK  [0m] Started Load/Save Random Seed.
[[0;32m  OK  [0m] Started Apply Kernel Variables.
[[0;32m  OK  [0m] Started Create Static Device Nodes in /dev.
[[0;32m  OK  [0m] Started udev Coldplug all Devices.
[[0;32m  OK  [0m] Started Flush Journal to Persistent Storage.
         Starting udev Kernel Device Manager...
[[0;32m  OK  [0m] Started udev Kernel Device Manager.
[[0;32m  OK  [0m] Started Dispatch Password Requests to Console Directory Watch.
[[0;32m  OK  [0m] Reached target Local File Systems (Pre).
[[0;32m  OK  [0m] Reached target Local File Systems.
         Starting Set console font and keymap...
         Starting Create Volatile Files and Directories...
         Starting Tell Plymouth To Write Out Runtime Data...
[   36.867304] cloud-init[454]: Cloud-init v. 0.7.9 running 'init-local' at Thu, 01 Feb 2018 15:55:37 +0000. Up 36.27 seconds.
         Starting LSB: AppArmor initialization...
         Starting Commit a transient machine-id on disk...
[[0;32m  OK  [0m] Started Create Volatile Files and Directories.
[[0;32m  OK  [0m] Started Tell Plymouth To Write Out Runtime Data.
[[0;32m  OK  [0m] Started Set console font and keymap.
[[0;32m  OK  [0m] Started Commit a transient machine-id on disk.
[[0;32m  OK  [0m] Started Initial cloud-init job (pre-networking).
[[0;32m  OK  [0m] Found device /dev/ttyS0.
[[0;32m  OK  [0m] Listening on Load/Save RF Kill Switch Status /dev/rfkill Watch.
[[0;32m  OK  [0m] Reached target Network (Pre).
[[0;32m  OK  [0m] Created slice system-getty.slice.
         Starting Update UTMP about System Boot/Shutdown...
[[0;32m  OK  [0m] Reached target System Time Synchronized.
[[0;32m  OK  [0m] Started Update UTMP about System Boot/Shutdown.
[[0;32m  OK  [0m] Started LSB: AppArmor initialization.
         Starting Raise network interfaces...
[[0;32m  OK  [0m] Started Raise network interfaces.
         Starting Initial cloud-init job (metadata service crawler)...
[[0;32m  OK  [0m] Reached target Network.
[   41.073767] cloud-init[940]: Cloud-init v. 0.7.9 running 'init' at Thu, 01 Feb 2018 15:55:40 +0000. Up 40.25 seconds.
[   41.196812] [cloud-init[0;32m  OK  [0m[940]: ] ci-info: +++++++++++++++++++++++++++++++++++++Net device info++++++++++++++++++++++++++++++++++++++Started Initial cloud-init job (metadata service crawler).

[   41.197528] cloud-init[940]: ci-info: +--------+------+----------------------------+---------------+-------+-------------------+
[   41.624586] [cloud-init[0;32m  OK  [0m[940]: ] ci-info: | Device |  Up  |          Address           |      Mask     | Scope |     Hw-Address    |Reached target System Initialization.

[   41.625316] [cloud-init[0;32m  OK  [0m[940]: ] ci-info: +--------+------+----------------------------+---------------+-------+-------------------+Listening on ACPID Listen Socket.

[   41.827751]          cloud-initStarting Socket activation for snappy daemon.[940]: 
ci-info: |   lo   | True |         127.0.0.1          |   255.0.0.0   |   .   |         .         |
[   42.272583] [cloud-init[0;32m  OK  [0m[940]: ] ci-info: |   lo   | True |          ::1/128           |       .       |  host |         .         |Started Daily Cleanup of Temporary Directories.

[   42.273358] cloud-init[940]: ci-info: | enp0s3 | True |         10.0.2.15          | 255.255.255.0 |   .   | 02:47:9b:bf:4b:b0 |
[   42.671031] [cloud-init[0;32m  OK  [0m[940]: ] ci-info: | enp0s3 | True | fe80::47:9bff:febf:4bb0/64 |       .       |  link | 02:47:9b:bf:4b:b0 |Started ACPI Events Check.

[   42.671697] [cloud-init[0;32m  OK  [0m[940]: ] ci-info: +--------+------+----------------------------+---------------+-------+-------------------+Reached target Paths.

[   42.865980] cloud-init[940]: ci-info: +++++++++++++++++++++++++++Route IPv4 info++++++++++++++++++++++++++++
[   43.188796]          cloud-initStarting LXD - unix socket.[940]: 
ci-info: +-------+-------------+----------+---------------+-----------+-------+
[   43.368617] [cloud-init[0;32m  OK  [0m[940]: ] ci-info: | Route | Destination | Gateway  |    Genmask    | Interface | Flags |Started Timer to automatically fetch and run repair assertions.

[   43.369229] [cloud-init[0;32m  OK  [0m[940]: ] ci-info: +-------+-------------+----------+---------------+-----------+-------+Started Timer to automatically refresh installed snaps.

[   43.606122] [cloud-init[0;32m  OK  [0m[940]: ] ci-info: |   0   |   0.0.0.0   | 10.0.2.2 |    0.0.0.0    |   enp0s3  |   UG  |Listening on UUID daemon activation socket.

[   43.821612] [cloud-init[0;32m  OK  [0m[940]: ] ci-info: |   1   |   10.0.2.0  | 0.0.0.0  | 255.255.255.0 |   enp0s3  |   U   |Listening on D-Bus System Message Bus Socket.

[   44.029325] [cloud-init[0;32m  OK  [0m[940]: ] ci-info: +-------+-------------+----------+---------------+-----------+-------+Reached target Cloud-config availability.

[   44.213342] [cloud-init[0;32m  OK  [0m[940]: ] Generating public/private rsa key pair.Reached target Network is Online.

[   44.555288] [cloud-init[0;32m  OK  [0m[940]: ] Your identification has been saved in /etc/ssh/ssh_host_rsa_key.Started Daily apt download activities.

[[0;32m  OK  [0m] Started Daily apt upgrade and clean activities.
[[0;32m  OK  [0m] Reached target Timers.
[   44.556008] cloud-init[940]: Your public key has been saved in /etc/ssh/ssh_host_rsa_key.pub.
[   44.968399]          cloud-initStarting iSCSI initiator daemon (iscsid)...[940]: 
The key fingerprint is:
[   45.096711] [cloud-init[0;32m  OK  [0m[940]: ] SHA256:VmkFzm1q0J8/icUAOSSiwO5erk3PTIE1ARZFHd7Y6lQ root@ubuntu-xenialListening on Socket activation for snappy daemon.

[   45.097372] [cloud-init[0;32m  OK  [0m[940]: ] The key's randomart image is:Listening on LXD - unix socket.

[   45.301726] cloud-init[940]: +---[RSA 2048]----+
[   45.488792] [cloud-init[0;32m  OK  [0m[940]: ] | .. +==.oo+o.    |Reached target Sockets.

[   45.489375] [cloud-init[0;32m  OK  [0m[940]: ] |  .o . +.Oo=     |Reached target Basic System.

[   45.613389] cloud-init[940]: | .  . o + E.+    |
[   45.800780]          cloud-initStarting Pollinate to seed the pseudo random number generator...[940]: 
|  .  o . * + +   |
[   45.905665] [cloud-init[0;32m  OK  [0m[940]: ] | .  . . S o o o  |Started Deferred execution scheduler.

[   45.906433] cloud-init[940]: |  . .  = .   + . |
[   46.076627]          cloud-initStarting LSB: Record successful boot for GRUB...[940]: 
| . o. . .   . +  |
[   46.197598]          cloud-initStarting Login Service...[940]: 
|  .o.=         . |
[   46.288381]          cloud-initStarting LXD - container startup/shutdown...[940]: 
|  ... +          |
[[0;32m  OK  [0m] Started Unattended Upgrades Shutdown.
[   46.414065] cloud-init[940]: +----[SHA256]-----+
         Starting Accounts Service...
[   46.551098] cloud-init[940]: Generating public/private dsa key pair.
         Starting System Logging Service...
[   46.690860] cloud-init[940]: Your identification has been saved in /etc/ssh/ssh_host_dsa_key.
[   46.852943] cloud-init[940]: Your public key has been saved in /etc/ssh/ssh_host_dsa_key.pub.
[   46.853593] cloud-init[940]: The key fingerprint is:
         Starting /etc/rc.local Compatibility...
[   46.853811] cloud-init[940]: SHA256:lsYTB3TftYmEhCIybSOkAwY6BA+LLhVblQh8z4ftMK8 root@ubuntu-xenial
[   47.228632] cloud-init[940]: The key's randomart image is:
[   47.229020] cloud-init[940]: +---[DSA 1024]----+
         Starting Apply the settings specified in cloud-config...
[   47.229206] cloud-init[940]: |B++ooo.oo +...  .|
[   47.472729] cloud-init[940]: |*+oBo=.. + o....o|
[   47.473395] cloud-init[940]: |=o+.=oooo . ...o |
         Starting LSB: MD monitoring daemon...
[   47.473992] cloud-init[940]: |.o.   *.o+       |
[   47.692443] cloud-init[940]: |..     *S        |
[   47.692884] cloud-init[940]: |.      oo.       |
[[0;32m  OK  [0m] Started Regular background program processing daemon.
[   47.693064] cloud-init[940]: |       .         |
[   47.892743] cloud-init[940]: |      E          |
[   47.893122] cloud-init[940]: |                 |
[[0;32m  OK  [0m] Started ACPI event daemon.
[   47.893294] cloud-init[940]: +----[SHA256]-----+
[   48.173143] cloud-init[940]: Generating public/private ecdsa key pair.
[   48.173538] cloud-init[940]: Your identification has been saved in /etc/ssh/ssh_host_ecdsa_key.
[[0;32m  OK  [0m] Started FUSE filesystem for LXC.
[   48.173722] cloud-init[940]: Your public key has been saved in /etc/ssh/ssh_host_ecdsa_key.pub.
[   48.524638] cloud-init[940]: The key fingerprint is:
[   48.525092] cloud-init[940]: SHA256:6PhGOR3s8MxAIS/N54xkxKc4e/vatWwsyJeXdjimWcA root@ubuntu-xenial
[[0;32m  OK  [0m] Started D-Bus System Message Bus.
[   48.525436] cloud-init[940]: The key's randomart image is:
         [   48.844655] Starting Snappy daemon...cloud-init
[940]: +---[ECDSA 256]---+
[   48.916358] cloud-init[940]: |    ..o.         |
[   48.916750] cloud-init[940]: |     *o .        |
[[0;32m  OK  [0m] Started System Logging Service.
[   48.916913] cloud-init[940]: |    .o*+.        |
[   49.097155] cloud-init[940]: |    o++Bo        |
[   49.097357] cloud-init[940]: |     ooXE.       |
[[0;32m  OK  [0m] Started Snappy daemon.
[   49.097434] cloud-init[940]: |    .o= *.       |
[   49.341437] cloud-init[940]: |    .+.+ ooo     |
[[0;32m  OK  [0m] Started iSCSI initiator daemon (iscsid).
[   49.341620] cloud-init[940]: |     .=.+=X..    |
[[   49.588404] cloud-init[940]: |     .o+=Boo     |
[   49.589183] cloud-init[940]: +----[SHA256]-----+
[   49.589344] cloud-init[940]: Generating public/private ed25519 key pair.
[0;32m  OK  [0m] Started Pollinate to seed the pseudo random number generator.
[   49.589456] cloud-init[940]: Your identification has been saved in /etc/ssh/ssh_host_ed25519_key.
[[   50.024824] cloud-init[940]: Your public key has been saved in /etc/ssh/ssh_host_ed25519_key.pub.
[   50.025438] cloud-init[940]: The key fingerprint is:
[0;32m  OK  [0m] Started LXD - container startup/shutdown.
[   50.025588] cloud-init[940]: SHA256:slHjvBYX2kUq3HW1JP/9rf9J3znyY8NMAoO3JtRlm0s root@ubuntu-xenial
[[   50.392770] cloud-init[940]: The key's randomart image is:
[   50.393617] cloud-init[940]: +--[ED25519 256]--+
[   50.393841] cloud-init[940]: |            o..o.|
[0;32m  OK  [0m] Started /etc/rc.local Compatibility.
[   50.393981] cloud-init[940]: |       . . + ++ .|
[[   50.712493] cloud-init[940]: |        = * + oo |
[   50.713122] cloud-init[940]: |       + B B E  o|
[   50.713294] cloud-init[940]: |      o S + = . o|
[0;32m  OK  [0m] Started LSB: Record successful boot for GRUB.
[   50.713407] cloud-init[940]: |       + = o o .o|
[[   51.032354] cloud-init[940]: |      . o o   =.o|
[   51.033059] cloud-init[940]: |       .     ..O=|
[   51.033232] cloud-init[940]: |              ==X|
[0;32m  OK  [0m] Started LSB: MD monitoring daemon.
[   51.033337] cloud-init[940]: +----[SHA256]-----+
[[0;32m  OK  [0m] Started Login Service.
[   51.349652] cloud-init[1117]: Generating locales (this might take a while)...
[   51.492605] cloud-init[1117]:   en_US.UTF-8... done
[   51.493060] cloud-init[1117]: Generation complete.
         Starting Authenticate and Authorize Users to Run Privileged Tasks...
[[0;32m  OK  [0m] Stopped OpenBSD Secure Shell server.
         Starting OpenBSD Secure Shell server...
         Starting Login to default iSCSI targets...
         Starting Auto import assertions from block devices...
[[0;32m  OK  [0m] Started OpenBSD Secure Shell server.
[[0;32m  OK  [0m] Started Auto import assertions from block devices.
[[0;32m  OK  [0m] Started Authenticate and Authorize Users to Run Privileged Tasks.
[[0;32m  OK  [0m] Started Accounts Service.
[[0;32m  OK  [0m] Started Login to default iSCSI targets.
[[0;32m  OK  [0m] Reached target Remote File Systems (Pre).
[[0;32m  OK  [0m] Reached target Remote File Systems.
[   52.515153] cloud-init[1117]: Cloud-init v. 0.7.9 running 'modules:config' at Thu, 01 Feb 2018 15:55:48 +0000. Up 47.46 seconds.
         Starting LSB: daemon to balance interrupts for SMP systems...
         Starting LSB: automatic crash report generation...
         Starting LSB: VirtualBox Linux Additions...
         Starting Permit User Sessions...
         Starting LSB: Set the CPU Frequency Scaling governor to "ondemand"...
[[0;32m  OK  [0m] Started Apply the settings specified in cloud-config.
[[0;32m  OK  [0m] Started Permit User Sessions.
[[0;32m  OK  [0m] Started LSB: daemon to balance interrupts for SMP systems.
[[0;32m  OK  [0m] Started LSB: automatic crash report generation.
[[0;32m  OK  [0m] Started LSB: VirtualBox Linux Additions.
         Starting Hold until boot process finishes up...
         Starting Terminate Plymouth Boot Screen...
[[0;32m  OK  [0m] Started LSB: Set the CPU Frequency Scaling governor to "ondemand".
[[0;32m  OK  [0m] Started Hold until boot process finishes up.
[[0;32m  OK  [0m] Started Terminate Plymouth Boot Screen.
[[0;32m  OK  [0m] Started Getty on tty1.
[[0;32m  OK  [0m] Started Serial Getty on ttyS0.
[[0;32m  OK  [0m] Reached target Login Prompts.
         Starting Set console scheme...
[[0;32m  OK  [0m] Reached target Multi-User System.
         Starting Execute cloud user/final scripts...
[[0;32m  OK  [0m] Reached target Graphical Interface.
         Starting Update UTMP about System Runlevel Changes...
[[0;32m  OK  [0m] Started Set console scheme.
[[0;32m  OK  [0m] Started Update UTMP about System Runlevel Changes.
ci-info: no authorized ssh keys fingerprints found for user ubuntu.
<14>Feb  1 15:55:55 ec2: 
<14>Feb  1 15:55:55 ec2: #############################################################
<14>Feb  1 15:55:55 ec2: -----BEGIN SSH HOST KEY FINGERPRINTS-----
<14>Feb  1 15:55:55 ec2: 1024 SHA256:lsYTB3TftYmEhCIybSOkAwY6BA+LLhVblQh8z4ftMK8 root@ubuntu-xenial (DSA)
<14>Feb  1 15:55:55 ec2: 256 SHA256:6PhGOR3s8MxAIS/N54xkxKc4e/vatWwsyJeXdjimWcA root@ubuntu-xenial (ECDSA)
<14>Feb  1 15:55:55 ec2: 256 SHA256:slHjvBYX2kUq3HW1JP/9rf9J3znyY8NMAoO3JtRlm0s root@ubuntu-xenial (ED25519)
<14>Feb  1 15:55:55 ec2: 2048 SHA256:VmkFzm1q0J8/icUAOSSiwO5erk3PTIE1ARZFHd7Y6lQ root@ubuntu-xenial (RSA)
<14>Feb  1 15:55:55 ec2: -----END SSH HOST KEY FINGERPRINTS-----
<14>Feb  1 15:55:55 ec2: #############################################################
-----BEGIN SSH HOST KEY KEYS-----
ecdsa-sha2-nistp256 AAAAE2VjZHNhLXNoYTItbmlzdHAyNTYAAAAIbmlzdHAyNTYAAABBBGKFBiEJTael5PCT9hn0md6xkyVj/4oKhrMbe3QTywoFbdT7dmY6FTmIV5z+IX70Siqm+azjkpLDwRfx6i7bhJo= root@ubuntu-xenial
ssh-ed25519 AAAAC3NzaC1lZDI1NTE5AAAAIDWSVpZg7NsR1ShlIZKrRrHPsag82P3HxKLRIJ/Apm1D root@ubuntu-xenial
ssh-rsa AAAAB3NzaC1yc2EAAAADAQABAAABAQDJZZvJxfMmN8PEFKOUEgyurFUpzQLxfK3L7nbnnx+KCl8jUiKCNZctq7GdpL/MVpQvKgbXcgOHfxyn9duqwEJmwBJ7U0tSOiDuYpS6GyqtsCxsoyohougFRjNDQ9squC3mMwTTcXAzYjXbuAnElMPf6OOLcNaPJJRLV2B3EhotUWrK7zhn0zhcX8CqhlfgTA+FpgTd0zgcT3R2QEQy3H9isu/8YUXmMX/TI695xGYqU2GGiXohz41+D6m+Y0aftrtE0zZ4SAOgrnzN36K8LS5JWkFZnG8HSNPlQZZH+HcM08rJvObLxPy7rV5zeZcF0SNwslN83UxDlgMLTZtbxii9 root@ubuntu-xenial
-----END SSH HOST KEY KEYS-----
[   56.687796] cloud-init[1301]: Cloud-init v. 0.7.9 running 'modules:final' at Thu, 01 Feb 2018 15:55:55 +0000. Up 54.64 seconds.
[[0;32m  OK  [0m] Started Execute cloud user/final scripts.
[   56.834659] cloud-init[1301]: ci-info: no authorized ssh keys fingerprints found for user ubuntu.
[   57.053315] [cloud-init[0;32m  OK  [0m[1301]: ] Cloud-init v. 0.7.9 finished at Thu, 01 Feb 2018 15:55:57 +0000. Datasource DataSourceNoCloud [seed=/dev/sdb][dsmode=net].  Up 56.67 secondsReached target Cloud-init target.


Ubuntu 16.04.3 LTS ubuntu-xenial ttyS0

ubuntu-xenial login: 