[    .00000] Inializing cgroup subsys cpuset
[    0.000000] Iniiaizing cgroup subsys cpu
[    0.00000] Initializing cgroup subsys cpuacct
[    0.000000] Linux version 4.4.0-112-generic (buildd@lgw01-amd64-010) (gcc version 5.4.0 20160609 (Ubuntu 5.4.0-6ubuntu1~16.04.5)) #135-buntu SMP Fri Jan 19 11:48:36 UTC 018 (Ubuntu 4.4.0-112.135-generic 4.4.98)
[    0.000000] Command line: BOOTIMAGE=/bootvminuz-4.4.0-112-generic root=LABE=cloudimg-rootfsro console=tty cnsole=ttyS0
[    0.000000]KENEL supported cpus
    0.000000]   InelGenuinInel
[   .000000]   AMD AuthenticAMD
[    0.000000]  entaur Centuruls
   0.00000 x86/fpu: Legacy x87 FPU detected.
[    0.000000] x86/fpu: Using 'lazy' FPU context switches.
   0.000000] e80:BIS-povidd physical RAM map:
[    0.000000] BIOS-e8: [mem 0x00000000000000-0x000000000009fbff] usable
[    0.0000] BIOS-e20 [mm x0000000009fc000x00000000009ffff] reserved
[   .000000] BIO-e20: [mem 0x000000000f0000-0x0000000000ffff] reserved
[    0.0000] BIOS-82: [mem 0x000000001000000x000000fefff] sable
[    0.000000] BOS-e820: [mem 0x0000000fff0000-0x0000007ffffff] API dta
[    0.000000] BIOS-e820: [mem 0x00000fec00000-0x0000000ec0fff] reserve
[    0.000000] IOS-82: [emx00000000fee00000-0x00000000fee00fff] reserved
[    000000 BOS-e820: [mem 0x00000000fffc0000-0x00000000ffffffff] reserved
[    0.000000] NX (Execute isble) protection: active
[    0.0000] SMBIOS 2.5 pesnt.
   0.000000] Hypervisor detete: VM
[  0.0000] e820: lastpf = 0x7fff0 x_arch_pfn = 0x400000000
[    0.0000] MTR: isabled
[    0.00000]x8/PAT: MTRRs disabled, skippping PAT initializatontoo.[    0.0000] CPU TR all blank - virtualized syste
[    0.000000] x86/PAT: Configuratin 0-7]: WB WT UC- UC  WB  WT  UC- C 
[   .00000] foud MP MP-table at [mem 0x009fff0-0x0009fff] apped at [ffff880000fff0]
[    0.000000] Scanning 1 areas for low memory corruption
[   0.000000] RAMDISK: [mem 0x36adc00-x37565ff][    0.000000] ACPI: Early table chckum verification disabled
[   0.000000] CP: SDP 0x000000000E0000 000024 (v02 VBOX  )
[    0.000000] ACPI: XSDT 0x000000007FFF0030 00003C (v01 VBOX   VBOXXDT00000001 ASL  000061)
   0.0000 ACPI: FACP 0x0000007FFF00F0 000F4(v4 VBOX   VBOXFAP 0000001 ASL  000061
    0.000000] ACPI: DSDT 0x000007FF047 0021FF (v02 VBOX   VBOXBIOS 00000002 INTL 201058)
[    0.000000] ACPI: FACS 0x0000000FFF0200 00040
[   0000000] ACPI: FACS 0x000000007FFF0200 000040
[    0.000000] ACPI: APIC 0x00000007FFF024 0005C (v2 BOX   VBOXAPC 000001 ASL 000061)[   0000000] ACPI: SST x0000007FFF02A0 001C (v01VBX   VBOXCPUT 00000002 INTL 201058)
[    0.0000] No NUMA configuration found
[   0.00000] Faking  nde at [mem 0x0000000000000000-0000000ffeffff]
[    0.00000] NDE_DATA(0) allocated [mem 0x7ffeb000-0x7ffeffff]
[    0.000000] kvm-clock: Using msrs 4b564d01 and 4b564d00
<<<<<<< HEAD
[    0.00000] vm-clock: cpu 0, msr 0:7fe3001, priarycpu coc
[    0.000000] kvm-clock: using sced offset of 463721212 cyces
[    0.000000] clocksource: kvm-clock: mask: 0xffffffffffffffff m_cycls:0x1cd42e4dffb, max_idlens 8159051483 ns
[    0.000000] Zone rangs:
[    0.00000   DMA      [mem0x000000000001000-0x0000000000ffffff][    0.000000]   DMA32  [mem 0x00000000010000-0x00000007feffff]
[    0.000000]   Norml  epty
   0.00000   Dvi   emty
[    000000] Movable zone sar for eachnod
[    0.000000] Early memor node range
[   0.00000]  node   0: [mem x0000000000001000-0x000000000009efff]
[    0.000000   nod   0: mem 0x0000000000100000-0000000ffffff]
[    0.000000] Initmm etup node 0 [mem 0x0000000000001000-0x000000ffffff]
[    0.000000] ACPI: M-imer IO Port: 0x4008
[   .000000] IOAPIC[0]: apic_id 2, version 32, adrss 0xec000, GI -23
[    000000 API: INTSR_OVR (bus 0 bus_irq 0glbal_ir2 dfl dfl)
[    0.000000] ACPI: INT_SRC_OV (bs 0 s_irq  gobal_irq 9 low level)
[   0.000000] Using ACPI MAT) for SMP configuration information
[    0.000000] smpboot: Allowig 2 CPUs, 0 hotplug CPUs
   0.00000]PM Regiteed nosave mery: [me 0000000000x0000ff]
[    0.00000]PM: Registerenoave memoory [mem 0x0009f000-0x0009fff]
[    0.000000] PM: Reisered osve memory: [mem 0x000000-0x00efff]
[    0.00000] M: Registered nosvememory: [mem0x00f0000-0x000fffff]
    0.000000] e820: [mem 0x80000000-0xfebfffff] available for PCI devices
[    0.000000] Booting paravirtualze kernel on KVM[    0.000000] clocksource: refined-jiffies: mask: 0xffffffff max_cycles: 0xffffffff, max_dle_ns: 7645519600211568 ns
[   0.0000] setup_percpu: NR_CPUS:52 r_cpusk_bits:512 nr_cpu_ids:2 nr_node_ids:1
[    0.00000 PERCPU: Embedded 34 pagescp @ffff8807c0000 9944 r812 31528 048576
[    0.000000] PVqsinlock as table nties: 6 order:  0, 496bytes)
[  0.00000 Bilt 1 zonelists in Node order, obliy rouping on.  otalpages: 51561
[    0.000000] Policy zone: DMA32
[    0.000000] Kernel command line:BOOT_IMAGE=/boot/vmlinuz-4.4.0-112-generic root=LABEL=cloudimg-rootfs ro cnsole=tty1 console=tyS0
[    0.000000] PID hash table entries: 4096 (order:3, 3278 btes)
[   .000000] Memory: 2033932K/09696K aaiable (899K kernelcode, 1309K rwat, 3988K rodata, 1508 iit, 1316K bss, 62764K reserved, 0Kcm-resered
[    .00000] SLUB: Halgn64 Ordr=-3,MiObjects=0, CUs2, Nodes=1
[    0.000000] Kernel/User page tablesislatio: nabled
   0.000000] HierarchialRCU implementation.
[   0.00000] 	Build-time adjustment of leaf fanout to 64.
[    0.00000] 	RCU restrictin CUs from NR_CPU=512 to nr_cpu_i=2.
[    0.000000] CU: Adjusting geometry for ru_fanouleaf=64, nr_cpu_ids=2
[    0.000000] NRIRS:33024 nr_irqs:440 16
[    0.000000] nsole clor VA+0x25[   0.000] conol [ty1 eabed[   0.0000]conol[ttyS] abled
[   .000000] tsc: Detected 2526.996 MHz processor
[   14.049562] Calibrating delay loop (skipped) preset value.. 5053.99 BogoMIPS (lpj=10107984)
[   14.065191] pid_max: default: 32768 minimum: 301
[   14.102172] ACPI: Core revision 20150930
[   14.152508] ACPI: 2 ACPI AML tables successfully acquired and loaded
[   14.164394] Security Framework initialized
[   14.171697] Yama: becoming mindful.
[   14.178239] AppArmor: AppArmor initialized
[   14.204479] Dentry cache hash table entries: 262144 (order: 9, 2097152 bytes)
[   14.227372] Inode-cache hash table entries: 131072 (order: 8, 1048576 bytes)
[   14.261977] Mount-cache hash table entries: 4096 (order: 3, 32768 bytes)
[   14.302412] Mountpoint-cache hash table entries: 4096 (order: 3, 32768 bytes)
[   14.317712] Initializing cgroup subsys io
[   14.358759] Initializing cgroup subsys memory
[   14.379480] Initializing cgroup subsys devices
[   14.388262] Initializing cgroup subsys freezer
[   14.395307] Initializing cgroup subsys net_cls
[   14.406978] Initializing cgroup subsys perf_event
[   14.412562] Initializing cgroup subsys net_prio
[   14.431200] Initializing cgroup subsys hugetlb
[   14.458211] Initializing cgroup subsys pids
[   14.490887] CPU: Physical Processor ID: 0
[   14.511465] CPU: Processor Core ID: 0
[   14.526432] FEATURE SPEC_CTRL Not Present
[   14.534655] mce: CPU supports 0 MCE banks
[   14.578037] Last level iTLB entries: 4KB 512, 2MB 7, 4MB 7
[   14.635217] Last level dTLB entries: 4KB 512, 2MB 32, 4MB 32, 1GB 0
[   14.669451] Freeing SMP alternatives memory: 32K
[   14.703214] ftrace: allocating 32180 entries in 126 pages
[   14.785981] smpboot: APIC(0) Converting physical 0 to logical package 0
[   14.799089] smpboot: Max logical packages: 1
[   14.807507] x2apic enabled
[   14.811206] Switched APIC routing to physical x2apic.
[   14.816941] ..TIMER: vector=0x30 apic1=0 pin1=2 apic2=-1 pin2=-1
[   15.010035] smpboot: CPU0: Intel(R) Core(TM) i3 CPU       M 380  @ 2.53GHz (family: 0x6, model: 0x25, stepping: 0x5)
[   15.074619] Performance Events: unsupported p6 CPU model 37 no PMU driver, software events only.
[   15.111730] KVM setup paravirtual spinlock
[   15.134138] x86: Booting SMP configuration:
[   15.143941] .... node  #0, CPUs:      #1
[   15.152349] kvm-clock: cpu 1, msr 0:7ffe3041, secondary cpu clock
[   15.156787] mce: CPU supports 0 MCE banks
[   15.160800] x86: Booted up 1 node, 2 CPUs
[   15.192172] smpboot: Total of 2 processors activated (10107.98 BogoMIPS)
[   15.198636] devtmpfs: initialized
[   15.216501] evm: security.selinux
[   15.227890] evm: security.SMACK64
[   15.236294] evm: security.SMACK64EXEC
[   15.252376] evm: security.SMACK64TRANSMUTE
[   15.282165] evm: security.SMACK64MMAP
[   15.318095] evm: security.ima
[   15.339561] evm: security.capability
[   15.363952] clocksource: jiffies: mask: 0xffffffff max_cycles: 0xffffffff, max_idle_ns: 7645041785100000 ns
[   15.394536] futex hash table entries: 512 (order: 3, 32768 bytes)
[   15.428676] pinctrl core: initialized pinctrl subsystem
[   15.432726] RTC time: 20:48:02, date: 02/10/18
[   15.459021] NET: Registered protocol family 16
[   15.483425] cpuidle: using governor ladder
[   15.526294] cpuidle: using governor menu
[   15.540791] PCCT header not found.
[   15.570040] ACPI: bus type PCI registered
[   15.590727] acpiphp: ACPI Hot Plug PCI Controller Driver version: 0.5
[   15.611435] PCI: Using configuration type 1 for base access
[   15.637725] ACPI: Added _OSI(Module Device)
[   15.647714] ACPI: Added _OSI(Processor Device)
[   15.652788] ACPI: Added _OSI(3.0 _SCP Extensions)
[   15.674042] ACPI: Added _OSI(Processor Aggregator Device)
[   15.693687] ACPI: Executed 1 blocks of module-level executable AML code
[   15.709817] ACPI: Interpreter enabled
[   15.714471] ACPI: (supports S0 S5)
[   15.734825] ACPI: Using IOAPIC for interrupt routing
[   15.752575] PCI: Using host bridge windows from ACPI; if necessary, use "pci=nocrs" and report a bug
[   15.782783] ACPI: PCI Root Bridge [PCI0] (domain 0000 [bus 00-ff])
[   15.817186] acpi PNP0A03:00: _OSC: OS supports [ASPM ClockPM Segments MSI]
[   15.851340] acpi PNP0A03:00: _OSC: not requesting OS control; OS requires [ExtendedConfig ASPM ClockPM MSI]
[   15.880839] acpi PNP0A03:00: fail to add MMCONFIG information, can't access extended PCI configuration space under this bridge.
[   15.935658] PCI host bridge to bus 0000:00
[   15.944654] pci_bus 0000:00: root bus resource [io  0x0000-0x0cf7 window]
[   15.958066] pci_bus 0000:00: root bus resource [io  0x0d00-0xffff window]
[   15.971410] pci_bus 0000:00: root bus resource [mem 0x000a0000-0x000bffff window]
[   16.001745] pci_bus 0000:00: root bus resource [mem 0x80000000-0xfdffffff window]
[   16.034385] pci_bus 0000:00: root bus resource [bus 00-ff]
[   16.060752] pci 0000:00:01.1: legacy IDE quirk: reg 0x10: [io  0x01f0-0x01f7]
[   16.082780] pci 0000:00:01.1: legacy IDE quirk: reg 0x14: [io  0x03f6]
[   16.093596] pci 0000:00:01.1: legacy IDE quirk: reg 0x18: [io  0x0170-0x0177]
[   16.124695] pci 0000:00:01.1: legacy IDE quirk: reg 0x1c: [io  0x0376]
[   16.222930] pci 0000:00:07.0: quirk: [io  0x4000-0x403f] claimed by PIIX4 ACPI
[   16.236375] pci 0000:00:07.0: quirk: [io  0x4100-0x410f] claimed by PIIX4 SMB
[   16.282669] ACPI: PCI Interrupt Link [LNKA] (IRQs 5 9 10 *11)
[   16.322329] ACPI: PCI Interrupt Link [LNKB] (IRQs 5 9 *10 11)
[   16.372071] ACPI: PCI Interrupt Link [LNKC] (IRQs 5 *9 10 11)
[   16.392976] ACPI: PCI Interrupt Link [LNKD] (IRQs 5 9 10 *11)
[   16.402034] ACPI: Enabled 2 GPEs in block 00 to 07
[   16.454272] vgaarb: setting as boot device: PCI:0000:00:02.0
[   16.474006] vgaarb: device added: PCI:0000:00:02.0,decodes=io+mem,owns=io+mem,locks=none
[   16.498606] vgaarb: loaded
[   16.510868] vgaarb: bridge control possible 0000:00:02.0
[   16.558006] SCSI subsystem initialized
[   16.571399] ACPI: bus type USB registered
[   16.581735] usbcore: registered new interface driver usbfs
[   16.594185] usbcore: registered new interface driver hub
[   16.610748] usbcore: registered new device driver usb
[   16.628750] PCI: Using ACPI for IRQ routing
[   16.638596] NetLabel: Initializing
[   16.649949] NetLabel:  domain hash size = 128
[   16.653771] NetLabel:  protocols = UNLABELED CIPSOv4
[   16.664089] NetLabel:  unlabeled traffic allowed by default
[   16.703666] amd_nb: Cannot enumerate AMD northbridges
[   16.726488] clocksource: Switched to clocksource kvm-clock
[   1.7430]Aprmr:Aprm Flest Ebld
[   17596]npPnACI it[ 178009] np PP PIfond dices
[   18.433419] clocksource: acpi_pm: mask: 0xffffff max_cycles: 0xffffff, max_idle_ns: 2085701024 ns
[   18.481923] NET: Registered protocol family 2
[   18.494704] TCP established hash table entries: 16384 (order: 5, 131072 bytes)
[   18.523018] TCP bind hash table entries: 16384 (order: 6, 262144 bytes)
[   18.572903] TCP: Hash tables configured (established 16384 bind 16384)
[   18.596014] UDP hash table entries: 1024 (order: 3, 32768 bytes)
[   18.601569] UDP-Lite hash table entries: 1024 (order: 3, 32768 bytes)
[   18.606044] NET: Registered protocol family 1
[   18.618999] pci 0000:00:00.0: Limiting direct PCI/PCI transfers
[   18.637576] pci 0000:00:01.0: Activating ISA DMA hang workarounds
[   18.655455] Unpacking initramfs...
[   21.297939] Freeing initrd memory: 10792K
[   21.337844] platform rtc_cmos: registered platform RTC device (no PNP device found)
[   21.379857] Scanning for low memory corruption every 60 seconds
[   21.438105] audit: initializing netlink subsys (disabled)
[   21.478053] audit: type=2000 audit(1518295678.334:1): initialized
[   21.501248] Initialise system trusted keyring
[   21.514269] HugeTLB registered 2 MB page size, pre-allocated 0 pages
[   21.537958] zbud: loaded
[   21.559356] VFS: Disk quotas dquot_6.6.0
[   21.580841] VFS: Dquot-cache hash table entries: 512 (order 0, 4096 bytes)
[   21.598959] squashfs: version 4.0 (2009/01/31) Phillip Lougher
[   21.612210] fuse init (API version 7.23)
[   21.629450] Key type big_key registered
[   21.631377] Allocating IMA MOK and blacklist keyrings.
[   21.645972] Key type asymmetric registered
[   21.663875] Asymmetric key parser 'x509' registered
[   21.693720] Block layer SCSI generic (bsg) driver version 0.4 loaded (major 249)
[   21.714623] io scheduler noop registered
[   21.729329] io scheduler deadline registered (default)
[   21.737559] io scheduler cfq registered
[   21.767325] pci_hotplug: PCI Hot Plug PCI Core version: 0.5
[   21.783876] pciehp: PCI Express Hot Plug Controller Driver version: 0.4
[   21.804342] ACPI: AC Adapter [AC] (on-line)
[   21.828385] input: Power Button as /devices/LNXSYSTM:00/LNXPWRBN:00/input/input0
[   21.864203] ACPI: Power Button [PWRF]
[   21.870353] input: Sleep Button as /devices/LNXSYSTM:00/LNXSLPBN:00/input/input1
[   21.886695] ACPI: Sleep Button [SLPF]
[   21.902872] GHES: HET is not enabled
  21031]CP Bttry Slot [BAT0] (battery present)
[   22.335678] tsc: Refined TSC cocsoce cliation 25.02MH
[  23368]] clockoue:ts msk0xfffffffffmax_cycles: 0x246811995 m_ie_: 075258 n
[   23.810264] Serial: 8250/16550 driver, 32 ports, IRQ sharing enabled
[   23.859857] 00:02: ttyS0 at I/O 0x3f8 (irq = 4, base_baud = 115200) is a 16550A
[   23.895256] Linux agpgart interface v0.103
[   23.908914] loop: module loaded
[   23.923288] scsi host0: ata_piix
[   23.932781] scsi host1: ata_piix
[   23.956196] ata1: PATA max UDMA/33 cmd 0x1f0 ctl 0x3f6 bmdma 0xd000 irq 14
[   23.977997] ata2: PATA max UDMA/33 cmd 0x170 ctl 0x376 bmdma 0xd008 irq 15
[   23.998448] libphy: Fixed MDIO Bus: probed
[   24.016057] tun: Universal TUN/TAP device driver, 1.6
[   24.034782] tun: (C) 1999-2004 Max Krasnyansky <maxk@qualcomm.com>
[   24.043298] PPP generic driver version 2.4.2
[   24.052025] ehci_hcd: USB 2.0 'Enhanced' Host Controller (EHCI) Driver
[   24.056186] ehci-pci: EHCI PCI platform driver
[   24.063381] ehci-platform: EHCI generic platform driver
[   24.079563] ohci_hcd: USB 1.1 'Open' Host Controller (OHCI) Driver
[   24.090090] ohci-pci: OHCI PCI platform driver
[   24.094430] ohci-platform: OHCI generic platform driver
[   24.150079] uhci_hcd: USB Universal Host Controller Interface driver
[   24.188929] i8042: PNP: PS/2 Controller [PNP0303:PS2K,PNP0f03:PS2M] at 0x60,0x64 irq 1,12
[   24.245819] serio: i8042 KBD port at 0x60,0x64 irq 1
[   24.278852] serio: i8042 AUX port at 0x60,0x64 irq 12
[   24.318296] mousedev: PS/2 mouse device common for all mice
[   24.374423] rtc_cmos rtc_cmos: rtc core: registered rtc_cmos as rtc0
[   24.444613] input: AT Translated Set 2 keyboard as /devices/platform/i8042/serio0/input/input2
[   24.490299] rtc_cmos rtc_cmos: alarms up to one day, 114 bytes nvram
[   24.517688] i2c /dev entries driver
[   24.521679] device-mapper: uevent: version 1.0.3
[   24.528895] device-mapper: ioctl: 4.34.0-ioctl (2015-10-28) initialised: dm-devel@redhat.com
[   24.611262] ledtrig-cpu: registered to indicate activity on CPUs
[   24.692586] NET: Registered protocol family 10
[   24.737021] NET: Registered protocol family 17
[   24.767448] Key type dns_resolver registered
[   24.779732] microcode: CPU0 sig=0x20655, pf=0x4, revision=0x616
[   24.847780] microcode: CPU1 sig=0x20655, pf=0x4, revision=0x616
[   24.875030] microcode: Microcode Update Driver: v2.01 <tigran@aivazian.fsnet.co.uk>, Peter Oruba
[   24.947509] registered taskstats version 1
[   24.963751] Loading compiled-in X.509 certificates
[   24.990935] Loaded X.509 cert 'Build time autogenerated kernel key: 4c603087bab8f0a02cb3b4e1fb4c40f507e71ef1'
[   25.048545] zswap: loaded using pool lzo/zbud
[   25.102058] Key type trusted registered
[   25.151924] Key type encrypted registered
[   25.172868] AppArmor: AppArmor sha1 policy hashing enabled
[   25.193726] ima: No TPM chip found, activating TPM-bypass!
[   25.212163] evm: HMAC attrs: 0x1
[   25.225502]   Magic number: 6:635:851
[   25.241085]  index3: hash matches
[   25.246849]  index3: hash matches
[   25.258212] rtc_cmos rtc_cmos: setting system clock to 2018-02-10 20:48:11 UTC (1518295691)
[   25.301428] BIOS EDD facility v0.16 2004-Jun-25, 0 devices found
[   25.308964] EDD information not available.
[   25.317642] Freeing unused kernel memory: 1508K
[   25.329749] Write protecting the kernel read-only data: 14336k
[   25.354694] Freeing unused kernel memory: 1728K
[   25.375439] Freeing unused kernel memory: 108K
Loading, please wait...
starting version[   25.437768] random: systemd-udevd: uninitialized urandom read (16 bytes read, 4 bits of entropy available)
 229
[   25.440190] random: udevadm: uninitialized urandom read (16 bytes read, 4 bits of entropy available)
[   25.440235] random: udevadm: uninitialized urandom read (16 bytes read, 4 bits of entropy available)
[   25.470364] random: udevadm: uninitialized urandom read (16 bytes read, 4 bits of entropy available)
[   25.470469] random: udevadm: uninitialized urandom read (16 bytes read, 4 bits of entropy available)
[   25.470997] random: udevadm: uninitialized urandom read (16 bytes read, 4 bits of entropy available)
[   25.471186] random: udevadm: uninitialized urandom read (16 bytes read, 4 bits of entropy available)
[   25.471340] random: udevadm: uninitialized urandom read (16 bytes read, 4 bits of entropy available)
[   25.471494] random: udevadm: uninitialized urandom read (16 bytes read, 4 bits of entropy available)
[   25.471655] random: udevadm: uninitialized urandom read (16 bytes read, 4 bits of entropy available)
[   26.012921] Fusion MPT base driver 3.04.20
[   26.058191] Copyright (c) 1999-2008 LSI Corporation
[   26.090337] e1000: Intel(R) PRO/1000 Network Driver - version 7.3.21-k8-NAPI
[   26.102501] e1000: Copyright (c) 1999-2006 Intel Corporation.
[   26.127911] Fusion MPT SPI Host driver 3.04.20
[   26.159759] mptbase: ioc0: Initiating bringup
[   26.271386] ioc0: LSI53C1030 A0: Capabilities={Initiator}
[   26.404860] input: ImExPS/2 Generic Explorer Mouse as /devices/platform/i8042/serio1/input/input4
[   26.613241] scsi host2: ioc0: LSI53C1030 A0, FwRev=00000000h, Ports=1, MaxQ=256, IRQ=20
[   26.780552] scsi 2:0:0:0: Direct-Access     VBOX     HARDDISK         1.0  PQ: 0 ANSI: 5
[   26.836907] scsi target2:0:0: Beginning Domain Validation
[   26.865807] scsi target2:0:0: Domain Validation skipping write tests
[   26.889206] scsi target2:0:0: Ending Domain Validation
[   26.908814] scsi target2:0:0: asynchronous
[   26.928888] scsi 2:0:1:0: Direct-Access     VBOX     HARDDISK         1.0  PQ: 0 ANSI: 5
[   26.938316] scsi target2:0:1: Beginning Domain Validation
[   26.945996] scsi target2:0:1: Domain Validation skipping write tests
[   26.962413] scsi target2:0:1: Ending Domain Validation
[   26.966755] scsi target2:0:1: asynchronous
[   26.984656] sd 2:0:0:0: Attached scsi generic sg0 type 0
[   26.992381] sd 2:0:0:0: [sda] 20971520 512-byte logical blocks: (10.7 GB/10.0 GiB)
[   27.002307] sd 2:0:0:0: [sda] Write Protect is off
[   27.019248] sd 2:0:1:0: Attached scsi generic sg1 type 0
[   27.035739] sd 2:0:1:0: [sdb] 20480 512-byte logical blocks: (10.5 MB/10.0 MiB)
[   27.082003] sd 2:0:0:0: [sda] Incomplete mode parameter data
[   27.120723] sd 2:0:0:0: [sda] Assuming drive cache: write through
[   27.151804] sd 2:0:1:0: [sdb] Write Protect is off
[   27.168466] sd 2:0:1:0: [sdb] Incomplete mode parameter data
[   27.181060] sd 2:0:1:0: [sdb] Assuming drive cache: write through
[   27.190854]  sda: sda1
[   27.203878] sd 2:0:0:0: [sda] Attached SCSI disk
[   27.237494] sd 2:0:1:0: [sdb] Attached SCSI disk
[   27.301618] e1000 0000:00:03.0 eth0: (PCI:33MHz:32-bit) 02:1f:2a:60:99:e3
[   27.337953] e1000 0000:00:03.0 eth0: Intel(R) PRO/1000 Network Connection
[   27.359057] e1000 0000:00:03.0 enp0s3: renamed from eth0
[   29.014951] floppy0: no floppy controllers found
Begin: Loading essential drivers[   30.686593] md: linear personality registered for level -1
 ... [   30.769561] md: multipath personality registered for level -4
[   30.799080] md: raid0 personality registered for level 0
[   30.830524] md: raid1 personality registered for level 1
[   30.930771] raid6: sse2x1   gen()  4727 MB/s
[   31.018994] raid6: sse2x1   xor()  3302 MB/s
[   31.134529] raid6: sse2x2   gen()  4911 MB/s
[   31.226635] raid6: sse2x2   xor()  4015 MB/s
[   31.307032] raid6: sse2x4   gen()  6530 MB/s
[   31.386506] raid6: sse2x4   xor()  5666 MB/s
[   31.413399] raid6: using algorithm sse2x4 gen() 6530 MB/s
[   31.432993] raid6: .... xor() 5666 MB/s, rmw enabled
[   31.451216] raid6: using ssse3x2 recovery algorithm
[   31.475698] xor: measuring software checksum speed
[   31.534697]    prefetch64-sse:  8777.000 MB/sec
[   31.590698]    generic_sse:  8203.000 MB/sec
[   31.606259] xor: using function: prefetch64-sse (8777.000 MB/sec)
[   31.617640] async_tx: api initialized (async)
[   31.678755] md: raid6 personality registered for level 6
[   31.705132] md: raid5 personality registered for level 5
[   31.762818] md: raid4 personality registered for level 4
[   31.842484] md: raid10 personality registered for level 10
done.
Begin: Running /scripts/init-premount ... done.
Begin: Mounting root file system ... Begin: Running /scripts/local-top ... done.
Begin: Runn[   31.931566] Btrfs loaded
ing /scripts/local-premount ... Scanning for Btrfs filesystems
done.
Warning: fsck not present, so sk[   32.029083] EXT4-fs (sda1): mounted filesystem with ordered data mode. Opts: (null)
ipping root file system
done.
Begin: Running /scripts/local-bottom ... done.
Begin: Running /scripts/init-bottom ... done.
[   32681]syted[: std 9 unning in system mode. +P +UDT SELIUXIM +PAMO +MAK +SYSVINIT +TM+LCRPTTU+GCRPT+GTL +AC+X-L4 ECMP+BKI+EUTILS +KODID
[   34.519707] systemd[1]: Detected vtuization orcl.
[   347651] ysmd1]Dectd arcitturex864.

Welcome to [1mUbuntu 16.04.3 LTS[0m!

[ 357624] stmd]:Sehonae toubntu>.

[   35.986073] sysemd1]: Intiizg chne ID fromrandom generator.
[  36.362323] systemd[1]: Install tanie /c/che-d le.
[   37.059435] random: nonblocking pool is initialized
[ 37.247752] systemd1] Lstinonournal Sockt. [[0;32m  OK  [0m] Listening on Journal Socket.
[   37.908404] systemd[1]: Set up automount Arbtrry ExeutleFie orats ilSytem Automount Point.
[[0;32m  OK  [0m] Set up automount Arbitrary Executab...ats File System Automount Point.
[  3.332] ysem1]Lieng n udev Kernel Socket.
[[0;32m  OK  [0m] Listening on udev Kernel Socket.
[ 389029syted[]:Strted Trigger esvconf update for netrkDN. [[0;32m  OK  [0m] Started Trigger resolvconf update for networkd DNS.
[ 39667]ysem1]: Rached trg Sp.
[[0;32m  OK  [0m] Reached target Swap.
[   40.85138 syte[1: Lieng n sl Socket.
[[0;32m  OK  [0m] Listening on Syslog Socket.
[   4.311] ysmd]:reedlie User ndesio Slic.
[[0;32m  OK  [0m] Created slice User and Session Slice.
[  425558 systemd[1]: Reached target Encryped Voume.
[[0;32m  OK  [0m] Reached target Encrypted Volumes.
[  4.9369]sytemd[1]: Listenin on dev/initcl omatbiity Named Pipe.
[[0;32m  OK  [0m] Listening on /dev/initctl Compatibility Named Pipe.
[ 435498 sstd[]:istenig on Jurl udt ck.
[[0;32m  OK  [0m] Listening on Journal Audit Socket.
[  4181687] sysemd[1]: Created slice System Slice.
[[0;32m  OK  [0m] Created slice System Slice.
[  44.392878] systemd[1]: eaedaretlies
[[0;32m  OK  [0m] Reached target Slices.
[   44.895233] systemd[1]: Starting Nameserver information manager...
         Starting Nameserver information manager...
[   44.950747] systemd[1]: Mounting Huge Pages File System...
         Mounting Huge Pages File System...
[   45.011241] systemd[1]: Starting Load Kernel Modules...
[   45.039018] Loading iSCSItrsprtlass v2.0-80.
         Starting Load Kernel Mo[   45.329105] iscsi: registered transport (tcp)
dules...
[   45.368093] systemd[1]: Starting Remount Root and Kernel File Systems...
         Startin[   45.401048] EXT4-fs (sda1): re-mounted. Opts: (null)
g Remount Root and Kernel File Systems...
[   45.424368] systemd[1]: Starting Set console keymap...
[   45.443209] isci:egstre tanor(ier

         Starting Set console keymap...
[   45.895079] systemd[1]: Mounting Debug File System...
         Mounting Debug File System...
[   45.957729] systemd[1]: Mounting POSIX Message Queue File System...
         Mounting POSIX Message Queue File System...
[   46.015681] systemd[1]: Starting Uncomplicated firewall...
         Starting Uncomplicated firewall...
[   46.055933] systemd[1]: Created slice system-serial\x2dgetty.slice.
[[0;32m  OK  [0m] Created slice system-serial\x2dgetty.slice.
[   46.109610] systemd[1]: Listening on LVM2 metadata daemon socket.
[[0;32m  OK  [0m] Listening on LVM2 metadata daemon socket.
[   46.171893] systemd[1]: Listening on Device-mapper event daemon FIFOs.
[[0;32m  OK  [0m] Listening on Device-mapper event daemon FIFOs.
[   46.239020] systemd[1]: Starting Monitoring of LVM2 mirrors, snapshots etc. using dmeventd or progress polling...
         Starting Monitoring of LVM2 mirrors... dmeventd or progress polling...
[   46.326921] systemd[1]: Starting Create list of required static device nodes for the current kernel...
         Starting Create list of required st... nodes for the current kernel...
[   46.408491] systemd[1]: Listening on LVM2 poll daemon socket.
[[0;32m  OK  [0m] Listening on LVM2 poll daemon socket.
[   46.449324] systemd[1]: Listening on udev Control Socket.
[[0;32m  OK  [0m] Listening on udev Control Socket.
[   46.507208] systemd[1]: Reached target User and Group Name Lookups.
[[0;32m  OK  [0m] Reached target User and Group Name Lookups.
[   46.574219] systemd[1]: Listening on Journal Socket (/dev/log).
[[0;32m  OK  [0m] Listening on Journal Socket (/dev/log).
[   46.639403] systemd[1]: Starting Journal Service...
         Starting Journal Service...
[   46.683631] systemd[1]: Started Forward Password Requests to Wall Directory Watch.
[[0;32m  OK  [0m] Started Forward Password Requests to Wall Directory Watch.
[   46.756726] systemd[1]: Mounted Huge Pages File System.
[[0;32m  OK  [0m] Mounted Huge Pages File System.
[   46.803024] systemd[1]: Mounted Debug File System.
[[0;32m  OK  [0m] Mounted Debug File System.
[   46.871810] systemd[1]: Mounted POSIX Message Queue File System.
[[0;32m  OK  [0m] Mounted POSIX Message Queue File System.
[   46.923764] systemd[1]: Started Journal Service.
[[0;32m  OK  [0m] Started Journal Service.
=======
[    0.000000] kvm-clock: cpu 0, msr 0:7ffe3001, primary cpu clock
[    0.000000] kvm-clock: using sched offset of 3660247361 cycles
[    0.000000] clocksource: kvm-clock: mask: 0xffffffffffffffff max_cycles: 0x1cd42e4dffb, max_idle_ns: 881590591483 ns
[    0.000000] Zone ranges:
[    0.000000]   DMA      [mem 0x0000000000001000-0x0000000000ffffff]
[    0.000000]   DMA32    [mem 0x0000000001000000-0x000000007ffeffff]
[    0.000000]   Normal   empty
[    0.000000]   Device   empty
[    0.000000] Movable zone start for each node
[    0.000000] Early memory node ranges
[    0.000000]   node   0: [mem 0x0000000000001000-0x000000000009efff]
[    0.000000]   node   0: [mem 0x0000000000100000-0x000000007ffeffff]
[    0.000000] Initmem setup node 0 [mem 0x0000000000001000-0x000000007ffeffff]
[    0.000000] ACPI: PM-Timer IO Port: 0x4008
[    0.000000] IOAPIC[0]: apic_id 2, version 32, address 0xfec00000, GSI 0-23
[    0.000000] ACPI: INT_SRC_OVR (bus 0 bus_irq 0 global_irq 2 dfl dfl)
[    0.000000] ACPI: INT_SRC_OVR (bus 0 bus_irq 9 global_irq 9 high level)
[    0.000000] Using ACPI (MADT) for SMP configuration information
[    0.000000] smpboot: Allowing 2 CPUs, 0 hotplug CPUs
[    0.000000] PM: Registered nosave memory: [mem 0x00000000-0x00000fff]
[    0.000000] PM: Registered nosave memory: [mem 0x0009f000-0x0009ffff]
[    0.000000] PM: Registered nosave memory: [mem 0x000a0000-0x000effff]
[    0.000000] PM: Registered nosave memory: [mem 0x000f0000-0x000fffff]
[    0.000000] e820: [mem 0x80000000-0xfebfffff] available for PCI devices
[    0.000000] Booting paravirtualized kernel on KVM
[    0.000000] clocksource: refined-jiffies: mask: 0xffffffff max_cycles: 0xffffffff, max_idle_ns: 7645519600211568 ns
[    0.000000] setup_percpu: NR_CPUS:512 nr_cpumask_bits:512 nr_cpu_ids:2 nr_node_ids:1
[    0.000000] PERCPU: Embedded 34 pages/cpu @ffff88007fc00000 s98328 r8192 d32744 u1048576
[    0.000000] PV qspinlock hash table entries: 256 (order: 0, 4096 bytes)
[    0.000000] Built 1 zonelists in Node order, mobility grouping on.  Total pages: 515961
[    0.000000] Policy zone: DMA32
[    0.000000] Kernel command line: BOOT_IMAGE=/boot/vmlinuz-4.4.0-97-generic root=LABEL=cloudimg-rootfs ro console=tty1 console=ttyS0
[    0.000000] PID hash table entries: 4096 (order: 3, 32768 bytes)
[    0.000000] Memory: 2034004K/2096696K available (8480K kernel code, 1294K rwdata, 3984K rodata, 1492K init, 1316K bss, 62692K reserved, 0K cma-reserved)
[    0.000000] SLUB: HWalign=64, Order=0-3, MinObjects=0, CPUs=2, Nodes=1
[    0.000000] Hierarchical RCU implementation.
[    0.000000] 	Build-time adjustment of leaf fanout to 64.
[    0.000000] 	RCU restricting CPUs from NR_CPUS=512 to nr_cpu_ids=2.
[    0.000000] RCU: Adjusting geometry for rcu_fanout_leaf=64, nr_cpu_ids=2
[    0.000000] NR_IRQS:33024 nr_irqs:440 16
[    0.000000] Console: colour VGA+ 80x25
[    0.000000] console [tty1] enabled
[    0.000000] console [ttyS0] enabled
[    0.000000] tsc: Detected 2494.226 MHz processor
[    2.060493] Calibrating delay loop (skipped) preset value.. 4988.45 BogoMIPS (lpj=9976904)
[    2.142820] pid_max: default: 32768 minimum: 301
[    2.194144] ACPI: Core revision 20150930
[    2.212574] ACPI: 2 ACPI AML tables successfully acquired and loaded
[    2.252152] Security Framework initialized
[    2.261798] Yama: becoming mindful.
[    2.283060] AppArmor: AppArmor initialized
[    2.308362] Dentry cache hash table entries: 262144 (order: 9, 2097152 bytes)
[    2.338148] Inode-cache hash table entries: 131072 (order: 8, 1048576 bytes)
[    2.344711] Mount-cache hash table entries: 4096 (order: 3, 32768 bytes)
[    2.348020] Mountpoint-cache hash table entries: 4096 (order: 3, 32768 bytes)
[    2.363446] Initializing cgroup subsys io
[    2.385106] Initializing cgroup subsys memory
[    2.387767] Initializing cgroup subsys devices
[    2.462652] Initializing cgroup subsys freezer
[    2.470742] Initializing cgroup subsys net_cls
[    2.472263] Initializing cgroup subsys perf_event
[    2.473728] Initializing cgroup subsys net_prio
[    2.475140] Initializing cgroup subsys hugetlb
[    2.476432] Initializing cgroup subsys pids
[    2.477915] CPU: Physical Processor ID: 0
[    2.479270] CPU: Processor Core ID: 0
[    2.551676] mce: CPU supports 0 MCE banks
[    2.558816] Last level iTLB entries: 4KB 1024, 2MB 1024, 4MB 1024
[    2.561600] Last level dTLB entries: 4KB 1024, 2MB 1024, 4MB 1024, 1GB 4
[    2.580339] Freeing SMP alternatives memory: 32K
[    2.704515] ftrace: allocating 32148 entries in 126 pages
[    2.829374] smpboot: APIC(0) Converting physical 0 to logical package 0
[    2.838638] smpboot: Max logical packages: 1
[    2.888405] x2apic enabled
[    2.927727] Switched APIC routing to physical x2apic.
[    2.951924] ..TIMER: vector=0x30 apic1=0 pin1=2 apic2=-1 pin2=-1
[    3.090609] smpboot: CPU0: Intel(R) Core(TM) i5-4300U CPU @ 1.90GHz (family: 0x6, model: 0x45, stepping: 0x1)
[    3.155022] Performance Events: unsupported p6 CPU model 69 no PMU driver, software events only.
[    3.159781] KVM setup paravirtual spinlock
[    3.162118] x86: Booting SMP configuration:
[    3.165361] .... node  #0, CPUs:      #1
[    3.166636] kvm-clock: cpu 1, msr 0:7ffe3041, secondary cpu clock
[    3.185721] mce: CPU supports 0 MCE banks
[    3.198868] x86: Booted up 1 node, 2 CPUs
[    3.208633] smpboot: Total of 2 processors activated (9976.90 BogoMIPS)
[    3.211019] devtmpfs: initialized
[    3.275343] evm: security.selinux
[    3.285624] evm: security.SMACK64
[    3.337852] evm: security.SMACK64EXEC
[    3.420470] evm: security.SMACK64TRANSMUTE
[    3.502080] evm: security.SMACK64MMAP
[    3.554755] evm: security.ima
[    3.555575] evm: security.capability
[    3.556792] clocksource: jiffies: mask: 0xffffffff max_cycles: 0xffffffff, max_idle_ns: 7645041785100000 ns
[    3.655753] futex hash table entries: 512 (order: 3, 32768 bytes)
[    3.658663] pinctrl core: initialized pinctrl subsystem
[    3.733738] RTC time: 17:18:44, date: 02/12/18
[    3.820915] NET: Registered protocol family 16
[    3.906448] cpuidle: using governor ladder
[    3.941631] cpuidle: using governor menu
[    3.998735] PCCT header not found.
[    4.021380] ACPI: bus type PCI registered
[    4.022755] acpiphp: ACPI Hot Plug PCI Controller Driver version: 0.5
[    4.031635] PCI: Using configuration type 1 for base access
[    4.046433] ACPI: Added _OSI(Module Device)
[    4.061541] ACPI: Added _OSI(Processor Device)
[    4.064805] ACPI: Added _OSI(3.0 _SCP Extensions)
[    4.085223] ACPI: Added _OSI(Processor Aggregator Device)
[    4.093279] ACPI: Executed 1 blocks of module-level executable AML code
[    4.139750] ACPI: Interpreter enabled
[    4.183576] ACPI: (supports S0 S5)
[    4.210785] ACPI: Using IOAPIC for interrupt routing
[    4.214023] PCI: Using host bridge windows from ACPI; if necessary, use "pci=nocrs" and report a bug
[    4.222694] ACPI: PCI Root Bridge [PCI0] (domain 0000 [bus 00-ff])
[    4.237911] acpi PNP0A03:00: _OSC: OS supports [ASPM ClockPM Segments MSI]
[    4.369446] acpi PNP0A03:00: _OSC failed (AE_NOT_FOUND); disabling ASPM
[    4.450211] acpi PNP0A03:00: fail to add MMCONFIG information, can't access extended PCI configuration space under this bridge.
[    4.518794] PCI host bridge to bus 0000:00
[    4.548038] pci_bus 0000:00: root bus resource [io  0x0000-0x0cf7 window]
[    4.607643] pci_bus 0000:00: root bus resource [io  0x0d00-0xffff window]
[    4.609485] pci_bus 0000:00: root bus resource [mem 0x000a0000-0x000bffff window]
[    4.734814] pci_bus 0000:00: root bus resource [mem 0x80000000-0xffdfffff window]
[    4.763875] pci_bus 0000:00: root bus resource [bus 00-ff]
[    4.771972] pci 0000:00:01.1: legacy IDE quirk: reg 0x10: [io  0x01f0-0x01f7]
[    4.855150] pci 0000:00:01.1: legacy IDE quirk: reg 0x14: [io  0x03f6]
[    4.918878] pci 0000:00:01.1: legacy IDE quirk: reg 0x18: [io  0x0170-0x0177]
[    5.055972] pci 0000:00:01.1: legacy IDE quirk: reg 0x1c: [io  0x0376]
[    5.104613] pci 0000:00:07.0: quirk: [io  0x4000-0x403f] claimed by PIIX4 ACPI
[    5.114065] pci 0000:00:07.0: quirk: [io  0x4100-0x410f] claimed by PIIX4 SMB
[    5.158702] ACPI: PCI Interrupt Link [LNKA] (IRQs 5 9 10 *11)
[    5.175717] ACPI: PCI Interrupt Link [LNKB] (IRQs 5 9 10 *11)
[    5.201532] ACPI: PCI Interrupt Link [LNKC] (IRQs 5 9 *10 11)
[    5.225376] ACPI: PCI Interrupt Link [LNKD] (IRQs 5 *9 10 11)
[    5.232822] ACPI: Enabled 2 GPEs in block 00 to 07
[    5.234802] vgaarb: setting as boot device: PCI:0000:00:02.0
[    5.249307] vgaarb: device added: PCI:0000:00:02.0,decodes=io+mem,owns=io+mem,locks=none
[    5.254660] vgaarb: loaded
[    5.259495] vgaarb: bridge control possible 0000:00:02.0
[    5.267227] SCSI subsystem initialized
[    5.311663] ACPI: bus type USB registered
[    5.312908] usbcore: registered new interface driver usbfs
[    5.314446] usbcore: registered new interface driver hub
[    5.352687] usbcore: registered new device driver usb
[    5.354590] PCI: Using ACPI for IRQ routing
[    5.389975] NetLabel: Initializing
[    5.391157] NetLabel:  domain hash size = 128
[    5.392486] NetLabel:  protocols = UNLABELED CIPSOv4
[    5.402589] NetLabel:  unlabeled traffic allowed by default
[    5.410436] amd_nb: Cannot enumerate AMD northbridges
[    5.460659] clocksource: Switched to clocksource kvm-clock
[    5.496642] AppArmor: AppArmor Filesystem Enabled
[    5.576246] pnp: PnP ACPI init
[    5.578510] pnp: PnP ACPI: found 3 devices
[    5.621922] clocksource: acpi_pm: mask: 0xffffff max_cycles: 0xffffff, max_idle_ns: 2085701024 ns
[    5.688037] NET: Registered protocol family 2
[    5.739727] TCP established hash table entries: 16384 (order: 5, 131072 bytes)
[    5.781133] TCP bind hash table entries: 16384 (order: 6, 262144 bytes)
[    5.799485] TCP: Hash tables configured (established 16384 bind 16384)
[    5.801409] UDP hash table entries: 1024 (order: 3, 32768 bytes)
[    5.805025] UDP-Lite hash table entries: 1024 (order: 3, 32768 bytes)
[    5.847933] NET: Registered protocol family 1
[    5.853429] pci 0000:00:00.0: Limiting direct PCI/PCI transfers
[    5.859613] pci 0000:00:01.0: Activating ISA DMA hang workarounds
[    5.870938] Unpacking initramfs...
[    8.573015] Freeing initrd memory: 10752K
[    8.591070] RAPL PMU detected, API unit is 2^-32 Joules, 4 fixed counters 10737418240 ms ovfl timer
[    8.645206] hw unit of domain pp0-core 2^-0 Joules
[    8.701923] hw unit of domain package 2^-0 Joules
[    8.703165] hw unit of domain dram 2^-0 Joules
[    8.712988] hw unit of domain pp1-gpu 2^-0 Joules
[    8.715715] platform rtc_cmos: registered platform RTC device (no PNP device found)
[    8.729903] Scanning for low memory corruption every 60 seconds
[    8.732174] audit: initializing netlink subsys (disabled)
[    8.735092] audit: type=2000 audit(1518455930.330:1): initialized
[    8.750371] Initialise system trusted keyring
[    8.755913] HugeTLB registered 2 MB page size, pre-allocated 0 pages
[    8.776993] zbud: loaded
[    8.784461] VFS: Disk quotas dquot_6.6.0
[    8.805946] VFS: Dquot-cache hash table entries: 512 (order 0, 4096 bytes)
[    8.813801] squashfs: version 4.0 (2009/01/31) Phillip Lougher
[    8.873675] fuse init (API version 7.23)
[    8.939891] Key type big_key registered
[    8.951950] Allocating IMA MOK and blacklist keyrings.
[    9.000566] Key type asymmetric registered
[    9.009328] Asymmetric key parser 'x509' registered
[    9.012410] Block layer SCSI generic (bsg) driver version 0.4 loaded (major 249)
[    9.022424] io scheduler noop registered
[    9.076350] io scheduler deadline registered (default)
[    9.083880] io scheduler cfq registered
[    9.087261] pci_hotplug: PCI Hot Plug PCI Core version: 0.5
[    9.088953] pciehp: PCI Express Hot Plug Controller Driver version: 0.4
[    9.091185] ACPI: AC Adapter [AC] (on-line)
[    9.093823] input: Power Button as /devices/LNXSYSTM:00/LNXPWRBN:00/input/input0
[    9.104279] ACPI: Power Button [PWRF]
[    9.111029] input: Sleep Button as /devices/LNXSYSTM:00/LNXSLPBN:00/input/input1
[    9.145886] ACPI: Sleep Button [SLPF]
[    9.151661] ACPI: Battery Slot [BAT0] (battery present)
[    9.165257] GHES: HEST is not enabled!
[    9.195241] Serial: 8250/16550 driver, 32 ports, IRQ sharing enabled
[    9.253798] 00:02: ttyS0 at I/O 0x3f8 (irq = 4, base_baud = 115200) is a 16550A
[    9.323485] Linux agpgart interface v0.103
[    9.348860] loop: module loaded
[    9.359102] scsi host0: ata_piix
[    9.364168] scsi host1: ata_piix
[    9.368782] ata1: PATA max UDMA/33 cmd 0x1f0 ctl 0x3f6 bmdma 0xd000 irq 14
[    9.378423] ata2: PATA max UDMA/33 cmd 0x170 ctl 0x376 bmdma 0xd008 irq 15
[    9.399869] libphy: Fixed MDIO Bus: probed
[    9.402520] tun: Universal TUN/TAP device driver, 1.6
[    9.467979] tun: (C) 1999-2004 Max Krasnyansky <maxk@qualcomm.com>
[    9.471140] PPP generic driver version 2.4.2
[    9.475489] ehci_hcd: USB 2.0 'Enhanced' Host Controller (EHCI) Driver
[    9.477386] ehci-pci: EHCI PCI platform driver
[    9.482229] ehci-platform: EHCI generic platform driver
[    9.485918] ohci_hcd: USB 1.1 'Open' Host Controller (OHCI) Driver
[    9.491793] ohci-pci: OHCI PCI platform driver
[    9.495512] ohci-platform: OHCI generic platform driver
[    9.498537] uhci_hcd: USB Universal Host Controller Interface driver
[    9.520416] i8042: PNP: PS/2 Controller [PNP0303:PS2K,PNP0f03:PS2M] at 0x60,0x64 irq 1,12
[    9.526405] serio: i8042 KBD port at 0x60,0x64 irq 1
[    9.550368] serio: i8042 AUX port at 0x60,0x64 irq 12
[    9.560460] mousedev: PS/2 mouse device common for all mice
[    9.565871] input: AT Translated Set 2 keyboard as /devices/platform/i8042/serio0/input/input2
[    9.571220] rtc_cmos rtc_cmos: rtc core: registered rtc_cmos as rtc0
[    9.578359] rtc_cmos rtc_cmos: alarms up to one day, 114 bytes nvram
[    9.640257] i2c /dev entries driver
[    9.646419] device-mapper: uevent: version 1.0.3
[    9.647808] device-mapper: ioctl: 4.34.0-ioctl (2015-10-28) initialised: dm-devel@redhat.com
[    9.681303] ledtrig-cpu: registered to indicate activity on CPUs
[    9.727644] tsc: Refined TSC clocksource calibration: 2493.668 MHz
[    9.729522] clocksource: tsc: mask: 0xffffffffffffffff max_cycles: 0x23f1dc51da0, max_idle_ns: 440795330786 ns
[    9.732819] NET: Registered protocol family 10
[    9.740329] NET: Registered protocol family 17
[    9.804798] Key type dns_resolver registered
[    9.830843] microcode: CPU0 sig=0x40651, pf=0x40, revision=0x0
[    9.873539] microcode: CPU1 sig=0x40651, pf=0x40, revision=0x0
[    9.875367] microcode: Microcode Update Driver: v2.01 <tigran@aivazian.fsnet.co.uk>, Peter Oruba
[    9.951940] registered taskstats version 1
[    9.953375] Loading compiled-in X.509 certificates
[    9.955472] Loaded X.509 cert 'Build time autogenerated kernel key: d1010f9627fd9242df4b03365d2931dfd1ad3d42'
[    9.964698] zswap: loaded using pool lzo/zbud
[    9.969202] Key type trusted registered
[    9.983641] Key type encrypted registered
[    9.993937] AppArmor: AppArmor sha1 policy hashing enabled
[    9.995581] ima: No TPM chip found, activating TPM-bypass!
[    9.997274] evm: HMAC attrs: 0x1
[   10.001588]   Magic number: 6:949:339
[   10.049137] rtc_cmos rtc_cmos: setting system clock to 2018-02-12 17:18:50 UTC (1518455930)
[   10.064583] BIOS EDD facility v0.16 2004-Jun-25, 0 devices found
[   10.072565] EDD information not available.
[   10.095951] Freeing unused kernel memory: 1492K
[   10.119435] Write protecting the kernel read-only data: 14336k
[   10.151140] Freeing unused kernel memory: 1748K
[   10.161300] Freeing unused kernel memory: 112K
Loading, please wait...
starting version[   10.191928] random: systemd-udevd: uninitialized urandom read (16 bytes read, 3 bits of entropy available)
 229
[   10.192950] random: udevadm: uninitialized urandom read (16 bytes read, 3 bits of entropy available)
[   10.193003] random: udevadm: uninitialized urandom read (16 bytes read, 3 bits of entropy available)
[   10.193169] random: udevadm: uninitialized urandom read (16 bytes read, 3 bits of entropy available)
[   10.193227] random: udevadm: uninitialized urandom read (16 bytes read, 3 bits of entropy available)
[   10.193282] random: udevadm: uninitialized urandom read (16 bytes read, 3 bits of entropy available)
[   10.193370] random: udevadm: uninitialized urandom read (16 bytes read, 3 bits of entropy available)
[   10.193424] random: udevadm: uninitialized urandom read (16 bytes read, 3 bits of entropy available)
[   10.193475] random: udevadm: uninitialized urandom read (16 bytes read, 3 bits of entropy available)
[   10.193529] random: udevadm: uninitialized urandom read (16 bytes read, 3 bits of entropy available)
[   10.396987] Fusion MPT base driver 3.04.20
[   10.404394] Copyright (c) 1999-2008 LSI Corporation
[   10.407874] e1000: Intel(R) PRO/1000 Network Driver - version 7.3.21-k8-NAPI
[   10.410720] e1000: Copyright (c) 1999-2006 Intel Corporation.
[   10.430523] Fusion MPT SPI Host driver 3.04.20
[   10.472736] AVX version of gcm_enc/dec engaged.
[   10.506270] AES CTR mode by8 optimization enabled
[   10.629593] input: ImExPS/2 Generic Explorer Mouse as /devices/platform/i8042/serio1/input/input4
[   10.894854] e1000 0000:00:03.0 eth0: (PCI:33MHz:32-bit) 02:47:9b:bf:4b:b0
[   10.941895] e1000 0000:00:03.0 eth0: Intel(R) PRO/1000 Network Connection
[   11.024012] e1000 0000:00:03.0 enp0s3: renamed from eth0
[   11.064726] mptbase: ioc0: Initiating bringup
[   11.133549] ioc0: LSI53C1030 A0: Capabilities={Initiator}
[   11.347539] scsi host2: ioc0: LSI53C1030 A0, FwRev=00000000h, Ports=1, MaxQ=256, IRQ=20
[   11.481403] scsi 2:0:0:0: Direct-Access     VBOX     HARDDISK         1.0  PQ: 0 ANSI: 5
[   11.516240] scsi target2:0:0: Beginning Domain Validation
[   11.521554] scsi target2:0:0: Domain Validation skipping write tests
[   11.557095] scsi target2:0:0: Ending Domain Validation
[   11.618890] scsi target2:0:0: asynchronous
[   11.680560] scsi 2:0:1:0: Direct-Access     VBOX     HARDDISK         1.0  PQ: 0 ANSI: 5
[   11.733389] scsi target2:0:1: Beginning Domain Validation
[   11.781981] scsi target2:0:1: Domain Validation skipping write tests
[   11.783746] scsi target2:0:1: Ending Domain Validation
[   11.785332] scsi target2:0:1: asynchronous
[   11.792943] sd 2:0:0:0: [sda] 20971520 512-byte logical blocks: (10.7 GB/10.0 GiB)
[   11.801701] sd 2:0:0:0: Attached scsi generic sg0 type 0
[   11.802429] sd 2:0:1:0: Attached scsi generic sg1 type 0
[   11.828649] sd 2:0:1:0: [sdb] 20480 512-byte logical blocks: (10.5 MB/10.0 MiB)
[   11.834206] sd 2:0:1:0: [sdb] Write Protect is off
[   11.834314] sd 2:0:0:0: [sda] Write Protect is off
[   11.834435] sd 2:0:0:0: [sda] Incomplete mode parameter data
[   11.834437] sd 2:0:0:0: [sda] Assuming drive cache: write through
[   11.836666]  sda: sda1
[   11.840524] sd 2:0:0:0: [sda] Attached SCSI disk
[   11.879792] sd 2:0:1:0: [sdb] Incomplete mode parameter data
[   11.889077] sd 2:0:1:0: [sdb] Assuming drive cache: write through
[   11.915847] sd 2:0:1:0: [sdb] Attached SCSI disk
[   13.423230] floppy0: no floppy controllers found
Begin: Loading e[   14.829294] md: linear personality registered for level -1
ssential drivers[   14.890481] md: multipath personality registered for level -4
 ... [   14.924370] md: raid0 personality registered for level 0
[   14.956779] md: raid1 personality registered for level 1
[   15.036747] raid6: sse2x1   gen()  7494 MB/s
[   15.132903] raid6: sse2x1   xor()  4697 MB/s
[   15.212995] raid6: sse2x2   gen()  8211 MB/s
[   15.296925] raid6: sse2x2   xor()  5459 MB/s
[   15.392733] raid6: sse2x4   gen() 11288 MB/s
[   15.485058] raid6: sse2x4   xor()  6608 MB/s
[   15.499077] raid6: using algorithm sse2x4 gen() 11288 MB/s
[   15.505272] raid6: .... xor() 6608 MB/s, rmw enabled
[   15.506473] raid6: using ssse3x2 recovery algorithm
[   15.509307] xor: automatically using best checksumming function:
[   15.617523]    avx       : 18969.000 MB/sec
[   15.652877] async_tx: api initialized (async)
[   15.668008] md: raid6 personality registered for level 6
[   15.681193] md: raid5 personality registered for level 5
[   15.692808] md: raid4 personality registered for level 4
[   15.700345] md: raid10 personality registered for level 10
done.
Begin: Running /scripts/init-premount ... done.
Begin: Mounting root file system ... Begin: Running /scripts/[   15.743957] Btrfs loaded
local-top ... done.
Begin: Running /scripts/local-premount ... Scanning for Btrfs filesystems
[   15.785143] EXT4-fs (sda1): INFO: recovery required on readonly filesystem
done.
Warning: fsck not present, so skipping root file system
[   15.797109] EXT4-fs (sda1): write access will be enabled during recovery
[   15.913264] EXT4-fs (sda1): orphan cleanup on readonly fs
[   15.933286] EXT4-fs (sda1): 14 orphan inodes deleted
[   15.959826] EXT4-fs (sda1): recovery complete
[   15.965553] EXT4-fs (sda1): mounted filesystem with ordered data mode. Opts: (null)
done.
Begin: Running /scripts/local-bottom ... done.
Begin: Running /scripts/init-bottom ... done.
[   16.115278] systemd[1]: systemd 229 running in system mode. (+PAM +AUDIT +SELINUX +IMA +APPARMOR +SMACK +SYSVINIT +UTMP +LIBCRYPTSETUP +GCRYPT +GNUTLS +ACL +XZ -LZ4 +SECCOMP +BLKID +ELFUTILS +KMOD -IDN)
[   16.127960] systemd[1]: Detected virtualization oracle.
[   16.147346] systemd[1]: Detected architecture x86-64.

Welcome to [1mUbuntu 16.04.3 LTS[0m!

[   16.186213] systemd[1]: Set hostname to <ubuntu-xenial>.
[   16.379453] systemd[1]: Reached target User and Group Name Lookups.
[[0;32m  OK  [0m] Reached target User and Group Name Lookups.
[   16.410119] systemd[1]: Created slice System Slice.
[[0;32m  OK  [0m] Created slice System Slice.
[   16.442348] systemd[1]: Created slice User and Session Slice.
[[0;32m  OK  [0m] Created slice User and Session Slice.
[   16.485303] systemd[1]: Listening on Journal Socket (/dev/log).
[[0;32m  OK  [0m] Listening on Journal Socket (/dev/log).
[   16.544906] systemd[1]: Reached target Swap.
[[0;32m  OK  [0m] Reached target Swap.
[   16.577538] systemd[1]: Started Forward Password Requests to Wall Directory Watch.
[[0;32m  OK  [0m] Started Forward Password Requests to Wall Directory Watch.
[   16.617767] systemd[1]: Set up automount Arbitrary Executable File Formats File System Automount Point.
[[0;32m  OK  [0m] Set up automount Arbitrary Executab...ats File System Automount Point.
[   16.693336] systemd[1]: Listening on LVM2 metadata daemon socket.
[[0;32m  OK  [0m] Listening on LVM2 metadata daemon socket.
[   16.737418] systemd[1]: Listening on Journal Audit Socket.
[[0;32m  OK  [0m] Listening on Journal Audit Socket.
[   16.781794] systemd[1]: Listening on Device-mapper event daemon FIFOs.
[[0;32m  OK  [0m] Listening on Device-mapper event daemon FIFOs.
[   16.857241] systemd[1]: Listening on Journal Socket.
[[0;32m  OK  [0m] Listening on Journal Socket.
[   16.933591] systemd[1]: Mounting POSIX Message Queue File System...
         Mounting POSIX Message Queue File System...
[   17.021024] systemd[1]: Mounting Debug File System...
         Mounting Debug File System...
[   17.088875] systemd[1]: Starting Nameserver information manager...
         Starting Nameserver information manager...
[   17.121125] systemd[1]: Starting Set console keymap...
         Starting Set console keymap...
[   17.180874] systemd[1]: Starting Load Kernel Modules...
         Starting Load Kernel Modules...
[   17.237984] systemd[1]: Listening on udev Kernel Socket.
[   17.247856] Loading iSCSI transport class v2.0-870.
[[0;32m  OK  [0m] Listening on udev Kernel Socket.
[   17.264835] systemd[1]: Reached target Slices.
[[0;32m  OK  [[   17.276608] iscsi: registered transport (tcp)
0m] Reached target Slices.
[   17.304580] random: nonblocking pool is initialized
[   17.343990] systemd[1]: Mounting Huge Pages File System...
         Mounting Huge Pages Fil[   17.366460] iscsi: registered transport (iser)
e System...
[   17.394260] systemd[1]: Listening on /dev/initctl Compatibility Named Pipe.
[[0;32m  OK  [0m] Listening on /dev/initctl Compatibility Named Pipe.
[   17.403954] systemd[1]: Created slice system-serial\x2dgetty.slice.
[[0;32m  OK  [0m] Created slice system-serial\x2dgetty.slice.
[   17.432248] systemd[1]: Listening on Syslog Socket.
[[0;32m  OK  [0m] Listening on Syslog Socket.
[   17.462584] systemd[1]: Listening on LVM2 poll daemon socket.
[[0;32m  OK  [0m] Listening on LVM2 poll daemon socket.
[   17.501228] systemd[1]: Reached target Encrypted Volumes.
[[0;32m  OK  [0m] Reached target Encrypted Volumes.
[   17.561132] systemd[1]: Started Trigger resolvconf update for networkd DNS.
[[0;32m  OK  [0m] Started Trigger resolvconf update for networkd DNS.
[   17.593008] systemd[1]: Starting Monitoring of LVM2 mirrors, snapshots etc. using dmeventd or progress polling...
         Starting Monitoring of LVM2 mirrors... dmeventd or progress polling...
[   17.689180] systemd[1]: Starting Uncomplicated firewall...
         Starting Uncomplicated firewall...
[   17.752903] systemd[1]: Listening on udev Control Socket.
[[0;32m  OK  [0m] Listening on udev Control Socket.
[   17.793865] systemd[1]: Starting Journal Service...
         Starting Journal Service...
[   17.861941] systemd[1]: Starting Remount Root and Kernel File Systems...
[   17.866415] EXT4-fs (sda1): re-mounted. Opts: (null)
         Starting Remount Root and Kernel File Systems...
[   17.923047] systemd[1]: Starting Create list of required static device nodes for the current kernel...
         Starting Create list of required st... nodes for the current kernel...
[   18.021564] systemd[1]: Mounted Huge Pages File System.
[[0;32m  OK  [0m] Mounted Huge Pages File System.
[   18.058893] systemd[1]: Mounted POSIX Message Queue File System.
[[0;32m  OK  [0m] Mounted POSIX Message Queue File System.
[   18.105105] systemd[1]: Mounted Debug File System.
[[0;32m  OK  [0m] Mounted Debug File System.
[   18.157145] systemd[1]: Started Journal Service.
[[0;32m  OK  [0m] Started Journal Service.
[[0;32m  OK  [0m] Started Set console keymap.
>>>>>>> 4f5039029cd2e3fcb3c9fc1accf938275a38f83d
[[0;32m  OK  [0m] Started Load Kernel Modules.
[[0;32m  OK  [0m] Started Uncomplicated firewall.
[[0;32m  OK  [0m] Started Remount Root and Kernel File Systems.
<<<<<<< HEAD
[[0;32m  OK  [0m] Started Set console keymap.
[[0;32m  OK  [0m] Started Uncomplicated firewall.
=======
>>>>>>> 4f5039029cd2e3fcb3c9fc1accf938275a38f83d
[[0;32m  OK  [0m] Started Create list of required sta...ce nodes for the current kernel.
[[0;32m  OK  [0m] Started Nameserver information manager.
[[0;32m  OK  [0m] Started LVM2 metadata daemon.
         Starting Create Static Device Nodes in /dev...
<<<<<<< HEAD
         Starting Initial cloud-init job (pre-networking)...
         Starting Load/Save Random Seed...
=======
         Starting Load/Save Random Seed...
         Starting Initial cloud-init job (pre-networking)...
>>>>>>> 4f5039029cd2e3fcb3c9fc1accf938275a38f83d
         Starting udev Coldplug all Devices...
         Mounting FUSE Control File System...
         Starting Apply Kernel Variables...
         Starting Flush Journal to Persistent Storage...
[[0;32m  OK  [0m] Mounted FUSE Control File System.
<<<<<<< HEAD
=======
[[0;32m  OK  [0m] Started Monitoring of LVM2 mirrors,...ng dmeventd or progress polling.
>>>>>>> 4f5039029cd2e3fcb3c9fc1accf938275a38f83d
[[0;32m  OK  [0m] Started Create Static Device Nodes in /dev.
[[0;32m  OK  [0m] Started Load/Save Random Seed.
[[0;32m  OK  [0m] Started Apply Kernel Variables.
[[0;32m  OK  [0m] Started udev Coldplug all Devices.
[[0;32m  OK  [0m] Started Monitoring of LVM2 mirrors,...ng dmeventd or progress polling.
[[0;32m  OK  [0m] Started Flush Journal to Persistent Storage.
         Starting udev Kernel Device Manager...
[[0;32m  OK  [0m] Started udev Kernel Device Manager.
[[0;32m  OK  [0m] Reached target Local File Systems (Pre).
[[0;32m  OK  [0m] Reached target Local File Systems.
<<<<<<< HEAD
         Starting LSB: AppArmor initialization...
         Starting Create Volatile Files and Directories...
         Starting Tell Plymouth To Write Out Runtime Data...
         Starting Set console font and keymap...
         Starting Commit a transient machine-id on disk...
[[0;32m  OK  [0m] Started Dispatch Password Requests to Console Directory Watch.
[[0;32m  OK  [0m] Started Create Volatile Files and Directories.
[[0;32m  OK  [0m] Started Tell Plymouth To Write Out Runtime Data.
[[0;32m  OK  [0m] Started Commit a transient machine-id on disk.
[[0;32m  OK  [0m] Reached target System Time Synchronized.
         Starting Update UTMP about System Boot/Shutdown...
[[0;32m  OK  [0m] Found device /dev/ttyS0.
[[0;32m  OK  [0m] Started Update UTMP about System Boot/Shutdown.
[[0;32m  OK  [0m] Listening on Load/Save RF Kill Switch Status /dev/rfkill Watch.
[   36.045149] cloud-init[438]: Cloud-init v. 17.1 running 'init-local' at Sat, 10 Feb 2018 20:48:36 +0000. Up 33.96 seconds.
[[0;32m  OK  [0m] Started Initial cloud-init job (pre-networking).
[[0;32m  OK  [0m] Started LSB: AppArmor initialization.
[[0;32m  OK  [0m] Reached target Network (Pre).
=======
         Starting Tell Plymouth To Write Out Runtime Data...
         Starting LSB: AppArmor initialization...
         Starting Create Volatile Files and Directories...
         Starting Set console font and keymap...
[[0;32m  OK  [0m] Started Dispatch Password Requests to Console Directory Watch.
[[0;32m  OK  [0m] Started Tell Plymouth To Write Out Runtime Data.
[[0;32m  OK  [0m] Started Create Volatile Files and Directories.
[[0;32m  OK  [0m] Found device /dev/ttyS0.
[[0;32m  OK  [0m] Reached target System Time Synchronized.
         Starting Update UTMP about System Boot/Shutdown...
[[0;32m  OK  [0m] Started Set console font and keymap.
[[0;32m  OK  [0m] Started Update UTMP about System Boot/Shutdown.
[[0;32m  OK  [0m] Created slice system-getty.slice.
[[0;32m  OK  [0m] Found device 82540EM Gigabit Ethern...r (PRO/1000 MT Desktop Adapter).
[[0;32m  OK  [0m] Listening on Load/Save RF Kill Switch Status /dev/rfkill Watch.
[[0;32m  OK  [0m] Started LSB: AppArmor initialization.
[   15.871314] cloud-init[452]: Cloud-init v. 0.7.9 running 'init-local' at Mon, 12 Feb 2018 17:19:00 +0000. Up 15.62 seconds.
[[0;32m  OK  [0m] Started Initial cloud-init job (pre-networking).
[[0;32m  OK  [0m] Reached target Network (Pre).
[[0;32m  OK  [0m] Started ifup for enp0s3.
>>>>>>> 4f5039029cd2e3fcb3c9fc1accf938275a38f83d
         Starting Raise network interfaces...
[[0;32m  OK  [0m] Started Set console font and keymap.
[[0;32m  OK  [0m] Created slice system-getty.slice.
[[0;32m  OK  [0m] Started Raise network interfaces.
[[0;32m  OK  [0m] Reached target Network.
         Starting Initial cloud-init job (metadata service crawler)...
<<<<<<< HEAD
[   41.132086] cloud-init[929]: Cloud-init v. 17.1 running 'init' at Sat, 10 Feb 2018 20:48:41 +0000. Up 39.58 seconds.
[[   41.285295] cloud-init[929]: ci-info: +++++++++++++++++++++++++++++++++++++Net device info++++++++++++++++++++++++++++++++++++++
[   41.286379] cloud-init[929]: ci-info: +--------+------+----------------------------+---------------+-------+-------------------+
[0;32m  OK  [0m] Started Initial cloud-init job (metadata service crawler).
[   41.287326] cloud-init[929]: ci-info: | Device |  Up  |          Address           |      Mask     | Scope |     Hw-Address    |
[   41.584857] cloud-init[929]: ci-info: +--------+------+----------------------------+---------------+-------+-------------------+
[   41.585440] cloud-init[929]: ci-info: | enp0s3 | True |         10.0.2.15          | 255.255.255.0 |   .   | 02:1f:2a:60:99:e3 |
[[0;32m  OK  [0m] Reached target Network is Online.
[   41.586030] cloud-init[929]: ci-info: | enp0s3 | True | fe80::1f:2aff:fe60:99e3/64 |       .       |  link | 02:1f:2a:60:99:e3 |
[   41.893320] cloud-init[929]: ci-info: |   lo   | True |         127.0.0.1          |   255.0.0.0   |   .   |         .         |
         Starting iSCSI initiator daemon (iscsid)...
[   41.893841] cloud-init[929]: ci-info: |   lo   | True |          ::1/128           |       .       |  host |         .         |
[   42.145056] cloud-init[929]: ci-info: +--------+------+----------------------------+---------------+-------+-------------------+
[   42.145794] [cloud-init[0;32m  OK  [0m[929]: ] ci-info: +++++++++++++++++++++++++++Route IPv4 info++++++++++++++++++++++++++++Reached target Cloud-config availability.

[   42.146479] cloud-init[929]: ci-info: +-------+-------------+----------+---------------+-----------+-------+
[[0;32m  OK  [0m] Reached target System Initialization.
[[0;32m  OK  [0m[   42.896312] ] cloud-initListening on UUID daemon activation socket.[929]: 
ci-info: | Route | Destination | Gateway  |    Genmask    | Interface | Flags |
[   43.139471] cloud-init[929]: ci-info: +-------+-------------+----------+---------------+-----------+-------+
[   43.140062] cloud-init[929]: ci-info: |   0   |   0.0.0.0   | 10.0.2.2 |    0.0.0.0    |   enp0s3  |   UG  |
[[0;32m  OK  [0m] Listening on ACPID Listen Socket.
[   43.140813] cloud-init[929]: ci-info: |   1   |   10.0.2.0  | 0.0.0.0  | 255.255.255.0 |   enp0s3  |   U   |
[   43.329272] cloud-init[929]: ci-info: +-------+-------------+----------+---------------+-----------+-------+
[[0;32m  OK  [0m] Started Daily Cleanup of Temporary Directories.
[   43.330660] cloud-init[929]: Generating public/private rsa key pair.
         Starting LXD - unix socket.
[   43.590166] cloud-init[929]: Your identification has been saved in /etc/ssh/ssh_host_rsa_key.
[   43.807407] cloud-init[929]: Your public key has been saved in /etc/ssh/ssh_host_rsa_key.pub.
[   43.856823] cloud-init[929]: The key fingerprint is:
[[0;32m  OK  [0m] Started ACPI Events Check.
[[0;32m  OK  [0m] Reached target Paths.
[   44.109219] cloud-init[929]: SHA256:9HBwAzmw2aAteno89xORBbljjyi/OavHwD8BwzwXvbg root@ubuntu-xenial
[   44.330478] cloud-init[929]: The key's randomart image is:
[   44.389337] cloud-init[929]: +---[RSA 2048]----+
[   44.405891] cloud-init[929]: |      oo+=o      |
[[0;32m  OK  [0m] Started Daily apt download activities.
[[0;32m  OK  [0m] Listening on D-Bus System Message Bus Socket.
         [   44.480332] Starting Socket activation for snappy daemon.cloud-init
[929]: |     o.==o..     |
[   44.794281] cloud-init[929]: |   oo +o+*.      |
[   44.795079] cloud-init[929]: |   .*.o.B+       |
=======
[   18.407717] cloud-init[973]: Cloud-init v. 0.7.9 running 'init' at Mon, 12 Feb 2018 17:19:03 +0000. Up 18.05 seconds.
[   18.419760] cloud-init[973]: ci-info: +++++++++++++++++++++++++++++++++++++Net device info++++++++++++++++++++++++++++++++++++++
[   18.423897] cloud-init[973]: ci-info: +--------+------+----------------------------+---------------+-------+-------------------+
[   18.452723] cloud-init[973]: ci-info: | Device |  Up  |          Address           |      Mask     | Scope |     Hw-Address    |
[   18.472575] cloud-init[973]: ci-info: +--------+------+----------------------------+---------------+-------+-------------------+
[   18.486360] cloud-init[973]: ci-info: |   lo   | True |         127.0.0.1          |   255.0.0.0   |   .   |         .         |[[0;32m  OK  [0m] Started Initial cloud-init job (metadata service crawler).

[   18.600297] [cloud-init[0;32m  OK  [0m[973]: ] ci-info: |   lo   | True |          ::1/128           |       .       |  host |         .         |Reached target Cloud-config availability.

[[0;32m  OK  [0m] Reached target System Initialization.
[[0;32m  OK  [0m] Listening on ACPID Listen Socket.
[[0;32m  OK  [0m] Started Daily Cleanup of Temporary Directories.
[   18.659956] cloud-init[973]: ci-info: | enp0s3 | True |         10.0.2.15          | 255.255.255.0 |   .   | 02:47:9b:bf:4b:b0 |
[   18.826993] [cloud-init[0;32m  OK  [0m[973]: ] ci-info: | enp0s3 | True | fe80::47:9bff:febf:4bb0/64 |       .       |  link | 02:47:9b:bf:4b:b0 |Listening on D-Bus System Message Bus Socket.

[   18.827600] cloud-init[973]: ci-info: +--------+------+----------------------------+---------------+-------+-------------------+
[   18.959104] [cloud-init[0;32m  OK  [0m[973]: ] ci-info: +++++++++++++++++++++++++++Route IPv4 info++++++++++++++++++++++++++++Started Timer to automatically refresh installed snaps.

[   18.959870] [cloud-init[0;32m  OK  [0m[973]: ] ci-info: +-------+-------------+----------+---------------+-----------+-------+Started Timer to automatically fetch and run repair assertions.

[   19.141612] cloud-init[973]: ci-info: | Route | Destination | Gateway  |    Genmask    | Interface | Flags |
[   19.444957]          cloud-initStarting LXD - unix socket.[973]: 
ci-info: +-------+-------------+----------+---------------+-----------+-------+
[   19.513675] [cloud-init[0;32m  OK  [0m[973]: ] ci-info: |   0   |   0.0.0.0   | 10.0.2.2 |    0.0.0.0    |   enp0s3  |   UG  |Listening on UUID daemon activation socket.

         Starting Socket activation for snappy daemon.
[   19.514246] cloud-init[973]: ci-info: |   1   |   10.0.2.0  | 0.0.0.0  | 255.255.255.0 |   enp0s3  |   U   |
[   19.732530] [cloud-init[0;32m  OK  [0m[973]: ] ci-info: +-------+-------------+----------+---------------+-----------+-------+Started ACPI Events Check.

[[0;32m  OK  [0m] Reached target Paths.
[[0;32m  OK  [0m] Reached target Network is Online.
[[0;32m  OK  [0m] Started Daily apt download activities.
>>>>>>> 4f5039029cd2e3fcb3c9fc1accf938275a38f83d
[[0;32m  OK  [0m] Started Daily apt upgrade and clean activities.
[   44.795526] cloud-init[929]: |  ...= +S=.      |
[[0;32m  OK  [0m] Started Timer to automatically refresh installed snaps.
[   45.113736] cloud-init[929]: |   ++ E o .      |
[   45.209457] cloud-init[929]: |  . +*.. .       |
[   45.210204] cloud-init[929]: |   . oBo.        |
[[0;32m  OK  [0m] Reached target Timers.
<<<<<<< HEAD
[   45.211020] cloud-init[929]: |    .o+=..       |
[   45.312907] cloud-init[929]: +----[SHA256]-----+
[   45.356868] cloud-init[929]: Generating public/private dsa key pair.
[   45.357632] cloud-init[929]: Your identification has been saved in /etc/ssh/ssh_host_dsa_key.
[[0;32m  OK  [0m] Listening on LXD - unix socket.
[   45.358417] cloud-init[929]: Your public key has been saved in /etc/ssh/ssh_host_dsa_key.pub.
[   45.485911] cloud-init[929]: The key fingerprint is:
[[0;32m  OK  [0m] Listening on Socket activation for snappy daemon.
[   45.572849] cloud-init[929]: SHA256:T5jyT369wfT8a80CSYuKGDg3dorzW3dFsyBlYGfhIY4 root@ubuntu-xenial
[   45.573738] [cloud-init[929]: [0;32m  OK  [0mThe key's randomart image is:] 
Started iSCSI initiator daemon (iscsid).
[   45.574606] cloud-init[929]: +---[DSA 1024]----+
[   45.697464] cloud-init[929]: |        +.B.     |
[   45.724749] cloud-init[929]: |       + B .     |
[   45.768555] cloud-init[929]: |      E o o o    |
         Starting Login to default iSCSI targets...
[   45.769318] cloud-init[929]: |         + o.o   |
[   45.844841] cloud-init[929]: |   .  . S .ooo.  |
[[   45.845519] [0;32m  OK  [0mcloud-init] [929]: Reached target Sockets.|  o = .o o..+o o |

[   45.846734] cloud-init[929]: |   = *..o.+  oo.+|
[   46.128471] cloud-init[929]: |  o o....=  . oo+|
[   46.129174] cloud-init[929]: |   oo.    o.  o+o|
[[0;32m  OK  [0m] Reached target Basic System.
[   46.129498] cloud-init[929]: +----[SHA256]-----+
[   46.297750] cloud-init[929]: Generating public/private ecdsa key pair.
[   46.337131] cloud-init[929]: Your identification has been saved in /etc/ssh/ssh_host_ecdsa_key.
         Starting Apply the settings specified in cloud-config...
[   46.340564] cloud-init[929]: Your public key has been saved in /etc/ssh/ssh_host_ecdsa_key.pub.
[   46.497977] cloud-init[929]: The key fingerprint is:
[   46.552378] cloud-init[929]: SHA256:yikHcfN24o+SlSgBJJHbENLlMWrEoLd9EuMdMyZRaWc root@ubuntu-xenial
[   46.573263] cloud-init[929]: The key's randomart image is:
[   46.621599] cloud-init[929]: +---[ECDSA 256]---+
         Starting LSB: MD monitoring daemon...
[   46.646937] cloud-init[929]: |*Oo.=...         |
[   46.692750] cloud-init[929]: |=o+o +o E        |
         Starting LXD - container startup/shutdown...
[[0;32m  OK  [0m] Started Unattended Upgrades Shutdown.
[   46.755378] cloud-init[929]: |.++.*.Bo         |
         Starting /etc/rc.local Compatibility...
[   46.817097] cloud-init[929]: |.o.+.O *         |
[   46.908524] cloud-init[929]: |  . =.o.S..      |
[   46.908796] cloud-init[929]: |    .=.=oo       |
[   46.910006] cloud-init[929]: |    ..=o.        |
[   46.910186] cloud-init[929]: |     oo  o       |
[   46.910356] cloud-init[929]: |       .. .      |
[   46.910686] cloud-init[929]: +----[SHA256]-----+
[   46.910868] cloud-init[929]: Generating public/private ed25519 key pair.
[   46.911050] cloud-init[929]: Your identification has been saved in /etc/ssh/ssh_host_ed25519_key.
[   46.911251] cloud-init[929]: Your public key has been saved in /etc/ssh/ssh_host_ed25519_key.pub.
[   46.911502] cloud-init[929]: The key fingerprint is:
[   46.911720] cloud-init[929]: SHA256:48QfiPIybbDX8UqoQwDT/akqZ71n5JZnNPWqJc4BrAc root@ubuntu-xenial
[   46.911901] cloud-init[929]: The key's randomart image is:
[   46.912080] cloud-init[929]: +--[ED25519 256]--+
[   46.912257] cloud-init[929]: | . .             |
[[0;32m  OK  [0m] Started Regular background program processing daemon.
[   46.913123] cloud-init[929]: |o . .            |
[   47.363283] cloud-init[929]: | o   . .         |
[   47.365460] cloud-init[929]: |  .  .oo ..      |
[   47.367526] cloud-init[929]: |   .E.+ S...     |
[   47.367713] cloud-init[929]: |    oO.*o= ..    |
[   47.367975] cloud-init[929]: |   +=oBo*.+.     |
[   47.368177] cloud-init[929]: |. + oB*+o=.      |
         Starting Pollinate to seed the pseudo random number generator...
[   47.370379] cloud-init[929]: | +  o* o=.       |
[[0;32m  OK  [0m] Started Deferred execution scheduler.
[   47.663564] cloud-init[929]: +----[SHA256]-----+
         Starting System Logging Service...
         Starting Snappy daemon...
         Starting LSB: Record successful boot for GRUB...
         Starting Login Service...
[[0;32m  OK  [0m] Started ACPI event daemon.
         Starting Accounts Service...
[[0;32m  OK  [0m] Started D-Bus System Message Bus.
[[0;32m  OK  [0m] Started FUSE filesystem for LXC.
[[0;32m  OK  [0m] Started System Logging Service.
[[0;32m  OK  [0m] Started Snappy daemon.
[[0;32m  OK  [0m] Started LXD - container startup/shutdown.
[[0;32m  OK  [0m] Started /etc/rc.local Compatibility.
[[0;32m  OK  [0m] Started Pollinate to seed the pseudo random number generator.
[[0;32m  OK  [0m] Started Login to default iSCSI targets.
[   48.933935] cloud-init[1032]: Generating locales (this might take a while)...
=======
         Starting iSCSI initiator daemon (iscsid)...
[[0;32m  OK  [0m] Listening on LXD - unix socket.
[[0;32m  OK  [0m] Listening on Socket activation for snappy daemon.
[[0;32m  OK  [0m] Reached target Sockets.
[[0;32m  OK  [0m] Reached target Basic System.
         Starting LSB: MD monitoring daemon...
         Starting Login Service...
         Starting vboxadd-x11.service...
         Starting Accounts Service...
         Starting Apply the settings specified in cloud-config...
[[0;32m  OK  [0m] Started ACPI event daemon.
         Starting System Logging Service...
         Starting Automatically fetch and run repair assertions...
[[0;32m  OK  [0m] Started D-Bus System Message Bus.
         Starting Snappy daemon...
         Starting LXD - container startup/shutdown...
[[0;32m  OK  [0m] Started Regular background program processing daemon.
         Starting LSB: Record successful boot for GRUB...
         Starting vboxadd.service...
         Starting /etc/rc.local Compatibility...
         Starting OpenBSD Secure Shell server...
[[0;32m  OK  [0m] Started FUSE filesystem for LXC.
[[0;32m  OK  [0m] Started Deferred execution scheduler.
[[0;32m  OK  [0m] Started Unattended Upgrades Shutdown.
[[0;32m  OK  [0m] Started System Logging Service.
[[0;32m  OK  [0m] Started Snappy daemon.
[[0;32m  OK  [0m] Started OpenBSD Secure Shell server.
[   21.176441] cloud-init[1065]: Cloud-init v. 0.7.9 running 'modules:config' at Mon, 12 Feb 2018 17:19:06 +0000. Up 20.89 seconds.
[[0;32m  OK  [0m] Started iSCSI initiator daemon (iscsid).
[[0;32m  OK  [0m] Started vboxadd-x11.service.
[[0;32m  OK  [0m] Started Apply the settings specified in cloud-config.
[[0;32m  OK  [0m] Started Automatically fetch and run repair assertions.
[[0;32m  OK  [0m] Started LXD - container startup/shutdown.
[[0;32m  OK  [0m] Started vboxadd.service.
[[0;32m  OK  [0m] Started /etc/rc.local Compatibility.
>>>>>>> 4f5039029cd2e3fcb3c9fc1accf938275a38f83d
[[0;32m  OK  [0m] Started LSB: MD monitoring daemon.
[[0;32m  OK  [0m] Started LSB: Record successful boot for GRUB.
[[0;32m  OK  [0m] Started Login Service.
         Starting Authenticate and Authorize Users to Run Privileged Tasks...
<<<<<<< HEAD
[[0;32m  OK  [0m] Reached target Remote File Systems (Pre).
[[0;32m  OK  [0m] Reached target Remote File Systems.
         Starting LSB: daemon to balance interrupts for SMP systems...
         Starting LSB: automatic crash report generation...
         Starting LSB: VirtualBox Linux Additions...
         Starting LSB: Set the CPU Frequency Scaling governor to "ondemand"...
         Starting Permit User Sessions...
         Starting OpenBSD Secure Shell server...
[[0;32m  OK  [0m] Started Permit User Sessions.
[[0;32m  OK  [0m] Started OpenBSD Secure Shell server.
[[0;32m  OK  [0m] Started Authenticate and Authorize Users to Run Privileged Tasks.
[[0;32m  OK  [0m] Started Accounts Service.
         Starting Hold until boot process finishes up...
         Starting Terminate Plymouth Boot Screen...
[[0;32m  OK  [0m] Started LSB: daemon to balance interrupts for SMP systems.
[[0;32m  OK  [0m] Started LSB: automatic crash report generation.
[[0;32m  OK  [0m] Started LSB: Set the CPU Frequency Scaling governor to "ondemand".
[[0;32m  OK  [0m] Started Hold until boot process finishes up.
[[0;32m  OK  [0m] Started LSB: VirtualBox Linux Additions.
[[0;32m  OK  [0m] Started Terminate Plymouth Boot Screen.
[[0;32m  OK  [0m] Started Getty on tty1.
         Starting Set console scheme...
=======
         Starting vboxadd-service.service...
         Starting Login to default iSCSI targets...
         Starting Auto import assertions from block devices...
[[0;32m  OK  [0m] Started vboxadd-service.service.
[[0;32m  OK  [0m] Started Auto import assertions from block devices.
[[0;32m  OK  [0m] Started Authenticate and Authorize Users to Run Privileged Tasks.
[[0;32m  OK  [0m] Started Accounts Service.
[[0;32m  OK  [0m] Started Login to default iSCSI targets.
[[0;32m  OK  [0m] Reached target Remote File Systems (Pre).
[[0;32m  OK  [0m] Reached target Remote File Systems.
         Starting LSB: automatic crash report generation...
         Starting LSB: Set the CPU Frequency Scaling governor to "ondemand"...
         Starting Permit User Sessions...
         Starting LSB: daemon to balance interrupts for SMP systems...
[[0;32m  OK  [0m] Started Permit User Sessions.
[[0;32m  OK  [0m] Started LSB: Set the CPU Frequency Scaling governor to "ondemand".
[[0;32m  OK  [0m] Started LSB: automatic crash report generation.
         Starting Terminate Plymouth Boot Screen...
         Starting Hold until boot process finishes up...
[[0;32m  OK  [0m] Started LSB: daemon to balance interrupts for SMP systems.
[[0;32m  OK  [0m] Started Terminate Plymouth Boot Screen.
[[0;32m  OK  [0m] Started Hold until boot process finishes up.
>>>>>>> 4f5039029cd2e3fcb3c9fc1accf938275a38f83d
[[0;32m  OK  [0m] Started Serial Getty on ttyS0.
[[0;32m  OK  [0m] Started Getty on tty1.
[[0;32m  OK  [0m] Reached target Login Prompts.
[[0;32m  OK  [0m] Reached target Multi-User System.
[[0;32m  OK  [0m] Reached target Graphical Interface.
         Starting Update UTMP about System Runlevel Changes...
         Starting Execute cloud user/final scripts...
[[0;32m  OK  [0m] Started Set console scheme.
[[0;32m  OK  [0m] Started Update UTMP about System Runlevel Changes.
<<<<<<< HEAD
[   51.671704] cloud-init[1032]:   en_US.UTF-8... done
[   51.693803] cloud-init[1032]: Generation complete.
[   52.430737] cloud-init[1032]: Cloud-init v. 17.1 running 'modules:config' at Sat, 10 Feb 2018 20:48:50 +0000. Up 48.23 seconds.
[[0;32m  OK  [0m] Started Apply the settings specified in cloud-config.
         Starting Execute cloud user/final scripts...
ci-info: no authorized ssh keys fingerprints found for user ubuntu.
<14>Feb 10 20:48:56 ec2: 
<14>Feb 10 20:48:56 ec2: #############################################################
<14>Feb 10 20:48:56 ec2: -----BEGIN SSH HOST KEY FINGERPRINTS-----
<14>Feb 10 20:48:56 ec2: 1024 SHA256:T5jyT369wfT8a80CSYuKGDg3dorzW3dFsyBlYGfhIY4 root@ubuntu-xenial (DSA)
<14>Feb 10 20:48:56 ec2: 256 SHA256:yikHcfN24o+SlSgBJJHbENLlMWrEoLd9EuMdMyZRaWc root@ubuntu-xenial (ECDSA)
<14>Feb 10 20:48:56 ec2: 256 SHA256:48QfiPIybbDX8UqoQwDT/akqZ71n5JZnNPWqJc4BrAc root@ubuntu-xenial (ED25519)
<14>Feb 10 20:48:56 ec2: 2048 SHA256:9HBwAzmw2aAteno89xORBbljjyi/OavHwD8BwzwXvbg root@ubuntu-xenial (RSA)
<14>Feb 10 20:48:56 ec2: -----END SSH HOST KEY FINGERPRINTS-----
<14>Feb 10 20:48:56 ec2: #############################################################
-----BEGIN SSH HOST KEY KEYS-----
ecdsa-sha2-nistp256 AAAAE2VjZHNhLXNoYTItbmlzdHAyNTYAAAAIbmlzdHAyNTYAAABBBP2ZJ2Y5uuVTNlWxaRTyujM9VPZNoIEu169xDba76fbkQa+fOUspeGytTBeSxV1gNXpTE3kjGb8bWcXjWAUaqIg= root@ubuntu-xenial
ssh-ed25519 AAAAC3NzaC1lZDI1NTE5AAAAIO0kCrd5zSlMqyFyvc/nHbHm1gT2Gt3CIVnSnbBp2L71 root@ubuntu-xenial
ssh-rsa AAAAB3NzaC1yc2EAAAADAQABAAABAQCgNm8kkwsDN0UDveqbTil/TjBiDr/BCOfPgDCXznHFtE9vZpEn5K9IKIrf7AEEyzXa4wDrbOYCTGxI6EMYM9ey9HhKIjPbOqaNAIBPhJXjbwnyMZGWL6lBDCYFqLXlQEyKVnJ+ry7wpzu5l7Fbztqysk5aGiQWTiOIaoaMvQ49YxVGPML+tdjSyVzVaOS2VWM+V2zGBziGpcdENoyPxUf6WywPXSjHSx6Hu+L/dbbtvB3WAo+BLa7eg9vnBFyDvXoTGKwC/No35o5CkztuAGi8G+SK/AljpyJJOvMyZDqzA/bdaO18JqyZM+5TOU3rT6SjjLjDDfXtOtcwIVC9Bed9 root@ubuntu-xenial
-----END SSH HOST KEY KEYS-----
[   54.831746] cloud-init[1298]: Cloud-init v. 17.1 running 'modules:final' at Sat, 10 Feb 2018 20:48:55 +0000. Up 53.33 seconds.
[   54.929024] cloud-init[1298]: ci-info: no authorized ssh keys fingerprints found for user ubuntu.
[[0;32m  OK  [0m] Started Execute cloud user/final scripts.
[   54.964672] cloud-init[1298]: Cloud-init v. 17.1 finished at Sat, 10 Feb 2018 20:48:57 +0000. Datasource DataSourceNoCloud [seed=/dev/sdb][dsmode=net].  Up 54.81 seconds
=======
[   23.083330] cloud-init[1282]: Cloud-init v. 0.7.9 running 'modules:final' at Mon, 12 Feb 2018 17:19:08 +0000. Up 22.89 seconds.
[   23.214688] cloud-init[1282]: Cloud-init v. 0.7.9 finished at Mon, 12 Feb 2018 17:19:08 +0000. Datasource DataSourceNoCloud [seed=/dev/sdb][dsmode=net].  Up 23.07 seconds
[[0;32m  OK  [0m] Started Execute cloud user/final scripts.
         Starting Daily apt download activities...
>>>>>>> 4f5039029cd2e3fcb3c9fc1accf938275a38f83d
[[0;32m  OK  [0m] Reached target Cloud-init target.

Ubuntu 16.04.3 LTS ubuntu-xenial ttyS0

ubuntu-xenial login: [  659.003004] sd 2:0:0:0: [sda] tag#2 Medium access timeout failure. Offlining disk!
[  669.282276] blk_update_request: I/O error, dev sda, sector 4602368
[  669.598368] Buffer I/O error on device sda1, logical block 575040
[  669.622899] blk_update_request: I/O error, dev sda, sector 3039112
[  669.698971] Buffer I/O error on device sda1, logical block 379648
[  669.716902] Buffer I/O error on device sda1, logical block 379649
[  669.773344] Buffer I/O error on device sda1, logical block 379650
[  669.799083] Buffer I/O error on device sda1, logical block 379651
[  669.864938] Buffer I/O error on device sda1, logical block 379652
[  669.882185] Buffer I/O error on device sda1, logical block 379653
[  669.898058] Buffer I/O error on device sda1, logical block 379654
[  669.920762] Buffer I/O error on device sda1, logical block 379655
[  669.942208] Buffer I/O error on device sda1, logical block 379656
[  669.993942] blk_update_request: I/O error, dev sda, sector 2900992
[  670.067020] blk_update_request: I/O error, dev sda, sector 3037184
[  670.085554] blk_update_request: I/O error, dev sda, sector 4602376
[  670.119540] blk_update_request: I/O error, dev sda, sector 2189952
[  670.129698] blk_update_request: I/O error, dev sda, sector 3036872
[  670.131206] sd 2:0:0:0: rejecting I/O to offline device
[  670.131829] sd 2:0:0:0: rejecting I/O to offline device
[  670.197221] blk_update_request: I/O error, dev sda, sector 3036008
[  670.206101] blk_update_request: I/O error, dev sda, sector 3035136
[  670.221638] blk_update_request: I/O error, dev sda, sector 3034856
[  670.258524] Aborting journal on device sda1-8.
[  670.293257] sd 2:0:0:0: rejecting I/O to offline device
[  670.351494] sd 2:0:0:0: rejecting I/O to offline device
[  670.351501] JBD2: Error -5 detected when updating journal superblock for sda1-8.
[  670.397525] sd 2:0:0:0: rejecting I/O to offline device
[  670.411491] EXT4-fs error (device sda1): ext4_journal_check_start:56: [  670.412011] EXT4-fs error (device sda1): ext4_journal_check_start:56: [  670.412015] EXT4-fs (sda1): Remounting filesystem read-only
[  670.412020] EXT4-fs (sda1): previous I/O error to superblock detected
[  670.412075] sd 2:0:0:0: rejecting I/O to offline device

[  726.428249] BUG: unable to handle kernel NULL pointer dereference at 00000000000000c4
[  726.614127] IP: [<ffffffff815c9282>] scsi_softirq_done+0x22/0x150
[  727.126622] PGD 800000007b38e067 PUD 7acd4067 PMD 0 
[  727.177451] Oops: 0000 [#1] SMP 
[  727.190446] Modules linked in: vboxvideo(OE) drm_kms_helper ttm drm syscopyarea sysfillrect sysimgblt fb_sys_fops vboxsf(OE) vboxguest(OE) ppdev isofs input_leds serio_raw parport_pc parport video ib_iser rdma_cm iw_cm ib_cm ib_sa ib_mad ib_core ib_addr iscsi_tcp libiscsi_tcp libiscsi scsi_transport_iscsi autofs4 btrfs raid10 raid456 async_raid6_recov async_memcpy async_pq async_xor async_tx xor raid6_pq libcrc32c raid1 raid0 multipath linear mptspi scsi_transport_spi mptscsih e1000 psmouse mptbase [last unloaded: vboxguest]
[  727.356634] CPU: 0 PID: 0 Comm: swapper/0 Tainted: G           OE   4.4.0-112-generic #135-Ubuntu
[  727.377779] Hardware name: innotek GmbH VirtualBox/VirtualBox, BIOS VirtualBox 12/01/2006
[  727.394341] task: ffffffff81e13500 ti: ffffffff81e00000 task.ti: ffffffff81e00000
[  727.400846] RIP: 0010:[<ffffffff815c9282>]  [<ffffffff815c9282>] scsi_softirq_done+0x22/0x150
[  727.405954] RSP: 0018:ffff88007fc03ed0  EFLAGS: 00010287
[  727.438791] RAX: 0000000000000018 RBX: 0000000000000000 RCX: ffff88007fc03f00
[  727.459206] RDX: ffff88007fc03f00 RSI: 0000000000200100 RDI: ffff88007babaa10
[  727.481654] RBP: ffff88007fc03ef0 R08: 0000000000000002 R09: 0000000000000000
[  727.495484] R10: 0000000100019102 R11: 000000000000a800 R12: ffffffff81e090e0
[  727.501593] R13: 0000000000001d4c R14: 0000000000000004 R15: ffffffff81e00000
[  727.532693] FS:  0000000000000000(0000) GS:ffff88007fc00000(0000) knlGS:0000000000000000
[  727.557955] CS:  0010 DS: 0000 ES: 0000 CR0: 000000008005003b
[  727.581275] CR2: 00000000000000c4 CR3: 000000007bac6000 CR4: 0000000000000670
[  727.618038] Stack:
[  727.620448]  ffff88007fc03f00 ffffffff81e090e0 0000000000000004 0000000000000004
[  727.650322]  ffff88007fc03f20 ffffffff813d46b7 ffff88007fc03f00 ffff88007fc03f00
[  727.683309]  acfde18bcfe0385a 0000000000000004 ffff88007fc03f88 ffffffff81086a61
[  727.695012] Call Trace:
[  727.709970]  <IRQ> 
[  727.725811]  [<ffffffff813d46b7>] blk_done_softirq+0x87/0xb0
[  727.738528]  [<ffffffff81086a61>] __do_softirq+0x101/0x290
[  727.763447]  [<ffffffff81086d63>] irq_exit+0xa3/0xb0
[  727.767436]  [<ffffffff810515d3>] smp_call_function_single_interrupt+0x33/0x40
[  727.781772]  [<ffffffff81847ed6>] call_function_single_interrupt+0x1a6/0x1b0
[  727.810431]  <EOI> 
[  727.818757]  [<ffffffff81064646>] ? native_safe_halt+0x6/0x10
[  727.836542]  [<ffffffff81038ede>] default_idle+0x1e/0xe0
[  727.862582]  [<ffffffff8103973f>] arch_cpu_idle+0xf/0x20
[  727.878470]  [<ffffffff810c581a>] default_idle_call+0x2a/0x40
[  727.898511]  [<ffffffff810c5b81>] cpu_startup_entry+0x2f1/0x350
[  727.921372]  [<ffffffff818390ec>] rest_init+0x7c/0x80
[  727.938499]  [<ffffffff81f63016>] start_kernel+0x486/0x4a7
[  727.953066]  [<ffffffff81f62120>] ? early_idt_handler_array+0x120/0x120
[  727.969016]  [<ffffffff81f62339>] x86_64_start_reservations+0x2a/0x2c
[  727.976643]  [<ffffffff81f62485>] x86_64_start_kernel+0x14a/0x16d
[  728.004870] Code: 2e 0f 1f 84 00 00 00 00 00 66 66 66 66 90 55 48 89 e5 41 56 41 55 41 54 53 48 8b 9f f8 00 00 00 44 8b af 50 01 00 00 48 8d 43 18 <44> 8b b3 c4 00 00 00 48 89 43 18 48 89 43 20 48 8b 03 f0 ff 80 
[  728.061219] RIP  [<ffffffff815c9282>] scsi_softirq_done+0x22/0x150
[  728.082191]  RSP <ffff88007fc03ed0>
[  728.097004] CR2: 00000000000000c4
[  728.121282] fbcon_switch: detected unhandled fb_set_par error, error code -16
[  728.138869] fbcon_switch: detected unhandled fb_set_par error, error code -16
[  728.165948] ---[ end trace c44844c82c76829c ]---
[  728.197069] Kernel panic - not syncing: Fatal exception in interrupt
[  728.216764] Kernel Offset: disabled
[  728.221532] ---[ end Kernel panic - not syncing: Fatal exception in interrupt
